******************************************************************************
                  TI ARM Linker Unix v18.1.2                   
******************************************************************************
>> Linked Wed Aug 29 18:14:01 2018

OUTPUT FILE NAME:   <tcp.out>
ENTRY POINT SYMBOL: "_c_int00"  address: 0100e425


MEMORY CONFIGURATION

         name            origin    length      used     unused   attr    fill
----------------------  --------  ---------  --------  --------  ----  --------
  FLASH_HDR             01000000   000007ff  00000000  000007ff  R  X
  FLASH                 01000800   000ff800  00010f43  000ee8bd  R  X
  SRAM                  20000000   00040000  0000b808  000347f8  RW X


SEGMENT ALLOCATION MAP

run origin  load origin   length   init length attrs members
----------  ----------- ---------- ----------- ----- -------
01000800    01000800    00010f50   00010f50    r-x
  01000800    01000800    0000003c   0000003c    r-- .resetVecs
  01000840    01000840    0000ff6a   0000ff6a    r-x .text
  010107ac    010107ac    00000d25   00000d25    r-- .const
  010114d8    010114d8    00000278   00000278    r-- .cinit
20000310    20000310    00008000   00000000    r--
  20000310    20000310    00008000   00000000    r-- .priheap
20008400    20008400    000030fc   00000000    rw-
  20008400    20008400    00002188   00000000    rw- .bss
  2000a588    2000a588    00000f74   00000000    rw- .data
2003fc00    2003fc00    00000400   00000000    rw-
  2003fc00    2003fc00    00000400   00000000    rw- .stack


SECTION ALLOCATION MAP

 output                                  attributes/
section   page    origin      length       input sections
--------  ----  ----------  ----------   ----------------
.bootVecs 
*          0    00000000    00000008     DSECT
                  00000000    00000008     boot.aem4 : boot.oem4 (.bootVecs)

.resetVecs 
*          0    01000800    0000003c     
                  01000800    0000003c     release_pem4.oem4 (.resetVecs)

.vecs      0    20000000    0000030c     NOLOAD SECTION
                  20000000    0000030c     release_pem4.oem4 (.vecs)

xdc.meta   0    00000000    00000109     COPY SECTION
                  00000000    00000109     release_pem4.oem4 (xdc.meta)

xdc.noload 
*          0    00000000    00000000     COPY SECTION

.text      0    01000840    0000ff6a     
                  01000840    00000a4a     rtsv7M4_T_le_eabi.lib : _printfi.c.obj (.text:__TI_printfi)
                  0100128a    00000002     drivers_cc32xx.aem4 : UARTCC32XX.oem4 (.text:UARTCC32XX_init)
                  0100128c    0000088c     simplelink.a : driver.obj (.text:_SlDrvMsgRead)
                  01001b18    00000460     main_thread.obj (.text:ConfigureSimpleLinkToDefaultState)
                  01001f78    0000042c     driverlib.a : prcm.obj (.text:PRCMCC3200MCUInit)
                  010023a4    0000042c     simplelink.a : sl_socket.obj (.text:_SlSocketHandleAsync_Select)
                  010027d0    00000384                  : driver.obj (.text:_SlDrvMsgWrite)
                  01002b54    00000374     main_thread.obj (.text:Network_IF_WifiSetMode)
                  01002ec8    00000358     main_thread.obj (.text:Network_IF_ConnectAP)
                  01003220    00000310     main_thread.obj (.text:DisplayAppBanner)
                  01003530    00000304     main_thread.obj (.text:Network_IF_provisionAP)
                  01003834    000002d8     simplelink.a : driver.obj (.text:_SlDrvRxHdrRead)
                  01003b0c    000002b0                  : wlan.obj (.text:sl_WlanProfileAdd)
                  01003dbc    00000298     main_thread.obj (.text:Network_IF_InitDriver)
                  01004054    0000028d     main_thread.obj (.text:SimpleLinkSockEventHandler)
                  010042e1    00000001     --HOLE-- [fill = 0]
                  010042e2    00000002     rtsv7M4_T_le_eabi.lib : _lock.c.obj (.text:_nop)
                  010042e4    0000027c     simplelink.a : wlan.obj (.text:sl_WlanConnect)
                  01004560    00000278     drivers_cc32xx.aem4 : UARTCC32XX.oem4 (.text:UARTCC32XX_open)
                  010047d8    00000268     rtsv7M4_T_le_eabi.lib : _printfi.c.obj (.text:_pconv_a)
                  01004a40    0000022c     simplelink.a : driver.obj (.text:_SlDrvWaitForPoolObj)
                  01004c6c    00000228                  : driver.obj (.text:_SlDrvReleasePoolObj)
                  01004e94    00000204                  : driver.obj (.text:_SlDrvDriverCBInit)
                  01005098    00000200     main_thread.obj (.text:initAppVariables)
                  01005298    000001f4     simplelink.a : driver.obj (.text:_SlDrvMsgReadCmdCtx)
                  0100548c    000001f2                  : netapp.obj (.text:_SlNetAppEventHandler)
                  0100567e    00000002     rtsv7M4_T_le_eabi.lib : div0.asm.obj (.text)
                  01005680    000001e1     main_thread.obj (.text:SimpleLinkFatalErrorEventHandler)
                  01005861    00000001     --HOLE-- [fill = 0]
                  01005862    00000002     release_pem4.oem4 (.text:ti_sysbios_BIOS_nullFunc__I)
                  01005864    000001e0     main_thread.obj (.text:mainThread)
                  01005a44    000001d8     main_thread.obj (.text:SimpleLinkWlanEventHandler)
                  01005c1c    000001d0     drivers_cc32xx.aem4 : SPICC32XXDMA.oem4 (.text:SPICC32XXDMA_transfer)
                  01005dec    000001cc     rtsv7M4_T_le_eabi.lib : _printfi.c.obj (.text:_pconv_g)
                  01005fb8    000001c8     drivers_cc32xx.aem4 : GPIOCC32XX.oem4 (.text:GPIO_setConfig)
                  01006180    000001b6     rtsv7M4_T_le_eabi.lib : fd_add_t2.asm.obj (.text)
                  01006336    00000002     release_pem4.oem4 (.text:xdc_runtime_Startup_reset__I)
                  01006338    00000184     simplelink.a : driver.obj (.text:_SlDrvReleaseAllActivePendingPoolObj)
                  010064bc    00000180     main_thread.obj (.text:SimpleLinkNetAppEventHandler)
                  0100663c    00000180     drivers_cc32xx.aem4 : SPICC32XXDMA.oem4 (.text:configDMA)
                  010067bc    0000017c     simplelink.a : device.obj (.text:sl_Stop)
                  01006938    00000174                  : driver.obj (.text:_SlDrvFindAndSetActiveObj)
                  01006aac    0000015c     main_thread.obj (.text:Network_IF_GetScanRTResult)
                  01006c08    00000158     dpl_cc32xx.aem4 : PowerCC32XX_tirtos.oem4 (.text:PowerCC32XX_sleepPolicy)
                  01006d60    00000158     drivers_cc32xx.aem4 : SPICC32XXDMA.oem4 (.text:SPICC32XXDMA_open)
                  01006eb8    00000150                         : PowerCC32XX.oem4 (.text:parkPins)
                  01007008    0000013c     rtsv7M4_T_le_eabi.lib : _printfi.c.obj (.text:_pconv_e)
                  01007144    00000138     simplelink.a : driver.obj (.text:_SlDrvDriverCBDeinit)
                  0100727c    00000136     rtsv7M4_T_le_eabi.lib : fd_div_t2.asm.obj (.text)
                  010073b2    00000002     --HOLE-- [fill = 0]
                  010073b4    00000130     simplelink.a : sl_socket.obj (.text:_SlDrvGetNextTimeoutValue)
                  010074e4    00000004     dpl_cc32xx.aem4 : ClockP_tirtos.oem4 (.text:ClockP_getCpuFreq)
                  010074e8    00000130     sysbios.aem4 : BIOS.obj (.text:ti_sysbios_knl_Semaphore_pend__E)
                  01007618    00000128     simplelink.a : driver.obj (.text:_SlDrvClassifyRxMsg)
                  01007740    00000124                  : driver.obj (.text:_SlDrvMsgReadSpawnCtx)
                  01007864    00000120     drivers_cc32xx.aem4 : UARTCC32XX.oem4 (.text:UARTCC32XX_close)
                  01007984    00000120     simplelink.a : driver.obj (.text:_SlDrvAsyncEventGenericHandler)
                  01007aa4    00000120     rtsv7M4_T_le_eabi.lib : _printfi.c.obj (.text:fcvt)
                  01007bc4    0000011c     simplelink.a : device.obj (.text:sl_Start)
                  01007ce0    0000011c     sysbios.aem4 : BIOS.obj (.text:xdc_runtime_Startup_startMods__I)
                  01007dfc    00000118     drivers_cc32xx.aem4 : PowerCC32XX.oem4 (.text:Power_sleep)
                  01007f14    00000114     shelltask.obj (.text:ParseNProcessCmd)
                  01008028    00000114     simplelink.a : netapp.obj (.text:_SlNetAppHandleAsync_DnsGetHostByService)
                  0100813c    00000004     dpl_cc32xx.aem4 : ClockP_tirtos.oem4 (.text:ClockP_setTimeout)
                  01008140    00000110     sysbios.aem4 : BIOS.obj (.text:ti_sysbios_knl_Task_postInit__I)
                  01008250    00000104     simplelink.a : device.obj (.text:_SlDeviceEventHandler)
                  01008354    00000104                  : driver.obj (.text:_SlDrvCmdOp)
                  01008458    00000104     sysbios.aem4 : BIOS.obj (.text:ti_sysbios_knl_Task_Instance_finalize__E)
                  0100855c    00000100     simplelink.a : driver.obj (.text:_SlDrvObjGlobalLockWaitForever)
                  0100865c    000000fc     rtsv7M4_T_le_eabi.lib : fd_mul_t2.asm.obj (.text)
                  01008758    000000f2     drivers_cc32xx.aem4 : SPICC32XXDMA.oem4 (.text:SPICC32XXDMA_transferCancel)
                  0100884a    000000ee                         : UARTCC32XX.oem4 (.text:UARTCC32XX_control)
                  01008938    000000ec     sysbios.aem4 : BIOS.obj (.text:pthread_create)
                  01008a24    00000004     dpl_cc32xx.aem4 : ClockP_tirtos.oem4 (.text:ClockP_start)
                  01008a28    000000ec     sysbios.aem4 : BIOS.obj (.text:ti_sysbios_knl_Task_Instance_init__E)
                  01008b14    000000e1     main_thread.obj (.text:DisplayUsage)
                  01008bf5    00000003     --HOLE-- [fill = 0]
                  01008bf8    000000d8     uart_terminal.obj (.text:GetCmd)
                  01008cd0    000000d8     main_thread.obj (.text:Network_IF_IpConfigGet)
                  01008da8    000000d8     simplelink.a : netapp.obj (.text:_SlNetAppHandleAsync_NetAppReceive)
                  01008e80    000000d4     main_thread.obj (.text:Network_IF_Connect2AP_static_ip)
                  01008f54    000000d0     drivers_cc32xx.aem4 : SPICC32XXDMA.oem4 (.text:SPICC32XXDMA_close)
                  01009024    000000d0     simplelink.a : netapp.obj (.text:_SlNetAppMDNSRegisterUnregisterService)
                  010090f4    000000d0     rtsv7M4_T_le_eabi.lib : s_scalbn.c.obj (.text:scalbn)
                  010091c4    00000004     dpl_cc32xx.aem4 : ClockP_tirtos.oem4 (.text:ClockP_stop)
                  010091c8    000000d0     sysbios.aem4 : BIOS.obj (.text:ti_sysbios_heaps_HeapMem_alloc__E)
                  01009298    000000cc     simplelink.a : driver.obj (.text:_SlDrvWaitForInternalAsyncEvent)
                  01009364    000000cc     shelltask.obj (.text:cmd_set_wifi)
                  01009430    000000cc     sysbios.aem4 : m3_Hwi_asm.obj (.text:ti_sysbios_family_arm_m3_Hwi_dispatch__I)
                  010094fc    000000c8     drivers_cc32xx.aem4 : SPICC32XXDMA.oem4 (.text:spiHwiFxn)
                  010095c4    000000c4                         : GPIOCC32XX.oem4 (.text:GPIO_init)
                  01009688    000000c4     simplelink.a : driver.obj (.text:_SlDrvRemoveFromList)
                  0100974c    00000004     dpl_cc32xx.aem4 : HwiP_tirtos.oem4 (.text:HwiP_clearInterrupt)
                  01009750    000000c4     sysbios.aem4 : BIOS.obj (.text:ti_sysbios_knl_Task_sleep__E)
                  01009814    000000c2     drivers_cc32xx.aem4 : UARTCC32XX.oem4 (.text:UARTCC32XX_write)
                  010098d6    00000002     --HOLE-- [fill = 0]
                  010098d8    000000c0     simplelink.a : cc_pal.obj (.text:NwpPowerOff)
                  01009998    000000c0                  : netcfg.obj (.text:sl_NetCfgGet)
                  01009a58    000000bc                  : netapp.obj (.text:_SlNetAppSendResponse)
                  01009b14    000000bc                  : wlan.obj (.text:sl_WlanProvisioning)
                  01009bd0    000000bc     sysbios.aem4 : BIOS.obj (.text:xdc_runtime_Core_createObject__I)
                  01009c8c    000000ba     drivers_cc32xx.aem4 : UARTCC32XX.oem4 (.text:UARTCC32XX_readPolling)
                  01009d46    000000ba                         : UARTCC32XX.oem4 (.text:readIsrTextBlocking)
                  01009e00    000000b8                         : UARTCC32XX.oem4 (.text:initHw)
                  01009eb8    000000b8     simplelink.a : device.obj (.text:sl_DeviceGet)
                  01009f70    000000b4                  : driver.obj (.text:_SlDrvHandleFatalError)
                  0100a024    000000b4     drivers_cc32xx.aem4 : PowerCC32XX.oem4 (.text:restoreParkedPins)
                  0100a0d8    000000b1     rtsv7M4_T_le_eabi.lib : _printfi.c.obj (.text:_ltostr)
                  0100a189    00000003     --HOLE-- [fill = 0]
                  0100a18c    000000b0     simplelink.a : device.obj (.text:_SlDeviceHandleAsync_InitComplete)
                  0100a23c    000000b0                  : driver.obj (.text:_SlSpawnMsgListInsert)
                  0100a2ec    000000ae     drivers_cc32xx.aem4 : UARTCC32XX.oem4 (.text:readIsrTextCallback)
                  0100a39a    00000002     --HOLE-- [fill = 0]
                  0100a39c    000000aa     uart_terminal.obj (.text:Report)
                  0100a446    000000aa     drivers_cc32xx.aem4 : UARTCC32XX.oem4 (.text:readTaskBlocking)
                  0100a4f0    000000a8     driverlib.a : prcm.obj (.text:PRCMPeripheralClockGet)
                  0100a598    000000a8     drivers_cc32xx.aem4 : PowerCC32XX.oem4 (.text:PowerCC32XX_configureWakeup)
                  0100a640    000000a8                         : UARTCC32XX.oem4 (.text:readTaskCallback)
                  0100a6e8    000000a4     main_thread.obj (.text:Network_IF_Connect2AP)
                  0100a78c    000000a4     shelltask.obj (.text:ShellTask)
                  0100a830    000000a4     sysbios.aem4 : BIOS.obj (.text:ti_sysbios_knl_Task_setPri__E)
                  0100a8d4    000000a2     drivers_cc32xx.aem4 : UARTCC32XX.oem4 (.text:writeData)
                  0100a976    00000002     --HOLE-- [fill = 0]
                  0100a978    000000a0     simplelink.a : sl_socket.obj (.text:_SlSocketHandleAsync_StartTLS)
                  0100aa18    000000a0                  : driver.obj (.text:_SlSpawnMsgListProcess)
                  0100aab8    000000a0     auto_init.aem4 : auto_init.oem4 (.text)
                  0100ab58    0000009e     simplelink.a : cc_pal.obj (.text:spi_Read)
                  0100abf6    0000009e                  : cc_pal.obj (.text:spi_Write)
                  0100ac94    00000004     dpl_cc32xx.aem4 : HwiP_tirtos.oem4 (.text:HwiP_disable)
                  0100ac98    0000009c     sysbios.aem4 : BIOS.obj (.text:_pthread_removeThreadKeys)
                  0100ad34    0000009c     rtsv7M4_T_le_eabi.lib : memcpy_t2.asm.obj (.text)
                  0100add0    00000098     uart_terminal.obj (.text:TrimSpace)
                  0100ae68    00000098     simplelink.a : netutil.obj (.text:_SlNetUtilHandleAsync_Cmd)
                  0100af00    00000098     drivers_cc32xx.aem4 : GPIOCC32XX.oem4 (.text:powerNotifyFxn)
                  0100af98    00000098     sysbios.aem4 : BIOS.obj (.text:ti_sysbios_family_arm_m3_Hwi_Instance_init__E)
                  0100b030    00000096     rtsv7M4_T_le_eabi.lib : ull_div_t2.asm.obj (.text)
                  0100b0c6    00000002     --HOLE-- [fill = 0]
                  0100b0c8    00000094     drivers_cc32xx.aem4 : SPICC32XXDMA.oem4 (.text:initHw)
                  0100b15c    00000094     simplelink.a : wlan.obj (.text:sl_WlanGetNetworkList)
                  0100b1f0    00000094     sysbios.aem4 : BIOS.obj (.text:ti_sysbios_knl_Task_exit__E)
                  0100b284    00000090     simplelink.a : netapp.obj (.text:_SlNetAppHandleAsync_DnsGetHostByName)
                  0100b314    00000090                  : netapp.obj (.text:_SlNetAppHandleAsync_PingResponse)
                  0100b3a4    00000090     drivers_cc32xx.aem4 : PowerCC32XX.oem4 (.text:restoreNVICRegs)
                  0100b434    00000004     dpl_cc32xx.aem4 : HwiP_tirtos.oem4 (.text:HwiP_disableInterrupt)
                  0100b438    00000090     sysbios.aem4 : BIOS.obj (.text:ti_sysbios_knl_Task_Module_startup__E)
                  0100b4c8    00000090                  : BIOS.obj (.text:ti_sysbios_knl_Task_schedule__I)
                  0100b558    00000090                  : BIOS.obj (.text:ti_sysbios_knl_Task_startCore__E)
                  0100b5e8    0000008e     drivers_cc32xx.aem4 : UARTCC32XX.oem4 (.text:readIsrBinaryBlocking)
                  0100b676    00000002     --HOLE-- [fill = 0]
                  0100b678    0000008c     simplelink.a : driver.obj (.text:_SlDrvDriverIsApiAllowed)
                  0100b704    00000004     dpl_cc32xx.aem4 : HwiP_tirtos.oem4 (.text:HwiP_enableInterrupt)
                  0100b708    0000008c     sysbios.aem4 : BIOS.obj (.text:xdc_runtime_Memory_alloc__E)
                  0100b794    00000088     driverlib.a : pin.obj (.text:PinConfigSet)
                  0100b81c    00000004     drivers_cc32xx.aem4 : SPICC32XXDMA.oem4 (.text:SPICC32XXDMA_init)
                  0100b820    00000088     sysbios.aem4 : BIOS.obj (.text:ti_sysbios_family_arm_m3_Hwi_initNVIC__E)
                  0100b8a8    00000086     simplelink.a : driver.obj (.text:_SlDrvIsTimeoutExpired)
                  0100b92e    00000086     rtsv7M4_T_le_eabi.lib : fd_cmp_t2.asm.obj (.text:__aeabi_cdcmple)
                  0100b9b4    00000086                           : fd_cmp_t2.asm.obj (.text:__aeabi_cdrcmple)
                  0100ba3a    00000006     drivers_cc32xx.aem4 : SPICC32XXDMA.oem4 (.text:SPICC32XXDMA_control)
                  0100ba40    00000086     sysbios.aem4 : BIOS.obj (.text:xdc_runtime_Core_constructObject__I)
                  0100bac6    00000002     --HOLE-- [fill = 0]
                  0100bac8    00000084     driverlib.a : prcm.obj (.text:PRCMHibernateIntervalSet)
                  0100bb4c    00000084     drivers_cc32xx.aem4 : PowerCC32XX.oem4 (.text:Power_init)
                  0100bbd0    00000084     simplelink.a : sl_socket.obj (.text:_SlSocketHandleAsync_Close)
                  0100bc54    00000084                  : sl_socket.obj (.text:_SlSocketHandleAsync_Connect)
                  0100bcd8    00000084     drivers_cc32xx.aem4 : PowerCC32XX.oem4 (.text:saveNVICRegs)
                  0100bd5c    00000084     simplelink.a : netcfg.obj (.text:sl_NetCfgSet)
                  0100bde0    00000084                  : wlan.obj (.text:sl_WlanSet)
                  0100be64    00000004     dpl_cc32xx.aem4 : SemaphoreP_tirtos.oem4 (.text:SemaphoreP_post)
                  0100be68    00000084     sysbios.aem4 : BIOS.obj (.text:ti_sysbios_family_arm_m3_Hwi_postInit__I)
                  0100beec    00000004     release_pem4.oem4 (.text:ti_sysbios_BIOS_RtsGateProxy_enter__E)
                  0100bef0    00000084     sysbios.aem4 : BIOS.obj (.text:ti_sysbios_heaps_HeapMem_free__E)
                  0100bf74    00000082     xmlcreate.obj (.text:write_xml_string)
                  0100bff6    00000002     --HOLE-- [fill = 0]
                  0100bff8    00000080     drivers_cc32xx.aem4 : PowerCC32XX.oem4 (.text:Power_setDependency)
                  0100c078    00000080                         : UARTCC32XX.oem4 (.text:readIsrBinaryCallback)
                  0100c0f8    0000007c                         : UDMACC32XX.oem4 (.text:UDMACC32XX_open)
                  0100c174    0000007c     main_thread.obj (.text:sec_string_to_num)
                  0100c1f0    0000007c     simplelink.a : wlan.obj (.text:sl_WlanPolicySet)
                  0100c26c    0000007a     rtsv7M4_T_le_eabi.lib : memset_t2.asm.obj (.text)
                  0100c2e6    00000002     --HOLE-- [fill = 0]
                  0100c2e8    00000078     drivers_cc32xx.aem4 : GPIOCC32XX.oem4 (.text:GPIO_hwiIntFxn)
                  0100c360    00000078     sysbios.aem4 : BIOS.obj (.text:_pthread_runStub)
                  0100c3d8    00000074     drivers_cc32xx.aem4 : UARTCC32XX.oem4 (.text:UARTCC32XX_hwiIntFxn)
                  0100c44c    00000004     release_pem4.oem4 (.text:ti_sysbios_BIOS_RtsGateProxy_leave__E)
                  0100c450    00000074     sysbios.aem4 : BIOS.obj (.text:xdc_runtime_Core_deleteObject__I)
                  0100c4c4    00000070     simplelink.a : driver.obj (.text:_SlDrvCmdSend_noLock)
                  0100c534    00000004     release_pem4.oem4 (.text:ti_sysbios_family_arm_m3_Hwi_delete)
                  0100c538    00000070     sysbios.aem4 : BIOS.obj (.text:acquireMutexNone$45)
                  0100c5a8    00000070                  : BIOS.obj (.text:ti_sysbios_heaps_HeapMem_initPrimary__I)
                  0100c618    00000070                  : BIOS.obj (.text:ti_sysbios_knl_Clock_workFunc__E)
                  0100c688    0000006e     rtsv7M4_T_le_eabi.lib : _printfi.c.obj (.text:_mcpy)
                  0100c6f6    00000002     --HOLE-- [fill = 0]
                  0100c6f8    0000006c     simplelink.a : device.obj (.text:_SlDeviceHandleResetRequestInternally)
                  0100c764    0000006c                  : netapp.obj (.text:_SlNetAppSendTokenValue)
                  0100c7d0    0000006c     sysbios.aem4 : BIOS.obj (.text:pthread_exit)
                  0100c83c    00000004     release_pem4.oem4 (.text:ti_sysbios_family_arm_m3_TaskSupport_Module__startupDone__S)
                  0100c840    0000006c     sysbios.aem4 : BIOS.obj (.text:ti_sysbios_knl_Swi_restoreHwi__E)
                  0100c8ac    00000068     simplelink.a : device.obj (.text:_SlDeviceHandleAsync_Stop)
                  0100c914    00000068                  : sl_socket.obj (.text:_SlSocketHandleAsync_Accept)
                  0100c97c    00000068     rtsv7M4_T_le_eabi.lib : copy_decompress_lzss.c.obj (.text:decompress:lzss:__TI_decompress_lzss)
                  0100c9e4    00000068     main_tirtos.obj (.text:main)
                  0100ca4c    00000068     simplelink.a : cc_pal.obj (.text:spi_Open)
                  0100cab4    00000066     drivers_cc32xx.aem4 : UARTCC32XX.oem4 (.text:UARTCC32XX_writeCancel)
                  0100cb1a    00000002     --HOLE-- [fill = 0]
                  0100cb1c    00000064                         : PowerCC32XX.oem4 (.text:PowerCC32XX_setParkState)
                  0100cb80    00000064     osi_posix.obj (.text:osi_ThreadCreate)
                  0100cbe4    00000004     release_pem4.oem4 (.text:ti_sysbios_heaps_HeapMem_Module_GateProxy_enter__E)
                  0100cbe8    00000064     sysbios.aem4 : BIOS.obj (.text:ti_sysbios_family_arm_m3_Hwi_dispatchC__I)
                  0100cc4c    00000062     drivers_cc32xx.aem4 : UARTCC32XX.oem4 (.text:UARTCC32XX_writePolling)
                  0100ccae    00000002     --HOLE-- [fill = 0]
                  0100ccb0    00000060     driverlib.a : prcm.obj (.text:PRCMSysResetCauseGet)
                  0100cd10    00000060     simplelink.a : driver.obj (.text:_SlDrvProtectAsyncRespSetting)
                  0100cd70    00000060     sysbios.aem4 : BIOS.obj (.text:ti_sysbios_knl_Semaphore_post__E)
                  0100cdd0    00000060                  : BIOS.obj (.text:ti_sysbios_knl_Swi_run__I)
                  0100ce30    0000005c     simplelink.a : spawn.obj (.text:_SlInternalSpawn)
                  0100ce8c    0000005c     rtsv7M4_T_le_eabi.lib : s_frexp.c.obj (.text:frexp)
                  0100cee8    0000005c     sysbios.aem4 : BIOS.obj (.text:ti_sysbios_family_arm_m3_Timer_start__E)
                  0100cf44    00000004     release_pem4.oem4 (.text:ti_sysbios_heaps_HeapMem_Module_GateProxy_leave__E)
                  0100cf48    0000005c     sysbios.aem4 : BIOS.obj (.text:ti_sysbios_knl_Swi_schedule__I)
                  0100cfa4    00000004     release_pem4.oem4 (.text:ti_sysbios_knl_Clock_TimerProxy_getMaxTicks__E)
                  0100cfa8    0000005c     sysbios.aem4 : BIOS.obj (.text:ti_sysbios_knl_Task_unblockI__E)
                  0100d004    00000004     release_pem4.oem4 (.text:ti_sysbios_knl_Clock_TimerProxy_setPeriodMicroSecs__E)
                  0100d008    0000005c     sysbios.aem4 : BIOS.obj (.text:xdc_runtime_Startup_exec__E)
                  0100d064    00000058     drivers_cc32xx.aem4 : GPIOCC32XX.oem4 (.text:GPIO_setCallback)
                  0100d0bc    00000058                         : GPIOCC32XX.oem4 (.text:GPIO_write)
                  0100d114    00000058     driverlib.a : prcm.obj (.text:PRCMPeripheralReset)
                  0100d16c    00000058     drivers_cc32xx.aem4 : PowerCC32XX.oem4 (.text:Power_releaseDependency)
                  0100d1c4    00000058     simplelink.a : sl_socket.obj (.text:_SlDrvClearCtrlSocket)
                  0100d21c    00000004     release_pem4.oem4 (.text:ti_sysbios_knl_Clock_TimerProxy_start__E)
                  0100d220    00000058     sysbios.aem4 : BIOS.obj (.text:pthread_mutex_init)
                  0100d278    00000058                  : BIOS.obj (.text:ti_sysbios_family_arm_cc32xx_Seconds_getCount__I)
                  0100d2d0    00000056     rtsv7M4_T_le_eabi.lib : _printfi.c.obj (.text:_pconv_f)
                  0100d326    00000002     --HOLE-- [fill = 0]
                  0100d328    00000056     xmlcreate.obj (.text:mxmlEntityGetName)
                  0100d37e    00000002     --HOLE-- [fill = 0]
                  0100d380    00000054     uart_terminal.obj (.text:InitTerm)
                  0100d3d4    00000054     simplelink.a : driver.obj (.text:_SlDrvRxIrqHandler)
                  0100d428    00000054     rtsv7M4_T_le_eabi.lib : ltoa.c.obj (.text:ltoa)
                  0100d47c    00000054     release_pem4.oem4 (.text:ti_sysbios_family_arm_m3_Hwi_create)
                  0100d4d0    00000054     sysbios.aem4 : BIOS.obj (.text:ti_sysbios_family_arm_m3_Timer_setPeriod__E)
                  0100d524    00000004     release_pem4.oem4 (.text:ti_sysbios_knl_Clock_TimerProxy_stop__E)
                  0100d528    00000054     sysbios.aem4 : BIOS.obj (.text:xdc_runtime_Core_assignLabel__I)
                  0100d57c    00000052     drivers_cc32xx.aem4 : PowerCC32XX.oem4 (.text:PowerCC32XX_parkPin)
                  0100d5ce    00000052                         : PowerCC32XX_asm.oem4 (.text:PowerCC32XX_resumeLPDS)
                  0100d620    00000052     rtsv7M4_T_le_eabi.lib : _printfi.c.obj (.text:_ecpy)
                  0100d672    00000002     --HOLE-- [fill = 0]
                  0100d674    00000050     dpl_cc32xx.aem4 : ClockP_tirtos.oem4 (.text:ClockP_create)
                  0100d6c4    00000050     simplelink.a : cc_pal.obj (.text:NwpRegisterInterruptHandler)
                  0100d714    00000050                  : driver.obj (.text:_SlDrvCmdSend_noWait)
                  0100d764    00000050                  : spawn.obj (.text:_SlInternalSpawnTaskEntry)
                  0100d7b4    00000050                  : eventreg.obj (.text:_SlNetAppHttpServerHdlr)
                  0100d804    00000050                  : eventreg.obj (.text:_SlNetAppRequestHdlr)
                  0100d854    00000004     release_pem4.oem4 (.text:ti_sysbios_knl_Clock_delete)
                  0100d858    00000050     sysbios.aem4 : BIOS.obj (.text:ti_sysbios_family_arm_m3_Hwi_Module_startup__E)
                  0100d8a8    00000050                  : BIOS.obj (.text:ti_sysbios_knl_Clock_Instance_init__E)
                  0100d8f8    00000050     release_pem4.oem4 (.text:ti_sysbios_knl_Task_create)
                  0100d948    0000004c     drivers_cc32xx.aem4 : GPIOCC32XX.oem4 (.text:GPIO_enableInt)
                  0100d994    0000004c     simplelink.a : cc_pal.obj (.text:NwpWaitForShutDownInd)
                  0100d9e0    0000004c     rtsv7M4_T_le_eabi.lib : atoi.c.obj (.text:atoi)
                  0100da2c    0000004c                           : cpy_tbl.c.obj (.text:copy_in)
                  0100da78    0000004c     drivers_cc32xx.aem4 : PowerCC32XX.oem4 (.text:restorePeriphClocks)
                  0100dac4    0000004c     simplelink.a : netapp.obj (.text:sl_NetAppMDNSUnRegisterService)
                  0100db10    0000004c                  : wlan.obj (.text:sl_WlanProfileDel)
                  0100db5c    0000004c                  : wlan.obj (.text:sl_WlanSetMode)
                  0100dba8    0000004c     sysbios.aem4 : m3_TaskSupport_asm.obj (.text:ti_sysbios_family_arm_m3_TaskSupport_buildTaskStack)
                  0100dbf4    00000004     release_pem4.oem4 (.text:ti_sysbios_knl_Semaphore_delete)
                  0100dbf8    0000004c     sysbios.aem4 : BIOS.obj (.text:ti_sysbios_heaps_HeapMem_getStats__E)
                  0100dc44    00000004     release_pem4.oem4 (.text:ti_sysbios_knl_Task_delete)
                  0100dc48    0000004c     sysbios.aem4 : BIOS.obj (.text:ti_sysbios_knl_Swi_runLoop__I)
                  0100dc94    00000004     release_pem4.oem4 (.text:xdc_runtime_System_Module_GateProxy_enter__E)
                  0100dc98    0000004c     sysbios.aem4 : BIOS.obj (.text:ti_sysbios_knl_Task_allBlockedFunction__I)
                  0100dce4    00000048     driverlib.a : flash.obj (.text:FlashDisable)
                  0100dd2c    00000048                 : prcm.obj (.text:PRCMHibernateWakeupSourceEnable)
                  0100dd74    00000048                 : prcm.obj (.text:PRCMLPDSEnter)
                  0100ddbc    00000048                 : prcm.obj (.text:PRCMPeripheralClkEnable)
                  0100de04    00000048     drivers_cc32xx.aem4 : PowerCC32XX.oem4 (.text:Power_releaseConstraint)
                  0100de4c    00000048     simplelink.a : eventreg.obj (.text:_SlDeviceFatalErrorEvtHdlr)
                  0100de94    00000048                  : eventreg.obj (.text:_SlDeviceGeneralEvtHdlr)
                  0100dedc    00000048                  : driver.obj (.text:_SlDrvBasicCmd)
                  0100df24    00000048                  : driver.obj (.text:_SlDrvSyncObjWaitTimeout)
                  0100df6c    00000048                  : eventreg.obj (.text:_SlNetAppEvtHdlr)
                  0100dfb4    00000048                  : eventreg.obj (.text:_SlNetAppRequestMemFree)
                  0100dffc    00000048                  : eventreg.obj (.text:_SlSockEvtHdlr)
                  0100e044    00000048                  : eventreg.obj (.text:_SlWlanEvtHdlr)
                  0100e08c    00000048     rtsv7M4_T_le_eabi.lib : fd_toi_t2.asm.obj (.text)
                  0100e0d4    00000004     release_pem4.oem4 (.text:xdc_runtime_System_Module_GateProxy_leave__E)
                  0100e0d8    00000048     sysbios.aem4 : BIOS.obj (.text:ti_sysbios_family_arm_m3_Hwi_disableInterrupt__E)
                  0100e120    00000048                  : BIOS.obj (.text:ti_sysbios_family_arm_m3_Hwi_enableInterrupt__E)
                  0100e168    00000048                  : m3_Hwi_asm_switch.obj (.text:ti_sysbios_family_arm_m3_Hwi_initStacks__E)
                  0100e1b0    00000048                  : BIOS.obj (.text:ti_sysbios_family_arm_m3_Timer_initDevice__I)
                  0100e1f8    00000048                  : BIOS.obj (.text:ti_sysbios_knl_Mailbox_Module_startup__E)
                  0100e240    00000048                  : BIOS.obj (.text:xdc_runtime_Core_assignParams__I)
                  0100e288    00000046     drivers_cc32xx.aem4 : RingBuf.oem4 (.text:RingBuf_put)
                  0100e2ce    00000002     --HOLE-- [fill = 0]
                  0100e2d0    00000044     driverlib.a : prcm.obj (.text:PRCMLPDSRestoreInfoSet)
                  0100e314    00000044     drivers_cc32xx.aem4 : PowerCC32XX_asm.oem4 (.text:PowerCC32XX_enterLPDS)
                  0100e358    00000044                         : SPI.oem4 (.text:SPI_init)
                  0100e39c    00000044                         : UART.oem4 (.text:UART_init)
                  0100e3e0    00000044     simplelink.a : spawn.obj (.text:_SlInternalSpawnWaitForEvent)
                  0100e424    00000044     boot.aem4 : boot.oem4 (.text)
                  0100e468    00000044     sysbios.aem4 : BIOS.obj (.text:ti_sysbios_family_arm_m3_Hwi_getStackInfo__E)
                  0100e4ac    00000004     --HOLE-- [fill = 0]
                  0100e4b0    00000044                  : BIOS.obj (.text:ti_sysbios_knl_Mailbox_postInit__I)
                  0100e4f4    00000004     --HOLE-- [fill = 0]
                  0100e4f8    00000044                  : BIOS.obj (.text:ti_sysbios_knl_Swi_post__E)
                  0100e53c    00000004     --HOLE-- [fill = 0]
                  0100e540    00000044                  : BIOS.obj (.text:xdc_runtime_System_atexit__E)
                  0100e584    00000040     simplelink.a : sl_socket.obj (.text:CountSetBits)
                  0100e5c4    00000040     dpl_cc32xx.aem4 : HwiP_tirtos.oem4 (.text:HwiP_create)
                  0100e604    00000040     main_thread.obj (.text:InitializeAppVariables)
                  0100e644    00000040     driverlib.a : pin.obj (.text:PinModeSet)
                  0100e684    00000040     drivers_cc32xx.aem4 : RingBuf.oem4 (.text:RingBuf_get)
                  0100e6c4    00000040     main_thread.obj (.text:SimpleLinkGeneralEventHandler)
                  0100e704    00000040     drivers_cc32xx.aem4 : UARTCC32XX.oem4 (.text:UARTCC32XX_read)
                  0100e744    00000040                         : UDMACC32XX.oem4 (.text:UDMACC32XX_init)
                  0100e784    00000040     simplelink.a : driver.obj (.text:_SlDrvGlobalObjUnLock)
                  0100e7c4    00000040                  : driver.obj (.text:_SlFindAndReleasePendingCmd)
                  0100e804    00000040                  : eventreg.obj (.text:_SlIsEventRegistered)
                  0100e844    00000040                  : driver.obj (.text:_SlSpawnMsgListGetCount)
                  0100e884    00000040     rtsv7M4_T_le_eabi.lib : sprintf.c.obj (.text:sprintf)
                  0100e8c4    00000040                           : strtok.c.obj (.text:strtok)
                  0100e904    00000004     --HOLE-- [fill = 0]
                  0100e908    00000040     sysbios.aem4 : BIOS.obj (.text:ti_sysbios_family_arm_cc32xx_Seconds_set__E)
                  0100e948    00000040                  : BIOS.obj (.text:ti_sysbios_heaps_HeapMem_Instance_init__E)
                  0100e988    00000040     rtsv7M4_T_le_eabi.lib : vsnprintf.c.obj (.text:vsnprintf)
                  0100e9c8    0000003e                           : _printfi.c.obj (.text:_fcpy)
                  0100ea06    0000003e     release_pem4.oem4 (.text:realloc)
                  0100ea44    0000003c     main_thread.obj (.text:Network_IF_DisconnectFromAP)
                  0100ea80    0000003c     drivers_cc32xx.aem4 : PowerCC32XX.oem4 (.text:Power_setConstraint)
                  0100eabc    0000003c                         : SPI.oem4 (.text:SPI_open)
                  0100eaf8    0000003c     dpl_cc32xx.aem4 : SemaphoreP_tirtos.oem4 (.text:SemaphoreP_create)
                  0100eb34    0000003c     drivers_cc32xx.aem4 : UART.oem4 (.text:UART_open)
                  0100eb70    0000003c     simplelink.a : netapp.obj (.text:_SlNetAppCopyPingResultsToReport)
                  0100ebac    0000003c     dpl_cc32xx.aem4 : PowerCC32XX_tirtos.oem4 (.text:getCountsRTC)
                  0100ebe8    0000003c     sysbios.aem4 : BIOS.obj (.text:pthread_mutex_unlock)
                  0100ec24    00000004     --HOLE-- [fill = 0]
                  0100ec28    0000003c                  : BIOS.obj (.text:ti_sysbios_family_arm_m3_Hwi_Instance_finalize__E)
                  0100ec64    00000004     --HOLE-- [fill = 0]
                  0100ec68    0000003c                  : BIOS.obj (.text:ti_sysbios_family_arm_m3_Timer_setPeriodMicroSecs__E)
                  0100eca4    0000003c     release_pem4.oem4 (.text:ti_sysbios_knl_Clock_create)
                  0100ece0    0000003c     sysbios.aem4 : BIOS.obj (.text:ti_sysbios_knl_Clock_walkQueuePeriodic__E)
                  0100ed1c    00000004     --HOLE-- [fill = 0]
                  0100ed20    0000003c                  : BIOS.obj (.text:ti_sysbios_knl_Swi_restore__E)
                  0100ed5c    00000004     --HOLE-- [fill = 0]
                  0100ed60    0000003c                  : BIOS.obj (.text:xdc_runtime_System_processAtExit__E)
                  0100ed9c    00000038     driverlib.a : prcm.obj (.text:PRCMLPDSEnterKeepDebugIf)
                  0100edd4    00000004     --HOLE-- [fill = 0]
                  0100edd8    00000038     sysbios.aem4 : BIOS.obj (.text:clock_settime)
                  0100ee10    00000038     drivers_cc32xx.aem4 : PowerCC32XX.oem4 (.text:notify)
                  0100ee48    00000038     sysbios.aem4 : BIOS.obj (.text:ti_sysbios_knl_Task_processVitalTaskFlag__I)
                  0100ee80    00000038                  : BIOS.obj (.text:usleep)
                  0100eeb8    00000037     main_thread.obj (.text:Network_IF_DeInitDriver)
                  0100eeef    00000001     --HOLE-- [fill = 0]
                  0100eef0    00000036     drivers_cc32xx.aem4 : PowerCC32XX.oem4 (.text:PowerCC32XX_restoreParkedPin)
                  0100ef26    00000036                         : UARTCC32XX.oem4 (.text:UARTCC32XX_readCancel)
                  0100ef5c    00000036     rtsv7M4_T_le_eabi.lib : strncpy.c.obj (.text:strncpy)
                  0100ef92    00000002     --HOLE-- [fill = 0]
                  0100ef94    00000034     driverlib.a : pin.obj (.text:PinModeGet)
                  0100efc8    00000034     drivers_cc32xx.aem4 : PowerCC32XX.oem4 (.text:PowerCC32XX_restoreParkState)
                  0100effc    00000034                         : UDMACC32XX.oem4 (.text:UDMACC32XX_close)
                  0100f030    00000034     sysbios.aem4 : BIOS.obj (.text:_pthread_delete$41)
                  0100f064    00000034     rtsv7M4_T_le_eabi.lib : strstr.c.obj (.text:strstr)
                  0100f098    00000034     sysbios.aem4 : BIOS.obj (.text:ti_sysbios_family_arm_m3_Timer_periodicStub__I)
                  0100f0cc    00000034     release_pem4.oem4 (.text:ti_sysbios_knl_Semaphore_create)
                  0100f100    00000032     sysbios.aem4 : BIOS.obj (.text:ti_sysbios_hal_Hwi_initStack)
                  0100f132    00000006     driverlib.a : utils.obj (.text:UtilsDelay)
                  0100f138    00000032     sysbios.aem4 : BIOS.obj (.text:ti_sysbios_knl_Semaphore_pendTimeout__I)
                  0100f16a    00000002     --HOLE-- [fill = 0]
                  0100f16c    00000030     simplelink.a : driver.obj (.text:_SlDrvSyncObjWaitForever)
                  0100f19c    00000030     rtsv7M4_T_le_eabi.lib : vsnprintf.c.obj (.text:_outs)
                  0100f1cc    00000030     main_thread.obj (.text:printBorder)
                  0100f1fc    00000004     --HOLE-- [fill = 0]
                  0100f200    00000030     sysbios.aem4 : BIOS.obj (.text:pthread_setcancelstate)
                  0100f230    00000030     main_thread.obj (.text:system_reboot)
                  0100f260    00000030     release_pem4.oem4 (.text:ti_sysbios_BIOS_atExitFunc__I)
                  0100f290    00000030     release_pem4.oem4 (.text:ti_sysbios_BIOS_startFunc__I)
                  0100f2c0    00000030     sysbios.aem4 : BIOS.obj (.text:ti_sysbios_family_arm_m3_TaskSupport_start__E)
                  0100f2f0    00000030     release_pem4.oem4 (.text:ti_sysbios_gates_GateHwi_Object__create__S)
                  0100f320    00000030     release_pem4.oem4 (.text:ti_sysbios_gates_GateMutex_Object__create__S)
                  0100f350    00000030     sysbios.aem4 : BIOS.obj (.text:ti_sysbios_gates_GateMutex_enter__E)
                  0100f380    00000030     release_pem4.oem4 (.text:ti_sysbios_heaps_HeapMem_Object__create__S)
                  0100f3b0    00000030     release_pem4.oem4 (.text:ti_sysbios_knl_Semaphore_construct)
                  0100f3e0    0000002e     simplelink.a : cc_pal.obj (.text:Mutex_create_handle)
                  0100f40e    0000002e     rtsv7M4_T_le_eabi.lib : i_tofd_t2.asm.obj (.text)
                  0100f43c    0000002e     release_pem4.oem4 (.text:ti_sysbios_rts_gnu_MemAlloc_alloc)
                  0100f46a    00000002     --HOLE-- [fill = 0]
                  0100f46c    0000002c     simplelink.a : cc_pal.obj (.text:NwpPowerOn)
                  0100f498    0000002c     drivers_cc32xx.aem4 : PowerCC32XX.oem4 (.text:PowerCC32XX_getParkState)
                  0100f4c4    0000002c     dpl_cc32xx.aem4 : SemaphoreP_tirtos.oem4 (.text:SemaphoreP_createBinary)
                  0100f4f0    0000002c     simplelink.a : cc_pal.obj (.text:Semaphore_create_handle)
                  0100f51c    00000004     --HOLE-- [fill = 0]
                  0100f520    0000002c     sysbios.aem4 : BIOS.obj (.text:_pthread_cleanupFxn)
                  0100f54c    0000002c     release_pem4.oem4 (.text:ti_sysbios_knl_Clock_doTick__I)
                  0100f578    0000002c     release_pem4.oem4 (.text:ti_sysbios_knl_Queue_construct)
                  0100f5a4    00000004     --HOLE-- [fill = 0]
                  0100f5a8    0000002c     sysbios.aem4 : BIOS.obj (.text:ti_sysbios_knl_Task_restore__E)
                  0100f5d4    00000004     --HOLE-- [fill = 0]
                  0100f5d8    0000002a                  : BIOS.obj (.text:sem_init)
                  0100f602    0000002a     rtsv7M4_T_le_eabi.lib : strspn.c.obj (.text:strspn)
                  0100f62c    00000028     driverlib.a : prcm.obj (.text:PRCMPeripheralClkDisable)
                  0100f654    00000028     dpl_cc32xx.aem4 : PowerCC32XX_tirtos.oem4 (.text:PowerCC32XX_initPolicy)
                  0100f67c    00000028     drivers_cc32xx.aem4 : PowerCC32XX.oem4 (.text:Power_registerNotify)
                  0100f6a4    00000028     simplelink.a : driver.obj (.text:_SlDrvUpdateApiInProgress)
                  0100f6cc    00000028                  : flowcont.obj (.text:_SlFlowContSet)
                  0100f6f4    00000004     --HOLE-- [fill = 0]
                  0100f6f8    00000028     sysbios.aem4 : BIOS.obj (.text:ti_sysbios_knl_Clock_addI__E)
                  0100f720    00000028                  : BIOS.obj (.text:ti_sysbios_knl_Swi_Module_startup__E)
                  0100f748    00000026     drivers_cc32xx.aem4 : List.oem4 (.text:List_put)
                  0100f76e    00000026                         : List.oem4 (.text:List_remove)
                  0100f794    00000024     simplelink.a : driver.obj (.text:_SlDrvIsApiInProgress)
                  0100f7b8    00000024                  : driver.obj (.text:_SlDrvProtectionObjLockWaitForever)
                  0100f7dc    00000024                  : driver.obj (.text:_SlDrvProtectionObjUnLock)
                  0100f800    00000024                  : driver.obj (.text:_SlDrvStartMeasureTimeout)
                  0100f824    00000024     rtsv7M4_T_le_eabi.lib : memmov.c.obj (.text:memmove)
                  0100f848    00000024     sysbios.aem4 : BIOS.obj (.text:pthread_attr_init)
                  0100f86c    00000024     simplelink.a : wlan.obj (.text:sl_WlanDisconnect)
                  0100f890    00000024     rtsv7M4_T_le_eabi.lib : strcspn.c.obj (.text:strcspn)
                  0100f8b4    00000024     release_pem4.oem4 (.text:ti_sysbios_BIOS_registerRTSLock__I)
                  0100f8d8    00000024     release_pem4.oem4 (.text:ti_sysbios_BIOS_removeRTSLock__I)
                  0100f8fc    00000004     --HOLE-- [fill = 0]
                  0100f900    00000024     sysbios.aem4 : BIOS.obj (.text:ti_sysbios_family_arm_m3_Timer_Module_startup__E)
                  0100f924    00000004     --HOLE-- [fill = 0]
                  0100f928    00000024                  : BIOS.obj (.text:ti_sysbios_family_arm_m3_Timer_postInit__I)
                  0100f94c    00000004     --HOLE-- [fill = 0]
                  0100f950    00000024                  : BIOS.obj (.text:ti_sysbios_family_arm_m3_Timer_startup__E)
                  0100f974    00000024     release_pem4.oem4 (.text:ti_sysbios_gates_GateMutex_Object__delete__S)
                  0100f998    00000024     sysbios.aem4 : BIOS.obj (.text:ti_sysbios_knl_Clock_Module_startup__E)
                  0100f9bc    00000024     release_pem4.oem4 (.text:ti_sysbios_knl_Clock_Object__delete__S)
                  0100f9e0    00000024     sysbios.aem4 : BIOS.obj (.text:ti_sysbios_knl_Clock_start__E)
                  0100fa04    00000004     --HOLE-- [fill = 0]
                  0100fa08    00000024                  : BIOS.obj (.text:ti_sysbios_knl_Semaphore_Instance_init__E)
                  0100fa2c    00000024     release_pem4.oem4 (.text:ti_sysbios_knl_Semaphore_Object__delete__S)
                  0100fa50    00000024     sysbios.aem4 : BIOS.obj (.text:ti_sysbios_knl_Task_restoreHwi__E)
                  0100fa74    00000004     --HOLE-- [fill = 0]
                  0100fa78    00000024                  : BIOS.obj (.text:xdc_runtime_Error_policyMin__E)
                  0100fa9c    00000020     drivers_cc32xx.aem4 : PowerCC32XX.oem4 (.text:Power_unregisterNotify)
                  0100fabc    00000020                         : RingBuf.oem4 (.text:RingBuf_peek)
                  0100fadc    00000020                         : SPICC32XXDMA.oem4 (.text:getPowerMgrId)
                  0100fafc    00000020                         : UARTCC32XX.oem4 (.text:getPowerMgrId)
                  0100fb1c    00000004     --HOLE-- [fill = 0]
                  0100fb20    00000020     sysbios.aem4 : BIOS.obj (.text:sleep)
                  0100fb40    00000020     release_pem4.oem4 (.text:ti_sysbios_BIOS_rtsLock__I)
                  0100fb60    00000020     release_pem4.oem4 (.text:ti_sysbios_family_arm_m3_Hwi_Object__delete__S)
                  0100fb80    00000020     sysbios.aem4 : BIOS.obj (.text:ti_sysbios_family_arm_m3_Hwi_clearInterrupt__E)
                  0100fba0    00000020                  : m3_Hwi_asm.obj (.text:ti_sysbios_family_arm_m3_Hwi_excHandlerAsm__I)
                  0100fbc0    00000020                  : BIOS.obj (.text:ti_sysbios_family_arm_m3_Hwi_excHandler__I)
                  0100fbe0    00000020     release_pem4.oem4 (.text:ti_sysbios_gates_GateHwi_Object__delete__S)
                  0100fc00    00000020     release_pem4.oem4 (.text:ti_sysbios_heaps_HeapMem_Object__delete__S)
                  0100fc20    00000020     sysbios.aem4 : BIOS.obj (.text:ti_sysbios_knl_Idle_run__E)
                  0100fc40    00000020     release_pem4.oem4 (.text:ti_sysbios_knl_Semaphore_destruct)
                  0100fc60    00000020     release_pem4.oem4 (.text:ti_sysbios_knl_Task_Object__delete__S)
                  0100fc80    0000001e     simplelink.a : driver.obj (.text:_SlDrvObjLockWaitForever)
                  0100fc9e    0000001e                  : driver.obj (.text:_SlDrvObjUnLock)
                  0100fcbc    0000001e                  : driver.obj (.text:_SlDrvSyncObjSignal)
                  0100fcda    0000001e     drivers_cc32xx.aem4 : UDMACC32XX.oem4 (.text:postNotifyFxn)
                  0100fcf8    0000001e     sysbios.aem4 : m3_Hwi_asm_switch.obj (.text:ti_sysbios_family_xxx_Hwi_switchAndRunFunc)
                  0100fd16    00000002     --HOLE-- [fill = 0]
                  0100fd18    0000001c     uart_terminal.obj (.text:Message)
                  0100fd34    0000001c     driverlib.a : pin.obj (.text:PinToPadGet)
                  0100fd50    0000001c     simplelink.a : device.obj (.text:_SlDeviceGetStartResponseConvert)
                  0100fd6c    0000001c                  : spawn.obj (.text:_SlInternalIsItSpawnThread)
                  0100fd88    0000001c     rtsv7M4_T_le_eabi.lib : memccpy.c.obj (.text:memccpy)
                  0100fda4    00000004     --HOLE-- [fill = 0]
                  0100fda8    0000001c     sysbios.aem4 : BIOS.obj (.text:ti_sysbios_family_arm_m3_Timer_stop__E)
                  0100fdc4    00000004     --HOLE-- [fill = 0]
                  0100fdc8    0000001c                  : BIOS.obj (.text:ti_sysbios_gates_GateMutex_Instance_init__E)
                  0100fde4    00000004     --HOLE-- [fill = 0]
                  0100fde8    0000001c                  : BIOS.obj (.text:ti_sysbios_knl_Clock_Instance_finalize__E)
                  0100fe04    0000001c     release_pem4.oem4 (.text:ti_sysbios_knl_Queue_destruct)
                  0100fe20    0000001c     sysbios.aem4 : BIOS.obj (.text:ti_sysbios_knl_Queue_put__E)
                  0100fe3c    00000004     --HOLE-- [fill = 0]
                  0100fe40    0000001c                  : BIOS.obj (.text:ti_sysbios_knl_Task_enter__I)
                  0100fe5c    0000001a     release_pem4.oem4 (.text:free)
                  0100fe76    0000001a     sysbios.aem4 : m3_Hwi_asm.obj (.text:ti_sysbios_family_arm_m3_Hwi_pendSV__I)
                  0100fe90    0000001a                  : BIOS.obj (.text:ti_sysbios_knl_Task_sleepTimeout__I)
                  0100feaa    00000002     --HOLE-- [fill = 0]
                  0100feac    00000018     drivers_cc32xx.aem4 : PowerCC32XX.oem4 (.text:Power_idleFunc)
                  0100fec4    00000018     driverlib.a : uart.obj (.text:UARTBusy)
                  0100fedc    00000018                 : uart.obj (.text:UARTIntEnable)
                  0100fef4    00000018     drivers_cc32xx.aem4 : UART.oem4 (.text:UART_Params_init)
                  0100ff0c    00000018     rtsv7M4_T_le_eabi.lib : args_main.c.obj (.text:_args_main)
                  0100ff24    00000018                           : vsnprintf.c.obj (.text:_outc)
                  0100ff3c    00000018                           : sprintf.c.obj (.text:_outs)
                  0100ff54    00000018     uart_terminal.obj (.text:putch)
                  0100ff6c    00000018     rtsv7M4_T_le_eabi.lib : ll_mul_t2.asm.obj (.text)
                  0100ff84    00000018                           : strcmp.c.obj (.text:strcmp)
                  0100ff9c    00000018     release_pem4.oem4 (.text:ti_sysbios_BIOS_rtsUnlock__I)
                  0100ffb4    00000018     release_pem4.oem4 (.text:ti_sysbios_family_arm_m3_Hwi_Module__startupDone__F)
                  0100ffcc    00000018     release_pem4.oem4 (.text:ti_sysbios_family_arm_m3_Timer_Module__startupDone__F)
                  0100ffe4    00000018     release_pem4.oem4 (.text:ti_sysbios_gates_GateHwi_Handle__label__S)
                  0100fffc    00000018     release_pem4.oem4 (.text:ti_sysbios_gates_GateMutex_Handle__label__S)
                  01010014    00000004     --HOLE-- [fill = 0]
                  01010018    00000018     sysbios.aem4 : BIOS.obj (.text:ti_sysbios_gates_GateMutex_leave__E)
                  01010030    00000018     release_pem4.oem4 (.text:ti_sysbios_heaps_HeapMem_Handle__label__S)
                  01010048    00000018     sysbios.aem4 : BIOS.obj (.text:ti_sysbios_rts_ti_ReentSupport_getReent__F)
                  01010060    00000018     release_pem4.oem4 (.text:ti_sysbios_rts_ti_ReentSupport_getTlsAddr__I)
                  01010078    00000018     sysbios.aem4 : BIOS.obj (.text:xdc_runtime_Error_init__E)
                  01010090    00000018                  : BIOS.obj (.text:xdc_runtime_System_exit__E)
                  010100a8    00000016     driverlib.a : prcm.obj (.text:PRCMHIBRegRead)
                  010100be    00000016                 : prcm.obj (.text:PRCMHIBRegWrite)
                  010100d4    00000016     simplelink.a : driver.obj (.text:_SlDrvMemZero)
                  010100ea    00000006     --HOLE-- [fill = 0]
                  010100f0    00000016     sysbios.aem4 : BIOS.obj (.text:pthread_mutex_destroy)
                  01010106    00000016     rtsv7M4_T_le_eabi.lib : strchr.c.obj (.text:strchr)
                  0101011c    00000016     release_pem4.oem4 (.text:ti_sysbios_BIOS_exitFunc__I)
                  01010132    00000002     --HOLE-- [fill = 0]
                  01010134    00000014     driverlib.a : prcm.obj (.text:PRCMHibernateEnter)
                  01010148    00000014     drivers_cc32xx.aem4 : PowerCC32XX.oem4 (.text:Power_getDependencyCount)
                  0101015c    00000014                         : SPI.oem4 (.text:SPI_Params_init)
                  01010170    00000014     sysbios.aem4 : BIOS.obj (.text:pthread_attr_setschedparam)
                  01010184    00000014     drivers_cc32xx.aem4 : UARTCC32XX.oem4 (.text:releasePowerConstraint)
                  01010198    00000014     rtsv7M4_T_le_eabi.lib : strlen.c.obj (.text:strlen)
                  010101ac    00000014     release_pem4.oem4 (.text:ti_sysbios_family_arm_m3_Hwi_Object__get__S)
                  010101c0    00000014     sysbios.aem4 : BIOS.obj (.text:ti_sysbios_family_arm_m3_Hwi_switchFromBootStack__E)
                  010101d4    00000014     release_pem4.oem4 (.text:ti_sysbios_heaps_HeapMem_Object__get__S)
                  010101e8    00000014     sysbios.aem4 : BIOS.obj (.text:ti_sysbios_knl_Clock_tickReconfig__E)
                  010101fc    00000014     release_pem4.oem4 (.text:ti_sysbios_knl_Swi_Object__get__S)
                  01010210    00000012     drivers_cc32xx.aem4 : RingBuf.oem4 (.text:RingBuf_construct)
                  01010222    00000012     dpl_cc32xx.aem4 : SemaphoreP_tirtos.oem4 (.text:SemaphoreP_pend)
                  01010234    00000004     --HOLE-- [fill = 0]
                  01010238    00000012     sysbios.aem4 : BIOS.obj (.text:ti_sysbios_hal_Hwi_Module_startup__E)
                  0101024a    00000012     rtsv7M4_T_le_eabi.lib : wcslen.c.obj (.text:wcslen)
                  0101025c    00000012     release_pem4.oem4 (.text:xdc_runtime_Startup_exec__I)
                  0101026e    00000010     dpl_cc32xx.aem4 : HwiP_tirtos.oem4 (.text:HwiP_Params_init)
                  0101027e    00000010     simplelink.a : cc_pal.obj (.text:SemaphoreP_delete_handle)
                  0101028e    00000010                  : cc_pal.obj (.text:SemaphoreP_post_handle)
                  0101029e    00000010                  : driver.obj (.text:_SlDrvDispatchHttpServerEvents)
                  010102ae    00000010                  : driver.obj (.text:_SlDrvDispatchNetAppRequestEvents)
                  010102be    00000010                  : driver.obj (.text:_SlDrvIsSpawnOwnGlobalLock)
                  010102ce    00000010     CC3220SF_LAUNCHXL.obj (.text:dmaErrorFxn)
                  010102de    00000002     --HOLE-- [fill = 0]
                  010102e0    00000010     sysbios.aem4 : BIOS.obj (.text:pthread_mutexattr_init)
                  010102f0    00000010                  : BIOS.obj (.text:pthread_mutexattr_settype)
                  01010300    00000010     drivers_cc32xx.aem4 : UARTCC32XX.oem4 (.text:readBlockingTimeout)
                  01010310    00000010     sysbios.aem4 : BIOS.obj (.text:ti_sysbios_BIOS_getCpuFreq__E)
                  01010320    00000010                  : BIOS.obj (.text:ti_sysbios_BIOS_setThreadType__E)
                  01010330    00000010                  : BIOS.obj (.text:ti_sysbios_BIOS_start__E)
                  01010340    00000010                  : m3_TaskSupport_asm.obj (.text:ti_sysbios_family_arm_m3_TaskSupport_glue)
                  01010350    00000010                  : m3_TaskSupport_asm.obj (.text:ti_sysbios_family_arm_m3_TaskSupport_swap__E)
                  01010360    00000010                  : BIOS.obj (.text:ti_sysbios_gates_GateMutex_Instance_finalize__E)
                  01010370    00000010     release_pem4.oem4 (.text:ti_sysbios_knl_Mailbox_Object__get__S)
                  01010380    00000010     sysbios.aem4 : BIOS.obj (.text:ti_sysbios_knl_Semaphore_Instance_finalize__E)
                  01010390    00000010                  : BIOS.obj (.text:ti_sysbios_knl_Swi_disable__E)
                  010103a0    00000010     release_pem4.oem4 (.text:ti_sysbios_knl_Task_Object__get__S)
                  010103b0    00000010     sysbios.aem4 : BIOS.obj (.text:ti_sysbios_knl_Task_disable__E)
                  010103c0    00000010     rtsv7M4_T_le_eabi.lib : tolower.c.obj (.text:tolower)
                  010103d0    00000010     sysbios.aem4 : BIOS.obj (.text:xdc_runtime_Memory_free__E)
                  010103e0    00000010                  : BIOS.obj (.text:xdc_runtime_SysCallback_abort__E)
                  010103f0    00000010                  : BIOS.obj (.text:xdc_runtime_SysCallback_exit__E)
                  01010400    0000000e     simplelink.a : cc_pal.obj (.text:MutexP_delete_handle)
                  0101040e    0000000e                  : cc_pal.obj (.text:Mutex_lock)
                  0101041c    0000000e                  : cc_pal.obj (.text:Mutex_unlock)
                  0101042a    0000000e                  : driver.obj (.text:_SlDrvResetCmdExt)
                  01010438    0000000e     rtsv7M4_T_le_eabi.lib : copy_decompress_none.c.obj (.text:decompress:none:__TI_decompress_none)
                  01010446    0000000e     drivers_cc32xx.aem4 : SPICC32XXDMA.oem4 (.text:postNotifyFxn)
                  01010454    00000004     --HOLE-- [fill = 0]
                  01010458    0000000e     sysbios.aem4 : BIOS.obj (.text:pthread_attr_setdetachstate)
                  01010466    0000000e     simplelink.a : cc_pal.obj (.text:spi_Close)
                  01010474    00000004     --HOLE-- [fill = 0]
                  01010478    0000000e     sysbios.aem4 : BIOS.obj (.text:ti_sysbios_knl_Idle_loop__E)
                  01010486    00000002     --HOLE-- [fill = 0]
                  01010488    0000000e                  : BIOS.obj (.text:ti_sysbios_knl_Queue_empty__E)
                  01010496    0000000c     CC3220SF_LAUNCHXL.obj (.text:CC3220SF_LAUNCHXL_initGeneral)
                  010104a2    0000000c     dpl_cc32xx.aem4 : ClockP_tirtos.oem4 (.text:ClockP_delete)
                  010104ae    0000000c                     : HwiP_tirtos.oem4 (.text:HwiP_delete)
                  010104ba    00000002     --HOLE-- [fill = 0]
                  010104bc    0000000c     main_thread.obj (.text:Network_IF_ResetMCUStateMachine)
                  010104c8    0000000c     simplelink.a : cc_pal.obj (.text:NwpMaskInterrupt)
                  010104d4    0000000c                  : cc_pal.obj (.text:NwpUnMaskInterrupt)
                  010104e0    0000000c     drivers_cc32xx.aem4 : PowerCC32XX.oem4 (.text:Power_getConstraintMask)
                  010104ec    0000000c     dpl_cc32xx.aem4 : SemaphoreP_tirtos.oem4 (.text:SemaphoreP_delete)
                  010104f8    0000000c     main_thread.obj (.text:SimpleLinkHttpServerEventHandler)
                  01010504    0000000c     main_thread.obj (.text:SimpleLinkNetAppRequestEventHandler)
                  01010510    0000000c     simplelink.a : device.obj (.text:_SlDeviceResetRequestInitCompletedCB)
                  0101051c    0000000c     rtsv7M4_T_le_eabi.lib : _lock.c.obj (.text:_register_lock)
                  01010528    0000000c                           : _lock.c.obj (.text:_register_unlock)
                  01010534    0000000c                           : copy_zero_init.c.obj (.text:decompress:ZI:__TI_zero_init)
                  01010540    0000000c     drivers_cc32xx.aem4 : UARTCC32XX.oem4 (.text:postNotifyFxn)
                  0101054c    00000004     --HOLE-- [fill = 0]
                  01010550    0000000c     sysbios.aem4 : BIOS.obj (.text:pthread_self)
                  0101055c    0000000c     release_pem4.oem4 (.text:ti_sysbios_family_arm_m3_Hwi_Params__init__S)
                  01010568    0000000c     sysbios.aem4 : BIOS.obj (.text:ti_sysbios_family_arm_m3_Hwi_disableFxn__E)
                  01010574    00000004     --HOLE-- [fill = 0]
                  01010578    0000000c                  : BIOS.obj (.text:ti_sysbios_family_arm_m3_TaskSupport_getStackAlignment__E)
                  01010584    00000004     --HOLE-- [fill = 0]
                  01010588    0000000c                  : BIOS.obj (.text:ti_sysbios_gates_GateHwi_enter__E)
                  01010594    0000000c     release_pem4.oem4 (.text:ti_sysbios_knl_Clock_Params__init__S)
                  010105a0    0000000c     sysbios.aem4 : BIOS.obj (.text:ti_sysbios_knl_Clock_getTicks__E)
                  010105ac    00000004     --HOLE-- [fill = 0]
                  010105b0    0000000c                  : BIOS.obj (.text:ti_sysbios_knl_Clock_setTicks__E)
                  010105bc    00000004     --HOLE-- [fill = 0]
                  010105c0    0000000c                  : BIOS.obj (.text:ti_sysbios_knl_Clock_tickStart__E)
                  010105cc    00000004     --HOLE-- [fill = 0]
                  010105d0    0000000c                  : BIOS.obj (.text:ti_sysbios_knl_Clock_tickStop__E)
                  010105dc    0000000c     release_pem4.oem4 (.text:ti_sysbios_knl_Queue_Object__get__S)
                  010105e8    0000000c     release_pem4.oem4 (.text:ti_sysbios_knl_Semaphore_Params__init__S)
                  010105f4    0000000c     release_pem4.oem4 (.text:ti_sysbios_knl_Task_Params__init__S)
                  01010600    0000000c     sysbios.aem4 : BIOS.obj (.text:ti_sysbios_knl_Task_self__E)
                  0101060c    00000004     --HOLE-- [fill = 0]
                  01010610    0000000c                  : BIOS.obj (.text:ti_sysbios_rts_ti_ReentSupport_taskRegHook__I)
                  0101061c    0000000c     driverlib.a : udma.obj (.text:uDMAErrorStatusClear)
                  01010628    0000000c                 : udma.obj (.text:uDMAErrorStatusGet)
                  01010634    00000004     --HOLE-- [fill = 0]
                  01010638    0000000c     sysbios.aem4 : BIOS.obj (.text:xdc_runtime_Startup_rtsDone__E)
                  01010644    0000000a     dpl_cc32xx.aem4 : ClockP_tirtos.oem4 (.text:ClockP_Params_init)
                  0101064e    0000000a     drivers_cc32xx.aem4 : SPI.oem4 (.text:SPI_close)
                  01010658    0000000a                         : SPI.oem4 (.text:SPI_transfer)
                  01010662    0000000a     main_thread.obj (.text:SimpleLinkNetAppRequestMemFreeEventHandler)
                  0101066c    0000000a     drivers_cc32xx.aem4 : UART.oem4 (.text:UART_control)
                  01010676    0000000a                         : UART.oem4 (.text:UART_readPolling)
                  01010680    0000000a                         : UART.oem4 (.text:UART_writePolling)
                  0101068a    0000000a     rtsv7M4_T_le_eabi.lib : sprintf.c.obj (.text:_outc)
                  01010694    0000000a     simplelink.a : device.obj (.text:sl_Task)
                  0101069e    0000000a     release_pem4.oem4 (.text:xdc_runtime_IHeap_alloc)
                  010106a8    0000000a     release_pem4.oem4 (.text:xdc_runtime_IHeap_free)
                  010106b2    00000008     dpl_cc32xx.aem4 : SemaphoreP_tirtos.oem4 (.text:SemaphoreP_Params_init)
                  010106ba    00000008     simplelink.a : cc_pal.obj (.text:TimerGetCurrentTimestamp)
                  010106c2    00000008     drivers_cc32xx.aem4 : SPICC32XXDMA.oem4 (.text:blockingTransferCallback)
                  010106ca    00000008     rtsv7M4_T_le_eabi.lib : s_copysign.c.obj (.text:copysign)
                  010106d2    00000006     --HOLE-- [fill = 0]
                  010106d8    00000008     sysbios.aem4 : BIOS.obj (.text:pthread_attr_setstacksize)
                  010106e0    00000008                  : BIOS.obj (.text:pthread_mutex_lock)
                  010106e8    00000008     drivers_cc32xx.aem4 : UARTCC32XX.oem4 (.text:readSemCallback)
                  010106f0    00000008     sysbios.aem4 : BIOS.obj (.text:ti_sysbios_family_arm_m3_Hwi_doSwiRestore__I)
                  010106f8    00000008                  : BIOS.obj (.text:ti_sysbios_family_arm_m3_Hwi_startup__E)
                  01010700    00000008     drivers_cc32xx.aem4 : UARTCC32XX.oem4 (.text:writeSemCallback)
                  01010708    00000006     sysbios.aem4 : BIOS.obj (.text:ti_sysbios_family_arm_m3_Hwi_doTaskRestore__I)
                  0101070e    00000002     --HOLE-- [fill = 0]
                  01010710    00000006                  : BIOS.obj (.text:ti_sysbios_family_arm_m3_Hwi_restoreFxn__E)
                  01010716    00000002     --HOLE-- [fill = 0]
                  01010718    00000006                  : BIOS.obj (.text:ti_sysbios_gates_GateHwi_leave__E)
                  0101071e    00000002     --HOLE-- [fill = 0]
                  01010720    00000006                  : BIOS.obj (.text:ti_sysbios_heaps_HeapMem_isBlocking__E)
                  01010726    00000002     --HOLE-- [fill = 0]
                  01010728    00000006                  : BIOS.obj (.text:ti_sysbios_knl_Clock_stop__E)
                  0101072e    00000002     --HOLE-- [fill = 0]
                  01010730    00000006                  : BIOS.obj (.text:ti_sysbios_knl_Queue_Instance_init__E)
                  01010736    00000002     --HOLE-- [fill = 0]
                  01010738    00000006                  : BIOS.obj (.text:ti_sysbios_knl_Swi_startup__E)
                  0101073e    00000002     --HOLE-- [fill = 0]
                  01010740    00000006                  : BIOS.obj (.text:xdc_runtime_System_Module_startup__E)
                  01010746    00000002     --HOLE-- [fill = 0]
                  01010748    00000004                  : BIOS.obj (.text:__aeabi_errno_addr)
                  0101074c    00000004     --HOLE-- [fill = 0]
                  01010750    00000004                  : BIOS.obj (.text:ti_sysbios_family_arm_m3_Timer_getMaxTicks__E)
                  01010754    00000004     --HOLE-- [fill = 0]
                  01010758    00000004                  : BIOS.obj (.text:ti_sysbios_gates_GateHwi_query__E)
                  0101075c    00000004     --HOLE-- [fill = 0]
                  01010760    00000004                  : BIOS.obj (.text:ti_sysbios_gates_GateMutex_query__E)
                  01010764    00000004     --HOLE-- [fill = 0]
                  01010768    00000004                  : BIOS.obj (.text:ti_sysbios_knl_Clock_setTimeout__E)
                  0101076c    00000004     --HOLE-- [fill = 0]
                  01010770    00000004                  : BIOS.obj (.text:ti_sysbios_knl_Task_startup__E)
                  01010774    00000004     --HOLE-- [fill = 0]
                  01010778    00000002                  : BIOS.obj (.text:ti_sysbios_BIOS_linkedWithIncorrectBootLibrary__E)
                  0101077a    00000006     --HOLE-- [fill = 0]
                  01010780    00000002                  : BIOS.obj (.text:ti_sysbios_gates_GateHwi_Instance_init__E)
                  01010782    00000006     --HOLE-- [fill = 0]
                  01010788    00000002                  : BIOS.obj (.text:ti_sysbios_knl_Clock_logTick__E)
                  0101078a    00000006     --HOLE-- [fill = 0]
                  01010790    00000002                  : BIOS.obj (.text:xdc_runtime_SysCallback_defaultAbort)
                  01010792    00000006     --HOLE-- [fill = 0]
                  01010798    00000002                  : BIOS.obj (.text:xdc_runtime_SysCallback_defaultExit)
                  0101079a    00000006     --HOLE-- [fill = 0]
                  010107a0    00000002                  : BIOS.obj (.text:xdc_runtime_System_abortSpin__E)
                  010107a2    00000006     --HOLE-- [fill = 0]
                  010107a8    00000002                  : BIOS.obj (.text:xdc_runtime_System_exitSpin__E)

.const     0    010107ac    00000d25     
                  010107ac    00000101     rtsv7M4_T_le_eabi.lib : ctype.c.obj (.const:.string:_ctypes_)
                  010108ad    00000002     shelltask.obj (.const:.string:$P$T1$2)
                  010108af    00000001     release_pem4.oem4 (.const:ti_sysbios_knl_Clock_tickMode__C)
                  010108b0    00000100     driverlib.a : pin.obj (.const:g_ulPinToPadMap)
                  010109b0    000000c8     main_thread.obj (.const:.string:$P$T7$8)
                  01010a78    000000a8     driverlib.a : prcm.obj (.const:PRCM_PeriphRegsList)
                  01010b20    00000078     CC3220SF_LAUNCHXL.obj (.const:spiCC3220SDMAHWAttrs)
                  01010b98    00000070     simplelink.a : driver.obj (.const:OpcodeTranslateTable)
                  01010c08    00000064     main_thread.obj (.const:.string:$P$T8$9)
                  01010c6c    00000058     simplelink.a : driver.obj (.const:_SlActionLookupTable)
                  01010cc4    00000048     release_pem4.oem4 (.const:.string)
                  01010d0c    00000048     CC3220SF_LAUNCHXL.obj (.const:uartCC3220SHWAttrs)
                  01010d54    00000040     CC3220SF_LAUNCHXL.obj (.const:PowerCC32XX_config)
                  01010d94    0000003c     release_pem4.oem4 (.const:ti_sysbios_knl_Task_Object__PARAMS__C)
                  01010dd0    00000030     release_pem4.oem4 (.const:ti_sysbios_family_arm_m3_Hwi_Object__PARAMS__C)
                  01010e00    00000028     drivers_cc32xx.aem4 : UARTCC32XX.oem4 (.const:UARTCC32XX_fxnTable)
                  01010e28    00000028     release_pem4.oem4 (.const:ti_sysbios_heaps_HeapMem_Module__FXNS__C)
                  01010e50    00000024     drivers_cc32xx.aem4 : UART.oem4 (.const:UART_defaultParams)
                  01010e74    00000024     release_pem4.oem4 (.const:ti_sysbios_gates_GateHwi_Module__FXNS__C)
                  01010e98    00000024     release_pem4.oem4 (.const:ti_sysbios_gates_GateMutex_Module__FXNS__C)
                  01010ebc    00000024     release_pem4.oem4 (.const:ti_sysbios_heaps_HeapMem_Object__PARAMS__C)
                  01010ee0    00000024     release_pem4.oem4 (.const:ti_sysbios_knl_Clock_Object__PARAMS__C)
                  01010f04    00000024     release_pem4.oem4 (.const:ti_sysbios_knl_Semaphore_Object__PARAMS__C)
                  01010f28    00000021     drivers_cc32xx.aem4 : GPIOCC32XX.oem4 (.const:.string:pinTable)
                  01010f49    00000001     release_pem4.oem4 (.const:ti_sysbios_knl_Clock_tickSource__C)
                  01010f4a    00000002     release_pem4.oem4 (.const:ti_sysbios_family_arm_m3_Hwi_Module__id__C)
                  01010f4c    00000020     simplelink.a : driver.obj (.const:RxMsgClassLUT)
                  01010f6c    00000020     drivers_cc32xx.aem4 : SPI.oem4 (.const:SPI_defaultParams)
                  01010f8c    00000020     simplelink.a : device.obj (.const:StartResponseLUT)
                  01010fac    00000020     drivers_cc32xx.aem4 : UARTCC32XX.oem4 (.const:staticFxnTable)
                  01010fcc    00000020     release_pem4.oem4 (.const:ti_sysbios_family_arm_m3_Hwi_Object__DESC__C)
                  01010fec    00000020     release_pem4.oem4 (.const:ti_sysbios_gates_GateHwi_Object__DESC__C)
                  0101100c    00000020     release_pem4.oem4 (.const:ti_sysbios_gates_GateMutex_Object__DESC__C)
                  0101102c    00000020     release_pem4.oem4 (.const:ti_sysbios_heaps_HeapMem_Object__DESC__C)
                  0101104c    00000020     release_pem4.oem4 (.const:ti_sysbios_knl_Clock_Object__DESC__C)
                  0101106c    00000020     release_pem4.oem4 (.const:ti_sysbios_knl_Queue_Object__DESC__C)
                  0101108c    00000020     release_pem4.oem4 (.const:ti_sysbios_knl_Semaphore_Object__DESC__C)
                  010110ac    00000020     release_pem4.oem4 (.const:ti_sysbios_knl_Task_Object__DESC__C)
                  010110cc    00000020     release_pem4.oem4 (.const:xdc_runtime_Startup_sfxnTab__A)
                  010110ec    00000018     drivers_cc32xx.aem4 : SPICC32XXDMA.oem4 (.const:SPICC32XXDMA_fxnTable)
                  01011104    00000018     CC3220SF_LAUNCHXL.obj (.const:SPI_config)
                  0101111c    00000018     CC3220SF_LAUNCHXL.obj (.const:UART_config)
                  01011134    00000018     release_pem4.oem4 (.const:ti_sysbios_gates_GateHwi_Object__PARAMS__C)
                  0101114c    00000018     release_pem4.oem4 (.const:ti_sysbios_gates_GateMutex_Object__PARAMS__C)
                  01011164    00000018     release_pem4.oem4 (.const:ti_sysbios_knl_Queue_Object__PARAMS__C)
                  0101117c    00000018     release_pem4.oem4 (.const:ti_sysbios_knl_Task_hooks__A)
                  01011194    00000017     main_thread.obj (.const:.string:$P$T2$3)
                  010111ab    00000001     release_pem4.oem4 (.const:xdc_runtime_Error_policy__C)
                  010111ac    00000014     simplelink.a : cc_pal.obj (.const:$P$T0$1)
                  010111c0    00000014                  : device.obj (.const:$P$T0$1)
                  010111d4    00000014                  : driver.obj (.const:$P$T0$1)
                  010111e8    00000014                  : cc_pal.obj (.const:$P$T1$2)
                  010111fc    00000014                  : driver.obj (.const:$P$T2$3)
                  01011210    00000014     main_thread.obj (.const:$P$T6$7)
                  01011224    00000014     main_thread.obj (.const:$P$T9$10)
                  01011238    00000014     CC3220SF_LAUNCHXL.obj (.const:GPIOCC32XX_config)
                  0101124c    00000014     drivers_cc32xx.aem4 : GPIOCC32XX.oem4 (.const:gpioBaseAddresses)
                  01011260    00000014                         : UARTCC32XX.oem4 (.const:parityType)
                  01011274    00000014                         : GPIOCC32XX.oem4 (.const:powerResources)
                  01011288    00000010     main_thread.obj (.const:$P$T0$1)
                  01011298    00000010     drivers_cc32xx.aem4 : UARTCC32XX.oem4 (.const:dataLength)
                  010112a8    00000010     release_pem4.oem4 (.const:xdc_runtime_Startup_sfxnRts__A)
                  010112b8    0000000d     shelltask.obj (.const:.string:$P$T0$1)
                  010112c5    0000000d     CC3220SF_LAUNCHXL.obj (.const)
                  010112d2    00000002     release_pem4.oem4 (.const:ti_sysbios_family_arm_m3_Timer_Module__id__C)
                  010112d4    0000000c     main_thread.obj (.const:$P$T1$2)
                  010112e0    0000000c     main_thread.obj (.const:$P$T4$5)
                  010112ec    0000000c     drivers_cc32xx.aem4 : SPICC32XXDMA.oem4 (.const:dmaNullConfig)
                  010112f8    0000000c                         : SPICC32XXDMA.oem4 (.const:dmaRxConfig)
                  01011304    0000000c                         : SPICC32XXDMA.oem4 (.const:dmaTxConfig)
                  01011310    0000000c     CC3220SF_LAUNCHXL.obj (.const:udmaCC3220SHWAttrs)
                  0101131c    0000000c     release_pem4.oem4 (.const:xdc_runtime_Startup_firstFxns__A)
                  01011328    0000000a     main_thread.obj (.const:.string:$P$T3$4)
                  01011332    00000002     release_pem4.oem4 (.const:ti_sysbios_heaps_HeapMem_Module__id__C)
                  01011334    00000008     main_thread.obj (.const:$P$T10$11)
                  0101133c    00000008     main_thread.obj (.const:$P$T5$6)
                  01011344    00000008     CC3220SF_LAUNCHXL.obj (.const:UDMACC32XX_config)
                  0101134c    00000008     simplelink.a : driver.obj (.const:g_H2NCnysPattern)
                  01011354    00000008                  : driver.obj (.const:g_H2NSyncPattern)
                  0101135c    00000008     drivers_cc32xx.aem4 : SPICC32XXDMA.oem4 (.const:mode)
                  01011364    00000008                         : GPIOCC32XX.oem4 (.const:outPinTypes)
                  0101136c    00000008                         : UARTCC32XX.oem4 (.const:stopBits)
                  01011374    00000008     release_pem4.oem4 (.const:ti_sysbios_knl_Idle_funcList__A)
                  0101137c    00000008     release_pem4.oem4 (.const:ti_sysbios_knl_Idle_funcList__C)
                  01011384    00000008     release_pem4.oem4 (.const:ti_sysbios_knl_Task_hooks__C)
                  0101138c    00000008     release_pem4.oem4 (.const:xdc_runtime_Startup_firstFxns__C)
                  01011394    00000008     release_pem4.oem4 (.const:xdc_runtime_Startup_lastFxns__C)
                  0101139c    00000006     drivers_cc32xx.aem4 : GPIOCC32XX.oem4 (.const:.string:interruptType)
                  010113a2    00000006                         : GPIOCC32XX.oem4 (.const:inPinTypes)
                  010113a8    00000006                         : GPIOCC32XX.oem4 (.const:outPinStrengths)
                  010113ae    00000004     simplelink.a : wlan.obj (.const:$P$T0$1)
                  010113b2    00000004                  : wlan.obj (.const:$P$T1$2)
                  010113b6    00000004     drivers_cc32xx.aem4 : GPIOCC32XX.oem4 (.const:.string:portInterruptIds)
                  010113ba    00000004     simplelink.a : device.obj (.const:_SlDeviceGetCmdCtrl)
                  010113be    00000004                  : netapp.obj (.const:_SlNetAppSendResponseCmdCtrl)
                  010113c2    00000004                  : netapp.obj (.const:_SlNetAppSendTokenValueCmdCtrl)
                  010113c6    00000004                  : netcfg.obj (.const:_SlNetCfgGetCmdCtrl)
                  010113ca    00000004                  : netcfg.obj (.const:_SlNetCfgSetCmdCtrl)
                  010113ce    00000004                  : wlan.obj (.const:_SlPolicySetCmdCtrl)
                  010113d2    00000004                  : wlan.obj (.const:_SlProfileDelCmdCtrl)
                  010113d6    00000004                  : wlan.obj (.const:_SlProvisioningCmdCtrl)
                  010113da    00000004                  : sl_socket.obj (.const:_SlRecvfomCmdCtrl)
                  010113de    00000004                  : netapp.obj (.const:_SlRegisterServiceCtrl)
                  010113e2    00000004                  : sl_socket.obj (.const:_SlSelectCmdCtrl)
                  010113e6    00000004                  : device.obj (.const:_SlStopCmdCtrl)
                  010113ea    00000004                  : wlan.obj (.const:_SlWlanCfgSetCmdCtrl)
                  010113ee    00000004                  : wlan.obj (.const:_SlWlanGetNetworkListCtrl)
                  010113f2    00000004                  : wlan.obj (.const:_SlWlanSetModeCmdCtrl)
                  010113f6    00000002     release_pem4.oem4 (.const:xdc_runtime_Memory_Module__id__C)
                  010113f8    00000004     release_pem4.oem4 (.const:ti_sysbios_family_arm_m3_Hwi_E_alreadyDefined__C)
                  010113fc    00000004     release_pem4.oem4 (.const:ti_sysbios_family_arm_m3_Hwi_NUM_INTERRUPTS__C)
                  01011400    00000004     release_pem4.oem4 (.const:ti_sysbios_family_arm_m3_Hwi_Object__count__C)
                  01011404    00000004     release_pem4.oem4 (.const:ti_sysbios_family_arm_m3_Hwi_ccr__C)
                  01011408    00000004     release_pem4.oem4 (.const:ti_sysbios_family_arm_m3_Hwi_excHandlerFunc__C)
                  0101140c    00000004     release_pem4.oem4 (.const:ti_sysbios_family_arm_m3_Hwi_nullIsrFunc__C)
                  01011410    00000004     release_pem4.oem4 (.const:ti_sysbios_family_arm_m3_Hwi_priGroup__C)
                  01011414    00000004     release_pem4.oem4 (.const:ti_sysbios_family_arm_m3_Hwi_swiDisable__C)
                  01011418    00000004     release_pem4.oem4 (.const:ti_sysbios_family_arm_m3_Hwi_swiRestoreHwi__C)
                  0101141c    00000004     release_pem4.oem4 (.const:ti_sysbios_family_arm_m3_TaskSupport_stackAlignment__C)
                  01011420    00000004     release_pem4.oem4 (.const:ti_sysbios_family_arm_m3_Timer_E_cannotSupport__C)
                  01011424    00000004     release_pem4.oem4 (.const:ti_sysbios_family_arm_m3_Timer_startupNeeded__C)
[...]
01010677  UART_readPolling                                                
01010681  UART_writePolling                                               
01010695  sl_Task                                                         
0101069f  xdc_runtime_Memory_HeapProxy_alloc__E                           
010106a9  xdc_runtime_Memory_HeapProxy_free__E                            
010106b3  SemaphoreP_Params_init                                          
010106bb  TimerGetCurrentTimestamp                                        
010106cb  copysign                                                        
010106cb  copysignl                                                       
010106d9  pthread_attr_setstacksize                                       
010106e1  pthread_mutex_lock                                              
010106f1  ti_sysbios_family_arm_m3_Hwi_doSwiRestore__I                    
010106f9  ti_sysbios_family_arm_m3_Hwi_startup__E                         
010106f9  ti_sysbios_hal_Hwi_HwiProxy_startup__E                          
010106f9  ti_sysbios_hal_Hwi_startup__E                                   
01010709  ti_sysbios_family_arm_m3_Hwi_doTaskRestore__I                   
01010711  HwiP_restore                                                    
01010711  ti_sysbios_family_arm_m3_Hwi_restoreFxn__E                      
01010711  ti_sysbios_hal_Hwi_HwiProxy_restore__E                          
01010719  ti_sysbios_gates_GateHwi_leave__E                               
01010721  ti_sysbios_heaps_HeapMem_isBlocking__E                          
01010729  ti_sysbios_knl_Clock_stop__E                                    
01010731  ti_sysbios_knl_Queue_Instance_init__E                           
01010739  ti_sysbios_knl_Swi_startup__E                                   
01010741  xdc_runtime_System_Module_startup__E                            
01010749  __aeabi_errno_addr                                              
01010751  ti_sysbios_family_arm_m3_Timer_getMaxTicks__E                   
01010759  ti_sysbios_gates_GateHwi_query__E                               
01010759  xdc_runtime_Main_Module_GateProxy_query__E                      
01010759  xdc_runtime_System_Module_GateProxy_query__E                    
01010761  ti_sysbios_BIOS_RtsGateProxy_query__E                           
01010761  ti_sysbios_gates_GateMutex_query__E                             
01010761  ti_sysbios_heaps_HeapMem_Module_GateProxy_query__E              
01010769  ti_sysbios_knl_Clock_setTimeout__E                              
01010771  ti_sysbios_knl_Task_startup__E                                  
01010779  ti_sysbios_BIOS_linkedWithIncorrectBootLibrary__E               
01010781  ti_sysbios_gates_GateHwi_Instance_init__E                       
01010789  ti_sysbios_knl_Clock_logTick__E                                 
01010791  xdc_runtime_SysCallback_defaultAbort                            
01010799  xdc_runtime_SysCallback_defaultExit                             
010107a1  xdc_runtime_System_abortSpin__E                                 
010107a9  xdc_runtime_System_exitSpin__E                                  
010107ac  _ctypes_                                                        
010108af  ti_sysbios_knl_Clock_tickMode__C                                
01010b20  spiCC3220SDMAHWAttrs                                            
01010b98  OpcodeTranslateTable                                            
01010c6c  _SlActionLookupTable                                            
01010d0c  uartCC3220SHWAttrs                                              
01010d54  PowerCC32XX_config                                              
01010d94  ti_sysbios_knl_Task_Object__PARAMS__C                           
01010dd0  ti_sysbios_family_arm_m3_Hwi_Object__PARAMS__C                  
01010e00  UARTCC32XX_fxnTable                                             
01010e28  ti_sysbios_heaps_HeapMem_Module__FXNS__C                        
01010e50  UART_defaultParams                                              
01010e74  ti_sysbios_gates_GateHwi_Module__FXNS__C                        
01010e98  ti_sysbios_gates_GateMutex_Module__FXNS__C                      
01010ebc  ti_sysbios_heaps_HeapMem_Object__PARAMS__C                      
01010ee0  ti_sysbios_knl_Clock_Object__PARAMS__C                          
01010f04  ti_sysbios_knl_Semaphore_Object__PARAMS__C                      
01010f49  ti_sysbios_knl_Clock_tickSource__C                              
01010f4a  ti_sysbios_family_arm_m3_Hwi_Module__id__C                      
01010f6c  SPI_defaultParams                                               
01010fcc  ti_sysbios_family_arm_m3_Hwi_Object__DESC__C                    
01010fec  ti_sysbios_gates_GateHwi_Object__DESC__C                        
0101100c  ti_sysbios_gates_GateMutex_Object__DESC__C                      
0101102c  ti_sysbios_heaps_HeapMem_Object__DESC__C                        
0101104c  ti_sysbios_knl_Clock_Object__DESC__C                            
0101106c  ti_sysbios_knl_Queue_Object__DESC__C                            
0101108c  ti_sysbios_knl_Semaphore_Object__DESC__C                        
010110ac  ti_sysbios_knl_Task_Object__DESC__C                             
010110cc  xdc_runtime_Startup_sfxnTab__A                                  
010110ec  SPICC32XXDMA_fxnTable                                           
01011104  SPI_config                                                      
0101111c  UART_config                                                     
01011134  ti_sysbios_gates_GateHwi_Object__PARAMS__C                      
0101114c  ti_sysbios_gates_GateMutex_Object__PARAMS__C                    
01011164  ti_sysbios_knl_Queue_Object__PARAMS__C                          
0101117c  ti_sysbios_knl_Task_hooks__A                                    
010111ab  xdc_runtime_Error_policy__C                                     
01011238  GPIOCC32XX_config                                               
010112a8  xdc_runtime_Startup_sfxnRts__A                                  
010112c5  ADC_count                                                       
010112c6  Capture_count                                                   
010112c7  CryptoCC32XX_count                                              
010112c8  Display_count                                                   
010112c9  I2C_count                                                       
010112ca  I2S_count                                                       
010112cb  PWM_count                                                       
010112cc  SDFatFS_count                                                   
010112cd  SD_count                                                        
010112ce  SPI_count                                                       
010112cf  Timer_count                                                     
010112d0  UART_count                                                      
010112d1  Watchdog_count                                                  
010112d2  ti_sysbios_family_arm_m3_Timer_Module__id__C                    
01011310  udmaCC3220SHWAttrs                                              
0101131c  xdc_runtime_Startup_firstFxns__A                                
01011332  ti_sysbios_heaps_HeapMem_Module__id__C                          
01011344  UDMACC32XX_config                                               
01011364  outPinTypes                                                     
01011374  ti_sysbios_knl_Idle_funcList__A                                 
0101137c  ti_sysbios_knl_Idle_funcList__C                                 
01011384  ti_sysbios_knl_Task_hooks__C                                    
0101138c  xdc_runtime_Startup_firstFxns__C                                
01011394  xdc_runtime_Startup_lastFxns__C                                 
010113a2  inPinTypes                                                      
010113a8  outPinStrengths                                                 
010113be  _SlNetAppSendResponseCmdCtrl                                    
010113c2  _SlNetAppSendTokenValueCmdCtrl                                  
010113d6  _SlProvisioningCmdCtrl                                          
010113f6  xdc_runtime_Memory_Module__id__C                                
010113f8  ti_sysbios_family_arm_m3_Hwi_E_alreadyDefined__C                
010113fc  ti_sysbios_family_arm_m3_Hwi_NUM_INTERRUPTS__C                  
01011400  ti_sysbios_family_arm_m3_Hwi_Object__count__C                   
01011404  ti_sysbios_family_arm_m3_Hwi_ccr__C                             
01011408  ti_sysbios_family_arm_m3_Hwi_excHandlerFunc__C                  
0101140c  ti_sysbios_family_arm_m3_Hwi_nullIsrFunc__C                     
01011410  ti_sysbios_family_arm_m3_Hwi_priGroup__C                        
01011414  ti_sysbios_family_arm_m3_Hwi_swiDisable__C                      
01011418  ti_sysbios_family_arm_m3_Hwi_swiRestoreHwi__C                   
0101141c  ti_sysbios_family_arm_m3_TaskSupport_stackAlignment__C          
01011420  ti_sysbios_family_arm_m3_Timer_E_cannotSupport__C               
01011424  ti_sysbios_family_arm_m3_Timer_startupNeeded__C                 
01011428  ti_sysbios_gates_GateMutex_Instance_State_sem__O                
0101142c  ti_sysbios_heaps_HeapMem_E_memory__C                            
01011430  ti_sysbios_heaps_HeapMem_Module__gateObj__C                     
01011434  ti_sysbios_heaps_HeapMem_Object__count__C                       
01011438  ti_sysbios_heaps_HeapMem_primaryHeapBaseAddr__C                 
0101143c  ti_sysbios_heaps_HeapMem_primaryHeapEndAddr__C                  
01011440  ti_sysbios_heaps_HeapMem_reqAlign__C                            
01011444  ti_sysbios_knl_Clock_Module_State_clockQ__O                     
01011448  ti_sysbios_knl_Clock_tickPeriod__C                              
0101144c  ti_sysbios_knl_Mailbox_Instance_State_freeQue__O                
01011450  ti_sysbios_knl_Mailbox_Object__count__C                         
01011454  ti_sysbios_knl_Mailbox_maxTypeAlign__C                          
01011458  ti_sysbios_knl_Semaphore_Instance_State_pendQ__O                
0101145c  ti_sysbios_knl_Swi_Object__count__C                             
01011460  ti_sysbios_knl_Task_Module_State_inactiveQ__O                   
01011464  ti_sysbios_knl_Task_Object__count__C                            
01011468  ti_sysbios_knl_Task_Object__heap__C                             
0101146c  ti_sysbios_knl_Task_allBlockedFunc__C                           
01011470  ti_sysbios_knl_Task_defaultStackHeap__C                         
01011474  ti_sysbios_knl_Task_defaultStackSize__C                         
01011478  ti_sysbios_knl_Task_numConstructedTasks__C                      
0101147c  xdc_runtime_Error_E_memory__C                                   
01011480  xdc_runtime_Error_policyFxn__C                                  
01011484  xdc_runtime_IGateProvider_Interface__BASE__C                    
01011488  xdc_runtime_IHeap_Interface__BASE__C                            
0101148c  xdc_runtime_IModule_Interface__BASE__C                          
01011490  xdc_runtime_Memory_defaultHeapInstance__C                       
01011494  xdc_runtime_Startup_execImpl__C                                 
01011498  xdc_runtime_Startup_maxPasses__C                                
0101149c  xdc_runtime_Startup_sfxnRts__C                                  
010114a0  xdc_runtime_Startup_sfxnTab__C                                  
010114a4  xdc_runtime_SysCallback_abortFxn__C                             
010114a8  xdc_runtime_SysCallback_exitFxn__C                              
010114ac  xdc_runtime_System_Module__gateObj__C                           
010114b0  xdc_runtime_System_abortFxn__C                                  
010114b4  xdc_runtime_System_exitFxn__C                                   
010114b8  xdc_runtime_System_maxAtexitHandlers__C                         
010114bc  xdc_runtime_Text_charTab__C                                     
010114c0  xdc_runtime_Text_nameEmpty__C                                   
010114c4  xdc_runtime_Text_nameStatic__C                                  
010114c8  xdc_runtime_Text_nameUnknown__C                                 
010114cc  xdc_runtime_Text_charCnt__C                                     
010114ce  xdc_runtime_Text_isLoaded__C                                    
010114d0  xdc_runtime_Text_charTab__A                                     
010114d8  __TI_static_base__                                              
01011728  __TI_Handler_Table_Base                                         
01011734  __TI_Handler_Table_Limit                                        
01011740  __TI_CINIT_Base                                                 
01011750  __TI_CINIT_Limit                                                
20000000  ti_sysbios_family_arm_m3_Hwi_ramVectors                         
20000310  __primary_heap_start__                                          
20008310  __primary_heap_end__                                            
20008400  app_CB                                                          
20008bfc  app_CB1                                                         
200093f8  g_ucConnectionBSSID                                             
20009800  ti_sysbios_family_arm_m3_Hwi_dispatchTable                      
20009b0c  g_NetEntries                                                    
20009da0  g_CB                                                            
20009fa8  ti_sysbios_knl_Task_Instance_State_0_stack__A                   
2000a1a8  PowerCC32XX_contextSave                                         
2000a2d4  uartCC3220SObjects                                              
2000a3dc  spiCC3220SDMAObjects                                            
2000a464  uartCC3220SRingBuffer                                           
2000a4a4  GlobalLockObj                                                   
2000a4d0  g_ucConnectionSSID                                              
2000a53c  g_SlInternalSpawnCB                                             
2000a54c  DeviceCB                                                        
2000a558  Msg                                                             
2000a564  udmaCC3220SObject                                               
2000a570  ClockP_tickPeriod                                               
2000a574  ti_sysbios_knl_Task_Instance_State_0_hookEnv__A                 
2000a578  g_usConnectIndex                                                
2000a57a  RxIrqCnt                                                        
2000a580  spiCC3220SDMAscratchBuf                                         
2000a588  router_list                                                     
2000ad88  PowerCC32XX_module                                              
2000aef4  parkInfo                                                        
2000b074  ti_sysbios_knl_Swi_Module_State_0_readyQ__A                     
2000b0f4  ti_sysbios_knl_Task_Module_State_0_readyQ__A                    
2000b174  ti_sysbios_gates_GateMutex_Object__table__V                     
2000b1c8  ti_sysbios_knl_Task_Object__table__V                            
2000b214  ti_sysbios_knl_Task_Module__state__V                            
2000b258  ti_sysbios_family_arm_m3_Hwi_Module__state__V                   
2000b28c  ti_sysbios_family_arm_m3_Timer_Object__table__V                 
2000b2bc  ti_sysbios_knl_Swi_Object__table__V                             
2000b2ec  ti_sysbios_knl_Clock_Module__state__V                           
2000b318  g_LibsEvents                                                    
2000b33c  g_UserEvents                                                    
2000b360  ti_sysbios_BIOS_Module__state__V                                
2000b384  gpioPinConfigs                                                  
2000b3a4  xdc_runtime_Error_IgnoreBlock                                   
2000b3c4  ti_sysbios_knl_Swi_Module__state__V                             
2000b3e0  ti_sysbios_family_arm_m3_Hwi_Object__table__V                   
2000b3f8  ti_sysbios_heaps_HeapMem_Object__table__V                       
2000b410  gSpawn_thread                                                   
2000b414  gShell_thread                                                   
2000b418  g_ulStaIp                                                       
2000b41c  g_ulGatewayIP                                                   
2000b420  g_ulStatus                                                      
2000b424  gpioCallbackFunctions                                           
2000b434  gGlobalLockCntRequested                                         
2000b435  gGlobalLockCntReleased                                          
2000b436  g_SlDeviceStatus                                                
2000b438  g_IsGlobalLockObjInit                                           
2000b43c  g_pCB                                                           
2000b440  pPingCallBackFunc                                               
2000b444  ti_sysbios_family_arm_m3_Timer_Module__state__V                 
2000b459  lineBreak                                                       
2000b45c  _lock                                                           
2000b460  _unlock                                                         
2000b464  ap_sec                                                          
2000b474  ti_sysbios_family_arm_cc32xx_Seconds_Module__state__V           
2000b47c  ti_sysbios_family_arm_m3_Hwi_Module__root__V                    
2000b484  ti_sysbios_gates_GateHwi_Module__root__V                        
2000b48c  ti_sysbios_gates_GateMutex_Module__root__V                      
2000b494  ti_sysbios_heaps_HeapMem_Module__root__V                        
2000b49c  ti_sysbios_knl_Clock_Module__root__V                            
2000b4a4  ti_sysbios_knl_Queue_Module__root__V                            
2000b4ac  ti_sysbios_knl_Semaphore_Module__root__V                        
2000b4b4  ti_sysbios_knl_Task_Module__root__V                             
2000b4bc  xdc_runtime_Startup_Module__state__V                            
2000b4c4  xdc_runtime_System_Module_State_0_atexitHandlers__A             
2000b4cc  xdc_runtime_System_Module__state__V                             
2000b4d4  main_func_sp                                                    
2000b4dc  g_intHandle                                                     
2000b4e0  ti_sysbios_family_arm_m3_Hwi_Module_State_0_excContext__A       
2000b4e4  ti_sysbios_family_arm_m3_Hwi_Module_State_0_excStack__A         
2000b4e8  ti_sysbios_gates_GateHwi_Object__table__V                       
2000b4ec  ti_sysbios_knl_Task_Module_State_0_idleTask__A                  
2000b4f0  ti_sysbios_rts_ti_ReentSupport_Module__state__V                 
2000b4f4  xdc_runtime_Memory_Module__state__V                             
2000b4f8  ti_sysbios_family_arm_m3_Hwi_Module_State_0_excActive__A        
2003fc00  __stack                                                         
20040000  __STACK_END                                                     
e000e000  ti_sysbios_family_arm_m3_Hwi_nvic                               
ffffffff  __TI_pprof_out_hndl                                             
ffffffff  __TI_prof_data_size                                             
ffffffff  __TI_prof_data_start                                            
ffffffff  __binit__                                                       
ffffffff  __c_args__                                                      
ffffffff  binit                                                           
UNDEFED   SHT$$INIT_ARRAY$$Base                                           
UNDEFED   SHT$$INIT_ARRAY$$Limit                                          

[813 symbols]
