Archive member included to satisfy reference by file (symbol)

/media/sf_CC3220/code/simplelink_cc32xx_sdk_2_20_00_10/source/ti/display/lib/display.am4g(DisplayUart.om4g)
                              CC3220SF_LAUNCHXL.obj (DisplayUartMin_fxnTable)
/media/sf_CC3220/code/simplelink_cc32xx_sdk_2_20_00_10/source/ti/drivers/lib/drivers_cc32xx.am4g(ADCCC32XX.om4g)
                              CC3220SF_LAUNCHXL.obj (ADCCC32XX_fxnTable)
/media/sf_CC3220/code/simplelink_cc32xx_sdk_2_20_00_10/source/ti/drivers/lib/drivers_cc32xx.am4g(CaptureCC32XX.om4g)
                              CC3220SF_LAUNCHXL.obj (CaptureCC32XX_fxnTable)
/media/sf_CC3220/code/simplelink_cc32xx_sdk_2_20_00_10/source/ti/drivers/lib/drivers_cc32xx.am4g(GPIOCC32XX.om4g)
                              wlan_cmd.obj (GPIO_clearInt)
/media/sf_CC3220/code/simplelink_cc32xx_sdk_2_20_00_10/source/ti/drivers/lib/drivers_cc32xx.am4g(I2CCC32XX.om4g)
                              CC3220SF_LAUNCHXL.obj (I2CCC32XX_fxnTable)
/media/sf_CC3220/code/simplelink_cc32xx_sdk_2_20_00_10/source/ti/drivers/lib/drivers_cc32xx.am4g(I2SCC32XXDMA.om4g)
                              CC3220SF_LAUNCHXL.obj (I2SCC32XXDMA_fxnTable)
/media/sf_CC3220/code/simplelink_cc32xx_sdk_2_20_00_10/source/ti/drivers/lib/drivers_cc32xx.am4g(PowerCC32XX.om4g)
                              wlan_cmd.obj (Power_disablePolicy)
/media/sf_CC3220/code/simplelink_cc32xx_sdk_2_20_00_10/source/ti/drivers/lib/drivers_cc32xx.am4g(PowerCC32XX_asm.om4g)
                              /media/sf_CC3220/code/simplelink_cc32xx_sdk_2_20_00_10/source/ti/drivers/lib/drivers_cc32xx.am4g(PowerCC32XX.om4g) (PowerCC32XX_enterLPDS)
/media/sf_CC3220/code/simplelink_cc32xx_sdk_2_20_00_10/source/ti/drivers/lib/drivers_cc32xx.am4g(PWMTimerCC32XX.om4g)
                              CC3220SF_LAUNCHXL.obj (PWMTimerCC32XX_fxnTable)
/media/sf_CC3220/code/simplelink_cc32xx_sdk_2_20_00_10/source/ti/drivers/lib/drivers_cc32xx.am4g(SDHostCC32XX.om4g)
                              CC3220SF_LAUNCHXL.obj (sdHostCC32XX_fxnTable)
/media/sf_CC3220/code/simplelink_cc32xx_sdk_2_20_00_10/source/ti/drivers/lib/drivers_cc32xx.am4g(SPI.om4g)
                              network_terminal.obj (SPI_init)
/media/sf_CC3220/code/simplelink_cc32xx_sdk_2_20_00_10/source/ti/drivers/lib/drivers_cc32xx.am4g(SPICC32XXDMA.om4g)
                              CC3220SF_LAUNCHXL.obj (SPICC32XXDMA_fxnTable)
/media/sf_CC3220/code/simplelink_cc32xx_sdk_2_20_00_10/source/ti/drivers/lib/drivers_cc32xx.am4g(TimerCC32XX.om4g)
                              /media/sf_CC3220/code/simplelink_cc32xx_sdk_2_20_00_10/source/ti/drivers/lib/drivers_cc32xx.am4g(CaptureCC32XX.om4g) (TimerCC32XX_allocateTimerResource)
/media/sf_CC3220/code/simplelink_cc32xx_sdk_2_20_00_10/source/ti/drivers/lib/drivers_cc32xx.am4g(UART.om4g)
                              /media/sf_CC3220/code/simplelink_cc32xx_sdk_2_20_00_10/source/ti/display/lib/display.am4g(DisplayUart.om4g) (UART_close)
/media/sf_CC3220/code/simplelink_cc32xx_sdk_2_20_00_10/source/ti/drivers/lib/drivers_cc32xx.am4g(UARTCC32XX.om4g)
                              CC3220SF_LAUNCHXL.obj (UARTCC32XX_fxnTable)
/media/sf_CC3220/code/simplelink_cc32xx_sdk_2_20_00_10/source/ti/drivers/lib/drivers_cc32xx.am4g(WatchdogCC32XX.om4g)
                              CC3220SF_LAUNCHXL.obj (WatchdogCC32XX_fxnTable)
/media/sf_CC3220/code/simplelink_cc32xx_sdk_2_20_00_10/source/ti/drivers/lib/drivers_cc32xx.am4g(List.om4g)
                              /media/sf_CC3220/code/simplelink_cc32xx_sdk_2_20_00_10/source/ti/drivers/lib/drivers_cc32xx.am4g(I2SCC32XXDMA.om4g) (List_clearList)
/media/sf_CC3220/code/simplelink_cc32xx_sdk_2_20_00_10/source/ti/drivers/lib/drivers_cc32xx.am4g(RingBuf.om4g)
                              /media/sf_CC3220/code/simplelink_cc32xx_sdk_2_20_00_10/source/ti/drivers/lib/drivers_cc32xx.am4g(UARTCC32XX.om4g) (RingBuf_construct)
/media/sf_CC3220/code/simplelink_cc32xx_sdk_2_20_00_10/source/ti/drivers/lib/drivers_cc32xx.am4g(UDMACC32XX.om4g)
                              /media/sf_CC3220/code/simplelink_cc32xx_sdk_2_20_00_10/source/ti/drivers/lib/drivers_cc32xx.am4g(I2SCC32XXDMA.om4g) (UDMACC32XX_close)
/media/sf_CC3220/code/simplelink_cc32xx_sdk_2_20_00_10/source/ti/drivers/net/wifi/gcc/rtos/simplelink.a(device.obj)
                              network_terminal.obj (sl_Task)
/media/sf_CC3220/code/simplelink_cc32xx_sdk_2_20_00_10/source/ti/drivers/net/wifi/gcc/rtos/simplelink.a(driver.obj)
                              /media/sf_CC3220/code/simplelink_cc32xx_sdk_2_20_00_10/source/ti/drivers/net/wifi/gcc/rtos/simplelink.a(device.obj) (RxIrqCnt)
/media/sf_CC3220/code/simplelink_cc32xx_sdk_2_20_00_10/source/ti/drivers/net/wifi/gcc/rtos/simplelink.a(flowcont.obj)
                              /media/sf_CC3220/code/simplelink_cc32xx_sdk_2_20_00_10/source/ti/drivers/net/wifi/gcc/rtos/simplelink.a(device.obj) (_SlFlowContSet)
[...]
Memory Configuration

Name             Origin             Length             Attributes
FLASH_HDR        0x0000000001000000 0x00000000000007ff xr
FLASH            0x0000000001000800 0x00000000000ff800 xr
SRAM             0x0000000020000000 0x0000000000040000 xrw
*default*        0x0000000000000000 0xffffffffffffffff

Linker script and memory map

LOAD uart_term.obj
LOAD main_freertos.obj
LOAD transceiver_cmd.obj
LOAD network_terminal.obj
LOAD radio_tool.obj
LOAD socket_cmd.obj
LOAD str.obj
LOAD netapp_cmd.obj
LOAD wlan_cmd.obj
LOAD cmd_parser.obj
LOAD CC3220SF_LAUNCHXL.obj
                0x0000000000000800                STACKSIZE = 0x800

.dbghdr
 *(.dbghdr)
                0x0000000001000800                PROVIDE (_resetVecs_base_address, DEFINED (_resetVecs_base_address)?_resetVecs_base_address:0x1000800)

.resetVecs      0x0000000001000800       0x40
 *(.resetVecs)
 .resetVecs     0x0000000001000800       0x40 /media/sf_CC3220/code/simplelink_cc32xx_sdk_2_20_00_10/kernel/freertos/builds/CC3220SF_LAUNCHXL/release/gcc/freertos.lib(startup_cc32xx_gcc.obj)

.ramVecs        0x0000000020000000      0x30c
 *(.ramVecs)
 .ramVecs       0x0000000020000000      0x30c /media/sf_CC3220/code/simplelink_cc32xx_sdk_2_20_00_10/kernel/freertos/builds/CC3220SF_LAUNCHXL/release/gcc/freertos.lib(startup_cc32xx_gcc.obj)

.text           0x0000000001000840    0x1af00
 CREATE_OBJECT_SYMBOLS
 *(.text)
 .text          0x0000000001000840       0x98 /media/sf_CC3220/code/simplelink_cc32xx_sdk_2_20_00_10/source/ti/drivers/lib/drivers_cc32xx.am4g(PowerCC32XX_asm.om4g)
                0x0000000001000840                PowerCC32XX_enterLPDS
                0x0000000001000884                PowerCC32XX_resumeLPDS
 .text          0x00000000010008d8      0x378 /home/heo/ti/ccsv8/tools/compiler/gcc-arm-none-eabi-7-2017-q4-major/bin/../lib/gcc/arm-none-eabi/7.2.1/thumb/v7e-m/libgcc.a(_arm_addsubdf3.o)
                0x00000000010008d8                __aeabi_drsub
                0x00000000010008e0                __aeabi_dsub
                0x00000000010008e0                __subdf3
                0x00000000010008e4                __adddf3
                0x00000000010008e4                __aeabi_dadd
                0x0000000001000b5c                __aeabi_ui2d
                0x0000000001000b5c                __floatunsidf
                0x0000000001000b7c                __floatsidf
                0x0000000001000b7c                __aeabi_i2d
                0x0000000001000ba0                __extendsfdf2
                0x0000000001000ba0                __aeabi_f2d
                0x0000000001000be4                __aeabi_ul2d
                0x0000000001000be4                __floatundidf
                0x0000000001000bf4                __floatdidf
                0x0000000001000bf4                __aeabi_l2d
 .text          0x0000000001000c50      0x21c /home/heo/ti/ccsv8/tools/compiler/gcc-arm-none-eabi-7-2017-q4-major/bin/../lib/gcc/arm-none-eabi/7.2.1/thumb/v7e-m/libgcc.a(_arm_addsubsf3.o)
                0x0000000001000c50                __aeabi_frsub
                0x0000000001000c58                __subsf3
                0x0000000001000c58                __aeabi_fsub
                0x0000000001000c5c                __aeabi_fadd
                0x0000000001000c5c                __addsf3
                0x0000000001000dbc                __aeabi_ui2f
                0x0000000001000dbc                __floatunsisf
                0x0000000001000dc4                __aeabi_i2f
                0x0000000001000dc4                __floatsisf
                0x0000000001000de0                __floatundisf
                0x0000000001000de0                __aeabi_ul2f
                0x0000000001000df0                __floatdisf
                0x0000000001000df0                __aeabi_l2f
 .text          0x0000000001000e6c      0x2a0 /home/heo/ti/ccsv8/tools/compiler/gcc-arm-none-eabi-7-2017-q4-major/bin/../lib/gcc/arm-none-eabi/7.2.1/thumb/v7e-m/libgcc.a(_arm_muldivsf3.o)
                0x0000000001000e6c                __mulsf3
                0x0000000001000e6c                __aeabi_fmul
                0x0000000001000fd4                __divsf3
                0x0000000001000fd4                __aeabi_fdiv
 .text          0x000000000100110c       0x4c /home/heo/ti/ccsv8/tools/compiler/gcc-arm-none-eabi-7-2017-q4-major/bin/../lib/gcc/arm-none-eabi/7.2.1/thumb/v7e-m/libgcc.a(_arm_fixsfsi.o)
                0x000000000100110c                __fixsfsi
                0x000000000100110c                __aeabi_f2iz
 .text          0x0000000001001158       0x30 /home/heo/ti/ccsv8/tools/compiler/gcc-arm-none-eabi-7-2017-q4-major/bin/../lib/gcc/arm-none-eabi/7.2.1/thumb/v7e-m/libgcc.a(_aeabi_uldivmod.o)
                0x0000000001001158                __aeabi_uldivmod
 .text          0x0000000001001188      0x2cc /home/heo/ti/ccsv8/tools/compiler/gcc-arm-none-eabi-7-2017-q4-major/bin/../lib/gcc/arm-none-eabi/7.2.1/thumb/v7e-m/libgcc.a(_udivmoddi4.o)
                0x0000000001001188                __udivmoddi4
 .text          0x0000000001001454        0x4 /home/heo/ti/ccsv8/tools/compiler/gcc-arm-none-eabi-7-2017-q4-major/bin/../lib/gcc/arm-none-eabi/7.2.1/thumb/v7e-m/libgcc.a(_dvmd_tls.o)
                0x0000000001001454                __aeabi_ldiv0
                0x0000000001001454                __aeabi_idiv0
 .text          0x0000000001001458       0x14 /home/heo/ti/ccsv8/tools/compiler/gcc-arm-none-eabi-7-2017-q4-major/arm-none-eabi/lib/thumb/v7e-m/libc_nano.a(lib_a-strcmp.o)
                0x0000000001001458                strcmp
 .text          0x000000000100146c       0x10 /home/heo/ti/ccsv8/tools/compiler/gcc-arm-none-eabi-7-2017-q4-major/arm-none-eabi/lib/thumb/v7e-m/libc_nano.a(lib_a-strlen.o)
                0x000000000100146c                strlen
 *fill*         0x000000000100147c        0x4 
 .text          0x0000000001001480       0xa0 /home/heo/ti/ccsv8/tools/compiler/gcc-arm-none-eabi-7-2017-q4-major/arm-none-eabi/lib/thumb/v7e-m/libc_nano.a(lib_a-memchr.o)
                0x0000000001001480                memchr
 *(.text.*)
 .text.InitTerm
                0x0000000001001520       0x58 uart_term.obj
                0x0000000001001520                InitTerm
 .text.Report   0x0000000001001578       0x98 uart_term.obj
                0x0000000001001578                Report
 .text.GetCmd   0x0000000001001610       0xf8 uart_term.obj
                0x0000000001001610                GetCmd
 .text.Message  0x0000000001001708       0x2c uart_term.obj
                0x0000000001001708                Message
 .text.ClearTerm
                0x0000000001001734       0x14 uart_term.obj
                0x0000000001001734                ClearTerm
 .text.getch    0x0000000001001748       0x24 uart_term.obj
                0x0000000001001748                getch
 .text.putch    0x000000000100176c       0x24 uart_term.obj
                0x000000000100176c                putch
 .text.main     0x0000000001001790       0x8c main_freertos.obj
                0x0000000001001790                main
 .text.vApplicationMallocFailedHook
                0x000000000100181c        0x6 main_freertos.obj
                0x000000000100181c                vApplicationMallocFailedHook
 .text.vApplicationStackOverflowHook
                0x0000000001001822        0xc main_freertos.obj
                0x0000000001001822                vApplicationStackOverflowHook
 *fill*         0x000000000100182e        0x2 
 .text.cmdTranceiverModecallback
                0x0000000001001830       0xcc transceiver_cmd.obj
                0x0000000001001830                cmdTranceiverModecallback
 .text.printTranceiverModeUsage
                0x00000000010018fc       0x64 transceiver_cmd.obj
                0x00000000010018fc                printTranceiverModeUsage
 .text.RxTask   0x0000000001001960      0x2c8 transceiver_cmd.obj
                0x0000000001001960                RxTask
 .text.TxTask   0x0000000001001c28      0xaa0 transceiver_cmd.obj
                0x0000000001001c28                TxTask
 .text.showMenu
                0x00000000010026c8       0x80 transceiver_cmd.obj
                0x00000000010026c8                showMenu
 .text.showRxMenu
                0x0000000001002748       0x4c transceiver_cmd.obj
                0x0000000001002748                showRxMenu
 .text.showPreambleMenu
                0x0000000001002794       0x6c transceiver_cmd.obj
                0x0000000001002794                showPreambleMenu
 .text.showModCodeMenu
                0x0000000001002800      0x14c transceiver_cmd.obj
                0x0000000001002800                showModCodeMenu
 .text.showCCAThreshHoldMenu
                0x000000000100294c       0x80 transceiver_cmd.obj
                0x000000000100294c                showCCAThreshHoldMenu
 .text.showPowMenu
                0x00000000010029cc       0x28 transceiver_cmd.obj
                0x00000000010029cc                showPowMenu
 .text.showTxMenu
                0x00000000010029f4       0x7c transceiver_cmd.obj
                0x00000000010029f4                showTxMenu
 .text.showPHYConfMenu
                0x0000000001002a70       0x74 transceiver_cmd.obj
                0x0000000001002a70                showPHYConfMenu
 .text.SimpleLinkWlanEventHandler
                0x0000000001002ae4      0x3e4 network_terminal.obj
                0x0000000001002ae4                SimpleLinkWlanEventHandler
 .text.SimpleLinkNetAppEventHandler
                0x0000000001002ec8      0x214 network_terminal.obj
                0x0000000001002ec8                SimpleLinkNetAppEventHandler
 .text.SimpleLinkHttpServerEventHandler
                0x00000000010030dc       0x14 network_terminal.obj
                0x00000000010030dc                SimpleLinkHttpServerEventHandler
 .text.SimpleLinkGeneralEventHandler
                0x00000000010030f0       0x30 network_terminal.obj
                0x00000000010030f0                SimpleLinkGeneralEventHandler
 .text.SimpleLinkSockEventHandler
                0x0000000001003120       0x12 network_terminal.obj
                0x0000000001003120                SimpleLinkSockEventHandler
 *fill*         0x0000000001003132        0x2 
 .text.SimpleLinkFatalErrorEventHandler
                0x0000000001003134       0x94 network_terminal.obj
                0x0000000001003134                SimpleLinkFatalErrorEventHandler
 .text.SimpleLinkNetAppRequestEventHandler
                0x00000000010031c8       0x14 network_terminal.obj
                0x00000000010031c8                SimpleLinkNetAppRequestEventHandler
 .text.SimpleLinkNetAppRequestMemFreeEventHandler
                0x00000000010031dc       0x12 network_terminal.obj
                0x00000000010031dc                SimpleLinkNetAppRequestMemFreeEventHandler
 *fill*         0x00000000010031ee        0x2 
 .text.cmd_prompt
                0x00000000010031f0      0x104 network_terminal.obj
                0x00000000010031f0                cmd_prompt
 .text.cmdHelpCallback
                0x00000000010032f4      0x130 network_terminal.obj
                0x00000000010032f4                cmdHelpCallback
 .text.printHelpUsage
                0x0000000001003424       0x5c network_terminal.obj
                0x0000000001003424                printHelpUsage
 .text.cmdClearcallback
                0x0000000001003480       0x16 network_terminal.obj
                0x0000000001003480                cmdClearcallback
 *fill*         0x0000000001003496        0x2 
 .text.printClearUsage
                0x0000000001003498       0x54 network_terminal.obj
                0x0000000001003498                printClearUsage
 .text.ConfigureSimpleLinkToDefaultState
                0x00000000010034ec      0x36c network_terminal.obj
                0x00000000010034ec                ConfigureSimpleLinkToDefaultState
 .text.PrintIPAddress
                0x0000000001003858       0xb0 network_terminal.obj
                0x0000000001003858                PrintIPAddress
 .text.ipv6AddressParse
                0x0000000001003908      0x250 network_terminal.obj
                0x0000000001003908                ipv6AddressParse
 .text.ipv4AddressParse
                0x0000000001003b58       0x9c network_terminal.obj
                0x0000000001003b58                ipv4AddressParse
 .text.hexbyteStrtoASCII
                0x0000000001003bf4      0x104 network_terminal.obj
                0x0000000001003bf4                hexbyteStrtoASCII
 .text.macAddressParse
                0x0000000001003cf8       0xc8 network_terminal.obj
                0x0000000001003cf8                macAddressParse
 .text.gpioButtonFxn1
                0x0000000001003dc0       0x28 network_terminal.obj
                0x0000000001003dc0                gpioButtonFxn1
 .text.showAvailableCmd
                0x0000000001003de8       0x90 network_terminal.obj
                0x0000000001003de8                showAvailableCmd
 .text.DisplayAppBanner
                0x0000000001003e78      0x1f0 network_terminal.obj
                0x0000000001003e78                DisplayAppBanner
 .text.initAppVariables
                0x0000000001004068      0x1bc network_terminal.obj
                0x0000000001004068                initAppVariables
 .text.sem_wait_timeout
                0x0000000001004224       0xf0 network_terminal.obj
                0x0000000001004224                sem_wait_timeout
 .text.mainThread
                0x0000000001004314      0x10c network_terminal.obj
                0x0000000001004314                mainThread
 .text.radioTool_Open
                0x0000000001004420       0xc8 radio_tool.obj
                0x0000000001004420                radioTool_Open
 .text.radioTool_Close
                0x00000000010044e8       0x4c radio_tool.obj
                0x00000000010044e8                radioTool_Close
 .text.radioTool_TxStart
                0x0000000001004534      0x32c radio_tool.obj
                0x0000000001004534                radioTool_TxStart
 .text.radioTool_TxStop
                0x0000000001004860       0x88 radio_tool.obj
                0x0000000001004860                radioTool_TxStop
 .text.radioTool_RxStart
                0x00000000010048e8       0xa0 radio_tool.obj
                0x00000000010048e8                radioTool_RxStart
 .text.radioTool_RxStop
                0x0000000001004988       0x3c radio_tool.obj
                0x0000000001004988                radioTool_RxStop
 .text.radioTool_GetStats
                0x00000000010049c4       0x40 radio_tool.obj
                0x00000000010049c4                radioTool_GetStats
 .text.cmdSendCallback
                0x0000000001004a04      0x124 socket_cmd.obj
                0x0000000001004a04                cmdSendCallback
 .text.printSendUsage
                0x0000000001004b28       0xcc socket_cmd.obj
                0x0000000001004b28                printSendUsage
 .text.cmdRecvCallback
                0x0000000001004bf4      0x1b0 socket_cmd.obj
                0x0000000001004bf4                cmdRecvCallback
 .text.printRecvUsage
                0x0000000001004da4       0xf4 socket_cmd.obj
                0x0000000001004da4                printRecvUsage
 .text.drawRxHist
                0x0000000001004e98      0x2a4 socket_cmd.obj
                0x0000000001004e98                drawRxHist
 .text.UDPServer
                0x000000000100513c      0x3cc socket_cmd.obj
                0x000000000100513c                UDPServer
 .text.UDPClient
                0x0000000001005508      0x300 socket_cmd.obj
                0x0000000001005508                UDPClient
 .text.TCPServer
                0x0000000001005808      0x424 socket_cmd.obj
                0x0000000001005808                TCPServer
 .text.TCPClient
                0x0000000001005c2c      0x348 socket_cmd.obj
                0x0000000001005c2c                TCPClient
 .text.printBorder
                0x0000000001005f74       0x34 str.obj
                0x0000000001005f74                printBorder
 .text.cmdPingCallback
                0x0000000001005fa8      0x1ac netapp_cmd.obj
                0x0000000001005fa8                cmdPingCallback
 .text.printPingUsage
                0x0000000001006154       0xb0 netapp_cmd.obj
                0x0000000001006154                printPingUsage
 .text.mDNSAdvertiseCallback
                0x0000000001006204      0x18c netapp_cmd.obj
                0x0000000001006204                mDNSAdvertiseCallback
 .text.printmDNSAdvertiseUsage
                0x0000000001006390       0xc4 netapp_cmd.obj
                0x0000000001006390                printmDNSAdvertiseUsage
 .text.mDNSQueryCallback
                0x0000000001006454      0x2d0 netapp_cmd.obj
                0x0000000001006454                mDNSQueryCallback
 .text.printmDNSQueryUsage
                0x0000000001006724       0xa8 netapp_cmd.obj
                0x0000000001006724                printmDNSQueryUsage
 .text.SimpleLinkPingReport
                0x00000000010067cc       0x90 netapp_cmd.obj
                0x00000000010067cc                SimpleLinkPingReport
 .text.cmdWlanConnectCallback
                0x000000000100685c      0x2e0 wlan_cmd.obj
                0x000000000100685c                cmdWlanConnectCallback
 .text.printWlanConnectUsage
                0x0000000001006b3c       0xcc wlan_cmd.obj
                0x0000000001006b3c                printWlanConnectUsage
 .text.cmdScanCallback
                0x0000000001006c08       0xdc wlan_cmd.obj
                0x0000000001006c08                cmdScanCallback
 .text.printScanUsage
                0x0000000001006ce4       0x8c wlan_cmd.obj
                0x0000000001006ce4                printScanUsage
 .text.cmdSetPolicyCallback
                0x0000000001006d70      0x144 wlan_cmd.obj
                0x0000000001006d70                cmdSetPolicyCallback
 .text.printSetPolicyUsage
                0x0000000001006eb4       0xb0 wlan_cmd.obj
                0x0000000001006eb4                printSetPolicyUsage
 .text.cmdWlanStartApCallback
                0x0000000001006f64      0x310 wlan_cmd.obj
                0x0000000001006f64                cmdWlanStartApCallback
 .text.printWlanStartApUsage
                0x0000000001007274       0xcc wlan_cmd.obj
                0x0000000001007274                printWlanStartApUsage
 .text.cmdWlanStopApCallback
                0x0000000001007340      0x1e0 wlan_cmd.obj
                0x0000000001007340                cmdWlanStopApCallback
 .text.printWlanStopApUsage
                0x0000000001007520       0x6c wlan_cmd.obj
                0x0000000001007520                printWlanStopApUsage
 .text.cmdWlanDisconnectCallback
                0x000000000100758c       0x54 wlan_cmd.obj
                0x000000000100758c                cmdWlanDisconnectCallback
 .text.printWlanDisconnectUsage
                0x00000000010075e0       0x6c wlan_cmd.obj
                0x00000000010075e0                printWlanDisconnectUsage
 .text.cmdConnectedStationsCallback
                0x000000000100764c      0x190 wlan_cmd.obj
                0x000000000100764c                cmdConnectedStationsCallback
 .text.printConnectedStationsUsage
                0x00000000010077dc       0x6c wlan_cmd.obj
                0x00000000010077dc                printConnectedStationsUsage
 .text.cmdCreateFilterCallback
                0x0000000001007848       0x98 wlan_cmd.obj
                0x0000000001007848                cmdCreateFilterCallback
 .text.printCreateFilterUsage
                0x00000000010078e0      0x104 wlan_cmd.obj
                0x00000000010078e0                printCreateFilterUsage
 .text.cmdEnableFilterCallback
                0x00000000010079e4       0x7c wlan_cmd.obj
                0x00000000010079e4                cmdEnableFilterCallback
 .text.printEnableFilterUsage
                0x0000000001007a60       0x68 wlan_cmd.obj
                0x0000000001007a60                printEnableFilterUsage
 .text.cmdDisableFilterCallback
                0x0000000001007ac8       0x7c wlan_cmd.obj
                0x0000000001007ac8                cmdDisableFilterCallback
 .text.printDisableFilterUsage
                0x0000000001007b44       0x68 wlan_cmd.obj
                0x0000000001007b44                printDisableFilterUsage
 .text.cmdDeleteFilterCallback
                0x0000000001007bac       0x7c wlan_cmd.obj
                0x0000000001007bac                cmdDeleteFilterCallback
 .text.printDeleteFilterUsage
                0x0000000001007c28       0x68 wlan_cmd.obj
                0x0000000001007c28                printDeleteFilterUsage
 .text.cmdEnableWoWLANCallback
                0x0000000001007c90      0x248 wlan_cmd.obj
                0x0000000001007c90                cmdEnableWoWLANCallback
 .text.printEnableWoWLANUsage
                0x0000000001007ed8       0xa4 wlan_cmd.obj
                0x0000000001007ed8                printEnableWoWLANUsage
 .text.cmdP2PModecallback
                0x0000000001007f7c      0x1c8 wlan_cmd.obj
                0x0000000001007f7c                cmdP2PModecallback
 .text.p2pConnect
                0x0000000001008144      0x150 wlan_cmd.obj
                0x0000000001008144                p2pConnect
 .text.printP2PStartUsage
                0x0000000001008294       0x78 wlan_cmd.obj
                0x0000000001008294                printP2PStartUsage
 .text.cmdP2PStopcallback
                0x000000000100830c       0xb0 wlan_cmd.obj
                0x000000000100830c                cmdP2PStopcallback
 .text.printP2PStopUsage
                0x00000000010083bc       0x78 wlan_cmd.obj
                0x00000000010083bc                printP2PStopUsage
 .text.printCountrycodeeUsage
                0x0000000001008434       0x88 wlan_cmd.obj
                0x0000000001008434                printCountrycodeeUsage
 .text.cmdCountrycodecallback
                0x00000000010084bc       0x52 wlan_cmd.obj
                0x00000000010084bc                cmdCountrycodecallback
 *fill*         0x000000000100850e        0x2 
 .text.setStaticIPConfig
                0x0000000001008510      0x154 wlan_cmd.obj
                0x0000000001008510                setStaticIPConfig
 .text.sendConnectionReq
                0x0000000001008664       0x5c wlan_cmd.obj
                0x0000000001008664                sendConnectionReq
 .text.printScanResults
                0x00000000010086c0      0x22c wlan_cmd.obj
                0x00000000010086c0                printScanResults
 .text.setP2Pparams
                0x00000000010088ec      0x1bc wlan_cmd.obj
                0x00000000010088ec                setP2Pparams
 .text.CheckSubFrameType
                0x0000000001008aa8       0x94 wlan_cmd.obj
                0x0000000001008aa8                CheckSubFrameType
 .text.printFrameSubTyps
                0x0000000001008b3c       0xd0 wlan_cmd.obj
                0x0000000001008b3c                printFrameSubTyps
 .text.ParseScanCmd
                0x0000000001008c0c      0x124 cmd_parser.obj
                0x0000000001008c0c                ParseScanCmd
 .text.ParseSetPolicyCmd
                0x0000000001008d30      0x28c cmd_parser.obj
                0x0000000001008d30                ParseSetPolicyCmd
 .text.ParseConnectCmd
                0x0000000001008fbc      0x4b4 cmd_parser.obj
                0x0000000001008fbc                ParseConnectCmd
 .text.FreeConnectCmd
                0x0000000001009470       0xa2 cmd_parser.obj
                0x0000000001009470                FreeConnectCmd
 *fill*         0x0000000001009512        0x2 
 .text.ParseStartApCmd
                0x0000000001009514      0x45c cmd_parser.obj
                0x0000000001009514                ParseStartApCmd
 .text.FreeStartApCmd
                0x0000000001009970       0x42 cmd_parser.obj
                0x0000000001009970                FreeStartApCmd
 *fill*         0x00000000010099b2        0x2 
 .text.ParseCmd
                0x00000000010099b4       0xb4 cmd_parser.obj
                0x00000000010099b4                ParseCmd
 .text.ParseCreateFilterCmd
                0x0000000001009a68      0xa40 cmd_parser.obj
                0x0000000001009a68                ParseCreateFilterCmd
 .text.ParseEnableWoWLANCmd
                0x000000000100a4a8      0x24c cmd_parser.obj
                0x000000000100a4a8                ParseEnableWoWLANCmd
 .text.ParsePingCmd
                0x000000000100a6f4      0x310 cmd_parser.obj
                0x000000000100a6f4                ParsePingCmd
 .text.FreePingCmd
                0x000000000100aa04       0x2a cmd_parser.obj
                0x000000000100aa04                FreePingCmd
 *fill*         0x000000000100aa2e        0x2 
 .text.ParsemDNSAdvertiseCmd
                0x000000000100aa30      0x2e0 cmd_parser.obj
                0x000000000100aa30                ParsemDNSAdvertiseCmd
 .text.FreemDNSAdvertiseCmd
                0x000000000100ad10       0x42 cmd_parser.obj
                0x000000000100ad10                FreemDNSAdvertiseCmd
 *fill*         0x000000000100ad52        0x2 
 .text.ParsemDNSQueryCmd
                0x000000000100ad54      0x1e4 cmd_parser.obj
                0x000000000100ad54                ParsemDNSQueryCmd
 .text.mDNScreateServiceName
                0x000000000100af38       0xd0 cmd_parser.obj
                0x000000000100af38                mDNScreateServiceName
 .text.ParseSendCmd
                0x000000000100b008      0x484 cmd_parser.obj
                0x000000000100b008                ParseSendCmd
 .text.FreeSendCmd
                0x000000000100b48c       0x2a cmd_parser.obj
                0x000000000100b48c                FreeSendCmd
 *fill*         0x000000000100b4b6        0x2 
 .text.ParseRecvCmd
                0x000000000100b4b8      0x4c0 cmd_parser.obj
                0x000000000100b4b8                ParseRecvCmd
 .text.ParseCountycodeCmd
                0x000000000100b978      0x160 cmd_parser.obj
                0x000000000100b978                ParseCountycodeCmd
 .text.FreeRecvCmd
                0x000000000100bad8       0x2a cmd_parser.obj
                0x000000000100bad8                FreeRecvCmd
 .text.dmaErrorFxn
                0x000000000100bb02       0x16 CC3220SF_LAUNCHXL.obj
 .text.CC3220SF_LAUNCHXL_initGeneral
                0x000000000100bb18       0x10 CC3220SF_LAUNCHXL.obj
                0x000000000100bb18                CC3220SF_LAUNCHXL_initGeneral
 .text.GPIO_hwiIntFxn
                0x000000000100bb28       0x6c /media/sf_CC3220/code/simplelink_cc32xx_sdk_2_20_00_10/source/ti/drivers/lib/drivers_cc32xx.am4g(GPIOCC32XX.om4g)
                0x000000000100bb28                GPIO_hwiIntFxn
 .text.GPIO_clearInt
                0x000000000100bb94       0x30 /media/sf_CC3220/code/simplelink_cc32xx_sdk_2_20_00_10/source/ti/drivers/lib/drivers_cc32xx.am4g(GPIOCC32XX.om4g)
                0x000000000100bb94                GPIO_clearInt
 .text.GPIO_disableInt
                0x000000000100bbc4       0x58 /media/sf_CC3220/code/simplelink_cc32xx_sdk_2_20_00_10/source/ti/drivers/lib/drivers_cc32xx.am4g(GPIOCC32XX.om4g)
                0x000000000100bbc4                GPIO_disableInt
 .text.GPIO_enableInt
                0x000000000100bc1c       0x54 /media/sf_CC3220/code/simplelink_cc32xx_sdk_2_20_00_10/source/ti/drivers/lib/drivers_cc32xx.am4g(GPIOCC32XX.om4g)
                0x000000000100bc1c                GPIO_enableInt
 .text.GPIO_setCallback
                0x000000000100bc70       0x50 /media/sf_CC3220/code/simplelink_cc32xx_sdk_2_20_00_10/source/ti/drivers/lib/drivers_cc32xx.am4g(GPIOCC32XX.om4g)
                0x000000000100bc70                GPIO_setCallback
 .text.GPIO_setConfig
                0x000000000100bcc0      0x1dc /media/sf_CC3220/code/simplelink_cc32xx_sdk_2_20_00_10/source/ti/drivers/lib/drivers_cc32xx.am4g(GPIOCC32XX.om4g)
                0x000000000100bcc0                GPIO_setConfig
 .text.GPIO_init
                0x000000000100be9c      0x12c /media/sf_CC3220/code/simplelink_cc32xx_sdk_2_20_00_10/source/ti/drivers/lib/drivers_cc32xx.am4g(GPIOCC32XX.om4g)
                0x000000000100be9c                GPIO_init
 .text.powerNotifyFxn
                0x000000000100bfc8       0xa8 /media/sf_CC3220/code/simplelink_cc32xx_sdk_2_20_00_10/source/ti/drivers/lib/drivers_cc32xx.am4g(GPIOCC32XX.om4g)
 .text.GPIO_write
                0x000000000100c070       0x60 /media/sf_CC3220/code/simplelink_cc32xx_sdk_2_20_00_10/source/ti/drivers/lib/drivers_cc32xx.am4g(GPIOCC32XX.om4g)
                0x000000000100c070                GPIO_write
 .text.notify   0x000000000100c0d0       0x34 /media/sf_CC3220/code/simplelink_cc32xx_sdk_2_20_00_10/source/ti/drivers/lib/drivers_cc32xx.am4g(PowerCC32XX.om4g)
 .text.Power_disablePolicy
                0x000000000100c104       0x14 /media/sf_CC3220/code/simplelink_cc32xx_sdk_2_20_00_10/source/ti/drivers/lib/drivers_cc32xx.am4g(PowerCC32XX.om4g)
                0x000000000100c104                Power_disablePolicy
 .text.Power_enablePolicy
                0x000000000100c118       0x10 /media/sf_CC3220/code/simplelink_cc32xx_sdk_2_20_00_10/source/ti/drivers/lib/drivers_cc32xx.am4g(PowerCC32XX.om4g)
                0x000000000100c118                Power_enablePolicy
 .text.Power_getConstraintMask
                0x000000000100c128        0xc /media/sf_CC3220/code/simplelink_cc32xx_sdk_2_20_00_10/source/ti/drivers/lib/drivers_cc32xx.am4g(PowerCC32XX.om4g)
                0x000000000100c128                Power_getConstraintMask
 .text.Power_getTransitionLatency
                0x000000000100c134       0x10 /media/sf_CC3220/code/simplelink_cc32xx_sdk_2_20_00_10/source/ti/drivers/lib/drivers_cc32xx.am4g(PowerCC32XX.om4g)
                0x000000000100c134                Power_getTransitionLatency
 .text.Power_idleFunc
                0x000000000100c144       0x14 /media/sf_CC3220/code/simplelink_cc32xx_sdk_2_20_00_10/source/ti/drivers/lib/drivers_cc32xx.am4g(PowerCC32XX.om4g)
                0x000000000100c144                Power_idleFunc
 .text.Power_registerNotify
                0x000000000100c158       0x24 /media/sf_CC3220/code/simplelink_cc32xx_sdk_2_20_00_10/source/ti/drivers/lib/drivers_cc32xx.am4g(PowerCC32XX.om4g)
                0x000000000100c158                Power_registerNotify
 .text.Power_releaseConstraint
                0x000000000100c17c       0x4c /media/sf_CC3220/code/simplelink_cc32xx_sdk_2_20_00_10/source/ti/drivers/lib/drivers_cc32xx.am4g(PowerCC32XX.om4g)
                0x000000000100c17c                Power_releaseConstraint
 .text.Power_releaseDependency
                0x000000000100c1c8       0x58 /media/sf_CC3220/code/simplelink_cc32xx_sdk_2_20_00_10/source/ti/drivers/lib/drivers_cc32xx.am4g(PowerCC32XX.om4g)
                0x000000000100c1c8                Power_releaseDependency
 .text.Power_setConstraint
                0x000000000100c220       0x38 /media/sf_CC3220/code/simplelink_cc32xx_sdk_2_20_00_10/source/ti/drivers/lib/drivers_cc32xx.am4g(PowerCC32XX.om4g)
                0x000000000100c220                Power_setConstraint
 .text.Power_setDependency
                0x000000000100c258       0x80 /media/sf_CC3220/code/simplelink_cc32xx_sdk_2_20_00_10/source/ti/drivers/lib/drivers_cc32xx.am4g(PowerCC32XX.om4g)
                0x000000000100c258                Power_setDependency
 .text.Power_unregisterNotify
                0x000000000100c2d8       0x20 /media/sf_CC3220/code/simplelink_cc32xx_sdk_2_20_00_10/source/ti/drivers/lib/drivers_cc32xx.am4g(PowerCC32XX.om4g)
                0x000000000100c2d8                Power_unregisterNotify
 .text.PowerCC32XX_configureWakeup
                0x000000000100c2f8       0xb0 /media/sf_CC3220/code/simplelink_cc32xx_sdk_2_20_00_10/source/ti/drivers/lib/drivers_cc32xx.am4g(PowerCC32XX.om4g)
                0x000000000100c2f8                PowerCC32XX_configureWakeup
 .text.Power_init
                0x000000000100c3a8       0x90 /media/sf_CC3220/code/simplelink_cc32xx_sdk_2_20_00_10/source/ti/drivers/lib/drivers_cc32xx.am4g(PowerCC32XX.om4g)
                0x000000000100c3a8                Power_init
 .text.PowerCC32XX_getParkState
                0x000000000100c438       0x3c /media/sf_CC3220/code/simplelink_cc32xx_sdk_2_20_00_10/source/ti/drivers/lib/drivers_cc32xx.am4g(PowerCC32XX.om4g)
                0x000000000100c438                PowerCC32XX_getParkState
 .text.PowerCC32XX_getWakeup
                0x000000000100c474       0x1c /media/sf_CC3220/code/simplelink_cc32xx_sdk_2_20_00_10/source/ti/drivers/lib/drivers_cc32xx.am4g(PowerCC32XX.om4g)
                0x000000000100c474                PowerCC32XX_getWakeup
 .text.PowerCC32XX_parkPin
                0x000000000100c490       0x4c /media/sf_CC3220/code/simplelink_cc32xx_sdk_2_20_00_10/source/ti/drivers/lib/drivers_cc32xx.am4g(PowerCC32XX.om4g)
                0x000000000100c490                PowerCC32XX_parkPin
 .text.PowerCC32XX_restoreParkedPin
                0x000000000100c4dc       0x34 /media/sf_CC3220/code/simplelink_cc32xx_sdk_2_20_00_10/source/ti/drivers/lib/drivers_cc32xx.am4g(PowerCC32XX.om4g)
                0x000000000100c4dc                PowerCC32XX_restoreParkedPin
 .text.Power_sleep
                0x000000000100c510      0x53c /media/sf_CC3220/code/simplelink_cc32xx_sdk_2_20_00_10/source/ti/drivers/lib/drivers_cc32xx.am4g(PowerCC32XX.om4g)
                0x000000000100c510                Power_sleep
 .text.PowerCC32XX_restoreParkState
                0x000000000100ca4c       0x3c /media/sf_CC3220/code/simplelink_cc32xx_sdk_2_20_00_10/source/ti/drivers/lib/drivers_cc32xx.am4g(PowerCC32XX.om4g)
                0x000000000100ca4c                PowerCC32XX_restoreParkState
 .text.PowerCC32XX_setParkState
                0x000000000100ca88       0x70 /media/sf_CC3220/code/simplelink_cc32xx_sdk_2_20_00_10/source/ti/drivers/lib/drivers_cc32xx.am4g(PowerCC32XX.om4g)
                0x000000000100ca88                PowerCC32XX_setParkState
 .text.SPI_close
                0x000000000100caf8        0x8 /media/sf_CC3220/code/simplelink_cc32xx_sdk_2_20_00_10/source/ti/drivers/lib/drivers_cc32xx.am4g(SPI.om4g)
                0x000000000100caf8                SPI_close
 .text.SPI_init
                0x000000000100cb00       0x4c /media/sf_CC3220/code/simplelink_cc32xx_sdk_2_20_00_10/source/ti/drivers/lib/drivers_cc32xx.am4g(SPI.om4g)
                0x000000000100cb00                SPI_init
 .text.SPI_open
                0x000000000100cb4c       0x44 /media/sf_CC3220/code/simplelink_cc32xx_sdk_2_20_00_10/source/ti/drivers/lib/drivers_cc32xx.am4g(SPI.om4g)
                0x000000000100cb4c                SPI_open
 .text.SPI_Params_init
                0x000000000100cb90       0x1c /media/sf_CC3220/code/simplelink_cc32xx_sdk_2_20_00_10/source/ti/drivers/lib/drivers_cc32xx.am4g(SPI.om4g)
                0x000000000100cb90                SPI_Params_init
 .text.SPI_transfer
                0x000000000100cbac        0x8 /media/sf_CC3220/code/simplelink_cc32xx_sdk_2_20_00_10/source/ti/drivers/lib/drivers_cc32xx.am4g(SPI.om4g)
                0x000000000100cbac                SPI_transfer
 .text.SPICC32XXDMA_control
                0x000000000100cbb4        0x8 /media/sf_CC3220/code/simplelink_cc32xx_sdk_2_20_00_10/source/ti/drivers/lib/drivers_cc32xx.am4g(SPICC32XXDMA.om4g)
                0x000000000100cbb4                SPICC32XXDMA_control
 .text.SPICC32XXDMA_close
                0x000000000100cbbc       0xe0 /media/sf_CC3220/code/simplelink_cc32xx_sdk_2_20_00_10/source/ti/drivers/lib/drivers_cc32xx.am4g(SPICC32XXDMA.om4g)
                0x000000000100cbbc                SPICC32XXDMA_close
 .text.SPICC32XXDMA_init
                0x000000000100cc9c        0x4 /media/sf_CC3220/code/simplelink_cc32xx_sdk_2_20_00_10/source/ti/drivers/lib/drivers_cc32xx.am4g(SPICC32XXDMA.om4g)
                0x000000000100cc9c                SPICC32XXDMA_init
 .text.configDMA
                0x000000000100cca0      0x160 /media/sf_CC3220/code/simplelink_cc32xx_sdk_2_20_00_10/source/ti/drivers/lib/drivers_cc32xx.am4g(SPICC32XXDMA.om4g)
 .text.blockingTransferCallback
                0x000000000100ce00        0x8 /media/sf_CC3220/code/simplelink_cc32xx_sdk_2_20_00_10/source/ti/drivers/lib/drivers_cc32xx.am4g(SPICC32XXDMA.om4g)
 .text.spiHwiFxn
                0x000000000100ce08       0xbc /media/sf_CC3220/code/simplelink_cc32xx_sdk_2_20_00_10/source/ti/drivers/lib/drivers_cc32xx.am4g(SPICC32XXDMA.om4g)
 .text.initHw   0x000000000100cec4       0x90 /media/sf_CC3220/code/simplelink_cc32xx_sdk_2_20_00_10/source/ti/drivers/lib/drivers_cc32xx.am4g(SPICC32XXDMA.om4g)
 .text.SPICC32XXDMA_open
                0x000000000100cf54      0x184 /media/sf_CC3220/code/simplelink_cc32xx_sdk_2_20_00_10/source/ti/drivers/lib/drivers_cc32xx.am4g(SPICC32XXDMA.om4g)
                0x000000000100cf54                SPICC32XXDMA_open
 .text.postNotifyFxn
                0x000000000100d0d8       0x10 /media/sf_CC3220/code/simplelink_cc32xx_sdk_2_20_00_10/source/ti/drivers/lib/drivers_cc32xx.am4g(SPICC32XXDMA.om4g)
 .text.SPICC32XXDMA_transferCancel
                0x000000000100d0e8       0xf8 /media/sf_CC3220/code/simplelink_cc32xx_sdk_2_20_00_10/source/ti/drivers/lib/drivers_cc32xx.am4g(SPICC32XXDMA.om4g)
                0x000000000100d0e8                SPICC32XXDMA_transferCancel
 .text.SPICC32XXDMA_transfer
                0x000000000100d1e0      0x1d0 /media/sf_CC3220/code/simplelink_cc32xx_sdk_2_20_00_10/source/ti/drivers/lib/drivers_cc32xx.am4g(SPICC32XXDMA.om4g)
                0x000000000100d1e0                SPICC32XXDMA_transfer
 .text.UART_control
                0x000000000100d3b0        0x8 /media/sf_CC3220/code/simplelink_cc32xx_sdk_2_20_00_10/source/ti/drivers/lib/drivers_cc32xx.am4g(UART.om4g)
                0x000000000100d3b0                UART_control
 .text.UART_init
                0x000000000100d3b8       0x4c /media/sf_CC3220/code/simplelink_cc32xx_sdk_2_20_00_10/source/ti/drivers/lib/drivers_cc32xx.am4g(UART.om4g)
                0x000000000100d3b8                UART_init
 .text.UART_open
                0x000000000100d404       0x44 /media/sf_CC3220/code/simplelink_cc32xx_sdk_2_20_00_10/source/ti/drivers/lib/drivers_cc32xx.am4g(UART.om4g)
                0x000000000100d404                UART_open
 .text.UART_Params_init
                0x000000000100d448       0x1c /media/sf_CC3220/code/simplelink_cc32xx_sdk_2_20_00_10/source/ti/drivers/lib/drivers_cc32xx.am4g(UART.om4g)
                0x000000000100d448                UART_Params_init
 .text.UART_readPolling
                0x000000000100d464        0x8 /media/sf_CC3220/code/simplelink_cc32xx_sdk_2_20_00_10/source/ti/drivers/lib/drivers_cc32xx.am4g(UART.om4g)
                0x000000000100d464                UART_readPolling
 .text.UART_writePolling
                0x000000000100d46c        0x8 /media/sf_CC3220/code/simplelink_cc32xx_sdk_2_20_00_10/source/ti/drivers/lib/drivers_cc32xx.am4g(UART.om4g)
                0x000000000100d46c                UART_writePolling
 .text.UARTCC32XX_init
                0x000000000100d474        0x4 /media/sf_CC3220/code/simplelink_cc32xx_sdk_2_20_00_10/source/ti/drivers/lib/drivers_cc32xx.am4g(UARTCC32XX.om4g)
                0x000000000100d474                UARTCC32XX_init
 .text.UARTCC32XX_writePolling
                0x000000000100d478       0x74 /media/sf_CC3220/code/simplelink_cc32xx_sdk_2_20_00_10/source/ti/drivers/lib/drivers_cc32xx.am4g(UARTCC32XX.om4g)
                0x000000000100d478                UARTCC32XX_writePolling
 .text.UARTCC32XX_close
                0x000000000100d4ec      0x10c /media/sf_CC3220/code/simplelink_cc32xx_sdk_2_20_00_10/source/ti/drivers/lib/drivers_cc32xx.am4g(UARTCC32XX.om4g)
                0x000000000100d4ec                UARTCC32XX_close
 .text.UARTCC32XX_control
                0x000000000100d5f8       0xf4 /media/sf_CC3220/code/simplelink_cc32xx_sdk_2_20_00_10/source/ti/drivers/lib/drivers_cc32xx.am4g(UARTCC32XX.om4g)
                0x000000000100d5f8                UARTCC32XX_control
 .text.UARTCC32XX_read
                0x000000000100d6ec       0x40 /media/sf_CC3220/code/simplelink_cc32xx_sdk_2_20_00_10/source/ti/drivers/lib/drivers_cc32xx.am4g(UARTCC32XX.om4g)
                0x000000000100d6ec                UARTCC32XX_read
 .text.UARTCC32XX_readCancel
                0x000000000100d72c       0x38 /media/sf_CC3220/code/simplelink_cc32xx_sdk_2_20_00_10/source/ti/drivers/lib/drivers_cc32xx.am4g(UARTCC32XX.om4g)
                0x000000000100d72c                UARTCC32XX_readCancel
 .text.UARTCC32XX_writeCancel
                0x000000000100d764       0x64 /media/sf_CC3220/code/simplelink_cc32xx_sdk_2_20_00_10/source/ti/drivers/lib/drivers_cc32xx.am4g(UARTCC32XX.om4g)
                0x000000000100d764                UARTCC32XX_writeCancel
 .text.readBlockingTimeout
                0x000000000100d7c8       0x10 /media/sf_CC3220/code/simplelink_cc32xx_sdk_2_20_00_10/source/ti/drivers/lib/drivers_cc32xx.am4g(UARTCC32XX.om4g)
 .text.readSemCallback
                0x000000000100d7d8        0x8 /media/sf_CC3220/code/simplelink_cc32xx_sdk_2_20_00_10/source/ti/drivers/lib/drivers_cc32xx.am4g(UARTCC32XX.om4g)
 .text.writeSemCallback
                0x000000000100d7e0        0x8 /media/sf_CC3220/code/simplelink_cc32xx_sdk_2_20_00_10/source/ti/drivers/lib/drivers_cc32xx.am4g(UARTCC32XX.om4g)
 .text.readIsrTextBlocking
                0x000000000100d7e8       0xc0 /media/sf_CC3220/code/simplelink_cc32xx_sdk_2_20_00_10/source/ti/drivers/lib/drivers_cc32xx.am4g(UARTCC32XX.om4g)
 .text.readIsrBinaryBlocking
                0x000000000100d8a8       0x90 /media/sf_CC3220/code/simplelink_cc32xx_sdk_2_20_00_10/source/ti/drivers/lib/drivers_cc32xx.am4g(UARTCC32XX.om4g)
 .text.readTaskCallback
                0x000000000100d938       0xb8 /media/sf_CC3220/code/simplelink_cc32xx_sdk_2_20_00_10/source/ti/drivers/lib/drivers_cc32xx.am4g(UARTCC32XX.om4g)
 .text.readIsrTextCallback
                0x000000000100d9f0       0xb4 /media/sf_CC3220/code/simplelink_cc32xx_sdk_2_20_00_10/source/ti/drivers/lib/drivers_cc32xx.am4g(UARTCC32XX.om4g)
 .text.readIsrBinaryCallback
                0x000000000100daa4       0x78 /media/sf_CC3220/code/simplelink_cc32xx_sdk_2_20_00_10/source/ti/drivers/lib/drivers_cc32xx.am4g(UARTCC32XX.om4g)
 .text.UARTCC32XX_readPolling
                0x000000000100db1c       0xb4 /media/sf_CC3220/code/simplelink_cc32xx_sdk_2_20_00_10/source/ti/drivers/lib/drivers_cc32xx.am4g(UARTCC32XX.om4g)
                0x000000000100db1c                UARTCC32XX_readPolling
 .text.readTaskBlocking
                0x000000000100dbd0       0xb0 /media/sf_CC3220/code/simplelink_cc32xx_sdk_2_20_00_10/source/ti/drivers/lib/drivers_cc32xx.am4g(UARTCC32XX.om4g)
 .text.writeData.isra.1
                0x000000000100dc80       0xb0 /media/sf_CC3220/code/simplelink_cc32xx_sdk_2_20_00_10/source/ti/drivers/lib/drivers_cc32xx.am4g(UARTCC32XX.om4g)
 .text.UARTCC32XX_hwiIntFxn
                0x000000000100dd30       0x68 /media/sf_CC3220/code/simplelink_cc32xx_sdk_2_20_00_10/source/ti/drivers/lib/drivers_cc32xx.am4g(UARTCC32XX.om4g)
 .text.UARTCC32XX_write
                0x000000000100dd98       0xd4 /media/sf_CC3220/code/simplelink_cc32xx_sdk_2_20_00_10/source/ti/drivers/lib/drivers_cc32xx.am4g(UARTCC32XX.om4g)
                0x000000000100dd98                UARTCC32XX_write
 .text.initHw.isra.2
                0x000000000100de6c       0xa8 /media/sf_CC3220/code/simplelink_cc32xx_sdk_2_20_00_10/source/ti/drivers/lib/drivers_cc32xx.am4g(UARTCC32XX.om4g)
 .text.UARTCC32XX_open
                0x000000000100df14      0x260 /media/sf_CC3220/code/simplelink_cc32xx_sdk_2_20_00_10/source/ti/drivers/lib/drivers_cc32xx.am4g(UARTCC32XX.om4g)
                0x000000000100df14                UARTCC32XX_open
 .text.postNotifyFxn
                0x000000000100e174       0x10 /media/sf_CC3220/code/simplelink_cc32xx_sdk_2_20_00_10/source/ti/drivers/lib/drivers_cc32xx.am4g(UARTCC32XX.om4g)
 .text.List_put
                0x000000000100e184       0x2c /media/sf_CC3220/code/simplelink_cc32xx_sdk_2_20_00_10/source/ti/drivers/lib/drivers_cc32xx.am4g(List.om4g)
                0x000000000100e184                List_put
 .text.List_remove
                0x000000000100e1b0       0x30 /media/sf_CC3220/code/simplelink_cc32xx_sdk_2_20_00_10/source/ti/drivers/lib/drivers_cc32xx.am4g(List.om4g)
                0x000000000100e1b0                List_remove
 .text.RingBuf_construct
                0x000000000100e1e0       0x18 /media/sf_CC3220/code/simplelink_cc32xx_sdk_2_20_00_10/source/ti/drivers/lib/drivers_cc32xx.am4g(RingBuf.om4g)
                0x000000000100e1e0                RingBuf_construct
 .text.RingBuf_get
                0x000000000100e1f8       0x40 /media/sf_CC3220/code/simplelink_cc32xx_sdk_2_20_00_10/source/ti/drivers/lib/drivers_cc32xx.am4g(RingBuf.om4g)
                0x000000000100e1f8                RingBuf_get
 .text.RingBuf_peek
                0x000000000100e238       0x1c /media/sf_CC3220/code/simplelink_cc32xx_sdk_2_20_00_10/source/ti/drivers/lib/drivers_cc32xx.am4g(RingBuf.om4g)
                0x000000000100e238                RingBuf_peek
 .text.RingBuf_put
                0x000000000100e254       0x48 /media/sf_CC3220/code/simplelink_cc32xx_sdk_2_20_00_10/source/ti/drivers/lib/drivers_cc32xx.am4g(RingBuf.om4g)
                0x000000000100e254                RingBuf_put
 .text.postNotifyFxn
                0x000000000100e29c       0x1c /media/sf_CC3220/code/simplelink_cc32xx_sdk_2_20_00_10/source/ti/drivers/lib/drivers_cc32xx.am4g(UDMACC32XX.om4g)
 .text.UDMACC32XX_close
                0x000000000100e2b8       0x34 /media/sf_CC3220/code/simplelink_cc32xx_sdk_2_20_00_10/source/ti/drivers/lib/drivers_cc32xx.am4g(UDMACC32XX.om4g)
                0x000000000100e2b8                UDMACC32XX_close
 .text.UDMACC32XX_init
                0x000000000100e2ec       0x40 /media/sf_CC3220/code/simplelink_cc32xx_sdk_2_20_00_10/source/ti/drivers/lib/drivers_cc32xx.am4g(UDMACC32XX.om4g)
                0x000000000100e2ec                UDMACC32XX_init
 .text.UDMACC32XX_open
                0x000000000100e32c       0x7c /media/sf_CC3220/code/simplelink_cc32xx_sdk_2_20_00_10/source/ti/drivers/lib/drivers_cc32xx.am4g(UDMACC32XX.om4g)
                0x000000000100e32c                UDMACC32XX_open
 .text._SlDeviceGetStartResponseConvert
                0x000000000100e3a8       0x24 /media/sf_CC3220/code/simplelink_cc32xx_sdk_2_20_00_10/source/ti/drivers/net/wifi/gcc/rtos/simplelink.a(device.obj)
 .text.sl_Task  0x000000000100e3cc       0x16 /media/sf_CC3220/code/simplelink_cc32xx_sdk_2_20_00_10/source/ti/drivers/net/wifi/gcc/rtos/simplelink.a(device.obj)
                0x000000000100e3cc                sl_Task
 *fill*         0x000000000100e3e2        0x2 
 .text.sl_Start
                0x000000000100e3e4      0x144 /media/sf_CC3220/code/simplelink_cc32xx_sdk_2_20_00_10/source/ti/drivers/net/wifi/gcc/rtos/simplelink.a(device.obj)
                0x000000000100e3e4                sl_Start
 .text._SlDeviceHandleAsync_InitComplete
                0x000000000100e528       0xdc /media/sf_CC3220/code/simplelink_cc32xx_sdk_2_20_00_10/source/ti/drivers/net/wifi/gcc/rtos/simplelink.a(device.obj)
                0x000000000100e528                _SlDeviceHandleAsync_InitComplete
 .text._SlDeviceHandleAsync_Stop
                0x000000000100e604       0x88 /media/sf_CC3220/code/simplelink_cc32xx_sdk_2_20_00_10/source/ti/drivers/net/wifi/gcc/rtos/simplelink.a(device.obj)
                0x000000000100e604                _SlDeviceHandleAsync_Stop
 .text.sl_Stop  0x000000000100e68c      0x188 /media/sf_CC3220/code/simplelink_cc32xx_sdk_2_20_00_10/source/ti/drivers/net/wifi/gcc/rtos/simplelink.a(device.obj)
                0x000000000100e68c                sl_Stop
 .text.sl_DeviceGet
                0x000000000100e814       0xd0 /media/sf_CC3220/code/simplelink_cc32xx_sdk_2_20_00_10/source/ti/drivers/net/wifi/gcc/rtos/simplelink.a(device.obj)
                0x000000000100e814                sl_DeviceGet
 .text.sl_DeviceSet
                0x000000000100e8e4       0x8c /media/sf_CC3220/code/simplelink_cc32xx_sdk_2_20_00_10/source/ti/drivers/net/wifi/gcc/rtos/simplelink.a(device.obj)
                0x000000000100e8e4                sl_DeviceSet
 .text._SlDeviceEventHandler
                0x000000000100e970      0x120 /media/sf_CC3220/code/simplelink_cc32xx_sdk_2_20_00_10/source/ti/drivers/net/wifi/gcc/rtos/simplelink.a(device.obj)
                0x000000000100e970                _SlDeviceEventHandler
 .text._SlDeviceResetRequestInitCompletedCB
                0x000000000100ea90       0x14 /media/sf_CC3220/code/simplelink_cc32xx_sdk_2_20_00_10/source/ti/drivers/net/wifi/gcc/rtos/simplelink.a(device.obj)
                0x000000000100ea90                _SlDeviceResetRequestInitCompletedCB
 .text._SlDeviceHandleResetRequestInternally
                0x000000000100eaa4       0x74 /media/sf_CC3220/code/simplelink_cc32xx_sdk_2_20_00_10/source/ti/drivers/net/wifi/gcc/rtos/simplelink.a(device.obj)
                0x000000000100eaa4                _SlDeviceHandleResetRequestInternally
 .text._SlDrvDriverCBInit
                0x000000000100eb18      0x234 /media/sf_CC3220/code/simplelink_cc32xx_sdk_2_20_00_10/source/ti/drivers/net/wifi/gcc/rtos/simplelink.a(driver.obj)
                0x000000000100eb18                _SlDrvDriverCBInit
 .text._SlDrvDriverCBDeinit
                0x000000000100ed4c      0x164 /media/sf_CC3220/code/simplelink_cc32xx_sdk_2_20_00_10/source/ti/drivers/net/wifi/gcc/rtos/simplelink.a(driver.obj)
                0x000000000100ed4c                _SlDrvDriverCBDeinit
 .text._SlDrvRxIrqHandler
                0x000000000100eeb0       0x68 /media/sf_CC3220/code/simplelink_cc32xx_sdk_2_20_00_10/source/ti/drivers/net/wifi/gcc/rtos/simplelink.a(driver.obj)
                0x000000000100eeb0                _SlDrvRxIrqHandler
 .text._SlDrvDriverIsApiAllowed
                0x000000000100ef18       0xb0 /media/sf_CC3220/code/simplelink_cc32xx_sdk_2_20_00_10/source/ti/drivers/net/wifi/gcc/rtos/simplelink.a(driver.obj)
                0x000000000100ef18                _SlDrvDriverIsApiAllowed
 .text._SlDrvCmdOp
                0x000000000100efc8      0x118 /media/sf_CC3220/code/simplelink_cc32xx_sdk_2_20_00_10/source/ti/drivers/net/wifi/gcc/rtos/simplelink.a(driver.obj)
                0x000000000100efc8                _SlDrvCmdOp
 .text._SlDrvDataReadOp
                0x000000000100f0e0      0x25c /media/sf_CC3220/code/simplelink_cc32xx_sdk_2_20_00_10/source/ti/drivers/net/wifi/gcc/rtos/simplelink.a(driver.obj)
                0x000000000100f0e0                _SlDrvDataReadOp
 .text._SlDrvDataWriteOp
                0x000000000100f33c      0x1f4 /media/sf_CC3220/code/simplelink_cc32xx_sdk_2_20_00_10/source/ti/drivers/net/wifi/gcc/rtos/simplelink.a(driver.obj)
                0x000000000100f33c                _SlDrvDataWriteOp
 .text._SlDrvMsgWrite
                0x000000000100f530      0x3e8 /media/sf_CC3220/code/simplelink_cc32xx_sdk_2_20_00_10/source/ti/drivers/net/wifi/gcc/rtos/simplelink.a(driver.obj)
 .text._SlDrvMsgRead
                0x000000000100f918      0x998 /media/sf_CC3220/code/simplelink_cc32xx_sdk_2_20_00_10/source/ti/drivers/net/wifi/gcc/rtos/simplelink.a(driver.obj)
 .text._SlDrvAsyncEventGenericHandler
                0x00000000010102b0      0x120 /media/sf_CC3220/code/simplelink_cc32xx_sdk_2_20_00_10/source/ti/drivers/net/wifi/gcc/rtos/simplelink.a(driver.obj)
 .text._SlDrvMsgReadCmdCtx
                0x00000000010103d0      0x220 /media/sf_CC3220/code/simplelink_cc32xx_sdk_2_20_00_10/source/ti/drivers/net/wifi/gcc/rtos/simplelink.a(driver.obj)
 .text._SlDrvMsgReadSpawnCtx
                0x00000000010105f0      0x148 /media/sf_CC3220/code/simplelink_cc32xx_sdk_2_20_00_10/source/ti/drivers/net/wifi/gcc/rtos/simplelink.a(driver.obj)
                0x00000000010105f0                _SlDrvMsgReadSpawnCtx
 .text._SlDrvClassifyRxMsg
                0x0000000001010738      0x110 /media/sf_CC3220/code/simplelink_cc32xx_sdk_2_20_00_10/source/ti/drivers/net/wifi/gcc/rtos/simplelink.a(driver.obj)
 .text._SlDrvRxHdrRead
                0x0000000001010848      0x320 /media/sf_CC3220/code/simplelink_cc32xx_sdk_2_20_00_10/source/ti/drivers/net/wifi/gcc/rtos/simplelink.a(driver.obj)
 .text._SlDrvBasicCmd
                0x0000000001010b68       0x50 /media/sf_CC3220/code/simplelink_cc32xx_sdk_2_20_00_10/source/ti/drivers/net/wifi/gcc/rtos/simplelink.a(driver.obj)
                0x0000000001010b68                _SlDrvBasicCmd
 .text._SlDrvCmdSend_noLock
                0x0000000001010bb8       0x74 /media/sf_CC3220/code/simplelink_cc32xx_sdk_2_20_00_10/source/ti/drivers/net/wifi/gcc/rtos/simplelink.a(driver.obj)
                0x0000000001010bb8                _SlDrvCmdSend_noLock
 .text._SlDrvCmdSend_noWait
                0x0000000001010c2c       0x54 /media/sf_CC3220/code/simplelink_cc32xx_sdk_2_20_00_10/source/ti/drivers/net/wifi/gcc/rtos/simplelink.a(driver.obj)
                0x0000000001010c2c                _SlDrvCmdSend_noWait
 .text._SlDrvProtectAsyncRespSetting
                0x0000000001010c80       0x70 /media/sf_CC3220/code/simplelink_cc32xx_sdk_2_20_00_10/source/ti/drivers/net/wifi/gcc/rtos/simplelink.a(driver.obj)
                0x0000000001010c80                _SlDrvProtectAsyncRespSetting
 .text._SlDrvIsSpawnOwnGlobalLock
                0x0000000001010cf0       0x1e /media/sf_CC3220/code/simplelink_cc32xx_sdk_2_20_00_10/source/ti/drivers/net/wifi/gcc/rtos/simplelink.a(driver.obj)
                0x0000000001010cf0                _SlDrvIsSpawnOwnGlobalLock
 *fill*         0x0000000001010d0e        0x2 
 .text._SlDrvWaitForPoolObj
                0x0000000001010d10      0x25c /media/sf_CC3220/code/simplelink_cc32xx_sdk_2_20_00_10/source/ti/drivers/net/wifi/gcc/rtos/simplelink.a(driver.obj)
                0x0000000001010d10                _SlDrvWaitForPoolObj
 .text._SlDrvReleasePoolObj
                0x0000000001010f6c      0x268 /media/sf_CC3220/code/simplelink_cc32xx_sdk_2_20_00_10/source/ti/drivers/net/wifi/gcc/rtos/simplelink.a(driver.obj)
                0x0000000001010f6c                _SlDrvReleasePoolObj
 .text._SlDrvReleaseAllActivePendingPoolObj
                0x00000000010111d4      0x188 /media/sf_CC3220/code/simplelink_cc32xx_sdk_2_20_00_10/source/ti/drivers/net/wifi/gcc/rtos/simplelink.a(driver.obj)
                0x00000000010111d4                _SlDrvReleaseAllActivePendingPoolObj
 .text._SlDrvRemoveFromList
                0x000000000101135c       0xd0 /media/sf_CC3220/code/simplelink_cc32xx_sdk_2_20_00_10/source/ti/drivers/net/wifi/gcc/rtos/simplelink.a(driver.obj)
 .text._SlDrvFindAndSetActiveObj
                0x000000000101142c      0x16c /media/sf_CC3220/code/simplelink_cc32xx_sdk_2_20_00_10/source/ti/drivers/net/wifi/gcc/rtos/simplelink.a(driver.obj)
 .text._SlDrvDispatchHttpServerEvents
                0x0000000001011598       0x1a /media/sf_CC3220/code/simplelink_cc32xx_sdk_2_20_00_10/source/ti/drivers/net/wifi/gcc/rtos/simplelink.a(driver.obj)
                0x0000000001011598                _SlDrvDispatchHttpServerEvents
 .text._SlDrvDispatchNetAppRequestEvents
                0x00000000010115b2       0x1a /media/sf_CC3220/code/simplelink_cc32xx_sdk_2_20_00_10/source/ti/drivers/net/wifi/gcc/rtos/simplelink.a(driver.obj)
                0x00000000010115b2                _SlDrvDispatchNetAppRequestEvents
 .text._SlDrvSyncObjSignal
                0x00000000010115cc       0x2a /media/sf_CC3220/code/simplelink_cc32xx_sdk_2_20_00_10/source/ti/drivers/net/wifi/gcc/rtos/simplelink.a(driver.obj)
                0x00000000010115cc                _SlDrvSyncObjSignal
 .text._SlDrvObjLockWaitForever
                0x00000000010115f6       0x2a /media/sf_CC3220/code/simplelink_cc32xx_sdk_2_20_00_10/source/ti/drivers/net/wifi/gcc/rtos/simplelink.a(driver.obj)
                0x00000000010115f6                _SlDrvObjLockWaitForever
 .text._SlDrvProtectionObjLockWaitForever
                0x0000000001011620       0x34 /media/sf_CC3220/code/simplelink_cc32xx_sdk_2_20_00_10/source/ti/drivers/net/wifi/gcc/rtos/simplelink.a(driver.obj)
                0x0000000001011620                _SlDrvProtectionObjLockWaitForever
 .text._SlDrvObjUnLock
                0x0000000001011654       0x2a /media/sf_CC3220/code/simplelink_cc32xx_sdk_2_20_00_10/source/ti/drivers/net/wifi/gcc/rtos/simplelink.a(driver.obj)
                0x0000000001011654                _SlDrvObjUnLock
 *fill*         0x000000000101167e        0x2 
 .text._SlDrvProtectionObjUnLock
                0x0000000001011680       0x34 /media/sf_CC3220/code/simplelink_cc32xx_sdk_2_20_00_10/source/ti/drivers/net/wifi/gcc/rtos/simplelink.a(driver.obj)
                0x0000000001011680                _SlDrvProtectionObjUnLock
 .text._SlDrvObjGlobalLockWaitForever
                0x00000000010116b4      0x11c /media/sf_CC3220/code/simplelink_cc32xx_sdk_2_20_00_10/source/ti/drivers/net/wifi/gcc/rtos/simplelink.a(driver.obj)
 .text._SlDrvGlobalObjUnLock
                0x00000000010117d0       0x50 /media/sf_CC3220/code/simplelink_cc32xx_sdk_2_20_00_10/source/ti/drivers/net/wifi/gcc/rtos/simplelink.a(driver.obj)
                0x00000000010117d0                _SlDrvGlobalObjUnLock
 .text._SlDrvMemZero
                0x0000000001011820       0x20 /media/sf_CC3220/code/simplelink_cc32xx_sdk_2_20_00_10/source/ti/drivers/net/wifi/gcc/rtos/simplelink.a(driver.obj)
                0x0000000001011820                _SlDrvMemZero
 .text._SlDrvResetCmdExt
                0x0000000001011840       0x18 /media/sf_CC3220/code/simplelink_cc32xx_sdk_2_20_00_10/source/ti/drivers/net/wifi/gcc/rtos/simplelink.a(driver.obj)
                0x0000000001011840                _SlDrvResetCmdExt
 .text._SlDrvSyncObjWaitForever
                0x0000000001011858       0x40 /media/sf_CC3220/code/simplelink_cc32xx_sdk_2_20_00_10/source/ti/drivers/net/wifi/gcc/rtos/simplelink.a(driver.obj)
                0x0000000001011858                _SlDrvSyncObjWaitForever
 .text._SlDrvStartMeasureTimeout
                0x0000000001011898       0x38 /media/sf_CC3220/code/simplelink_cc32xx_sdk_2_20_00_10/source/ti/drivers/net/wifi/gcc/rtos/simplelink.a(driver.obj)
                0x0000000001011898                _SlDrvStartMeasureTimeout
 .text._SlDrvIsTimeoutExpired
                0x00000000010118d0       0xa4 /media/sf_CC3220/code/simplelink_cc32xx_sdk_2_20_00_10/source/ti/drivers/net/wifi/gcc/rtos/simplelink.a(driver.obj)
                0x00000000010118d0                _SlDrvIsTimeoutExpired
 .text._SlDrvHandleFatalError
                0x0000000001011974       0xcc /media/sf_CC3220/code/simplelink_cc32xx_sdk_2_20_00_10/source/ti/drivers/net/wifi/gcc/rtos/simplelink.a(driver.obj)
                0x0000000001011974                _SlDrvHandleFatalError
 .text._SlDrvSyncObjWaitTimeout
                0x0000000001011a40       0x54 /media/sf_CC3220/code/simplelink_cc32xx_sdk_2_20_00_10/source/ti/drivers/net/wifi/gcc/rtos/simplelink.a(driver.obj)
                0x0000000001011a40                _SlDrvSyncObjWaitTimeout
 .text._SlDrvUpdateApiInProgress
                0x0000000001011a94       0x38 /media/sf_CC3220/code/simplelink_cc32xx_sdk_2_20_00_10/source/ti/drivers/net/wifi/gcc/rtos/simplelink.a(driver.obj)
 .text._SlDrvIsApiInProgress
                0x0000000001011acc       0x30 /media/sf_CC3220/code/simplelink_cc32xx_sdk_2_20_00_10/source/ti/drivers/net/wifi/gcc/rtos/simplelink.a(driver.obj)
                0x0000000001011acc                _SlDrvIsApiInProgress
 .text._SlDrvWaitForInternalAsyncEvent
                0x0000000001011afc       0xf4 /media/sf_CC3220/code/simplelink_cc32xx_sdk_2_20_00_10/source/ti/drivers/net/wifi/gcc/rtos/simplelink.a(driver.obj)
                0x0000000001011afc                _SlDrvWaitForInternalAsyncEvent
 .text._SlSpawnMsgListInsert
                0x0000000001011bf0       0xb8 /media/sf_CC3220/code/simplelink_cc32xx_sdk_2_20_00_10/source/ti/drivers/net/wifi/gcc/rtos/simplelink.a(driver.obj)
                0x0000000001011bf0                _SlSpawnMsgListInsert
 .text._SlSpawnMsgListProcess
                0x0000000001011ca8       0xa8 /media/sf_CC3220/code/simplelink_cc32xx_sdk_2_20_00_10/source/ti/drivers/net/wifi/gcc/rtos/simplelink.a(driver.obj)
                0x0000000001011ca8                _SlSpawnMsgListProcess
 .text._SlSpawnMsgListGetCount
                0x0000000001011d50       0x40 /media/sf_CC3220/code/simplelink_cc32xx_sdk_2_20_00_10/source/ti/drivers/net/wifi/gcc/rtos/simplelink.a(driver.obj)
                0x0000000001011d50                _SlSpawnMsgListGetCount
 .text._SlFindAndReleasePendingCmd
                0x0000000001011d90       0x50 /media/sf_CC3220/code/simplelink_cc32xx_sdk_2_20_00_10/source/ti/drivers/net/wifi/gcc/rtos/simplelink.a(driver.obj)
                0x0000000001011d90                _SlFindAndReleasePendingCmd
 .text._SlFlowContSet
                0x0000000001011de0       0x30 /media/sf_CC3220/code/simplelink_cc32xx_sdk_2_20_00_10/source/ti/drivers/net/wifi/gcc/rtos/simplelink.a(flowcont.obj)
                0x0000000001011de0                _SlFlowContSet
 .text.sl_NetAppStart
                0x0000000001011e10       0x58 /media/sf_CC3220/code/simplelink_cc32xx_sdk_2_20_00_10/source/ti/drivers/net/wifi/gcc/rtos/simplelink.a(netapp.obj)
                0x0000000001011e10                sl_NetAppStart
 .text.sl_NetAppGetServiceList
                0x0000000001011e68       0xcc /media/sf_CC3220/code/simplelink_cc32xx_sdk_2_20_00_10/source/ti/drivers/net/wifi/gcc/rtos/simplelink.a(netapp.obj)
                0x0000000001011e68                sl_NetAppGetServiceList
 .text._SlNetAppMDNSRegisterUnregisterService
                0x0000000001011f34      0x130 /media/sf_CC3220/code/simplelink_cc32xx_sdk_2_20_00_10/source/ti/drivers/net/wifi/gcc/rtos/simplelink.a(netapp.obj)
                0x0000000001011f34                _SlNetAppMDNSRegisterUnregisterService
 .text.sl_NetAppMDNSRegisterService
                0x0000000001012064       0x5a /media/sf_CC3220/code/simplelink_cc32xx_sdk_2_20_00_10/source/ti/drivers/net/wifi/gcc/rtos/simplelink.a(netapp.obj)
                0x0000000001012064                sl_NetAppMDNSRegisterService
 .text.sl_NetAppMDNSUnRegisterService
                0x00000000010120be       0x52 /media/sf_CC3220/code/simplelink_cc32xx_sdk_2_20_00_10/source/ti/drivers/net/wifi/gcc/rtos/simplelink.a(netapp.obj)
                0x00000000010120be                sl_NetAppMDNSUnRegisterService
 .text.sl_NetAppDnsGetHostByService
                0x0000000001012110      0x144 /media/sf_CC3220/code/simplelink_cc32xx_sdk_2_20_00_10/source/ti/drivers/net/wifi/gcc/rtos/simplelink.a(netapp.obj)
                0x0000000001012110                sl_NetAppDnsGetHostByService
 .text._SlNetAppHandleAsync_DnsGetHostByService
                0x0000000001012254      0x12c /media/sf_CC3220/code/simplelink_cc32xx_sdk_2_20_00_10/source/ti/drivers/net/wifi/gcc/rtos/simplelink.a(netapp.obj)
                0x0000000001012254                _SlNetAppHandleAsync_DnsGetHostByService
 .text.sl_NetAppDnsGetHostByName
                0x0000000001012380      0x178 /media/sf_CC3220/code/simplelink_cc32xx_sdk_2_20_00_10/source/ti/drivers/net/wifi/gcc/rtos/simplelink.a(netapp.obj)
                0x0000000001012380                sl_NetAppDnsGetHostByName
 .text._SlNetAppHandleAsync_DnsGetHostByName
                0x00000000010124f8       0xb8 /media/sf_CC3220/code/simplelink_cc32xx_sdk_2_20_00_10/source/ti/drivers/net/wifi/gcc/rtos/simplelink.a(netapp.obj)
                0x00000000010124f8                _SlNetAppHandleAsync_DnsGetHostByName
 .text._SlNetAppCopyPingResultsToReport
                0x00000000010125b0       0x44 /media/sf_CC3220/code/simplelink_cc32xx_sdk_2_20_00_10/source/ti/drivers/net/wifi/gcc/rtos/simplelink.a(netapp.obj)
 .text._SlNetAppHandleAsync_PingResponse
                0x00000000010125f4       0xb4 /media/sf_CC3220/code/simplelink_cc32xx_sdk_2_20_00_10/source/ti/drivers/net/wifi/gcc/rtos/simplelink.a(netapp.obj)
                0x00000000010125f4                _SlNetAppHandleAsync_PingResponse
 .text.sl_NetAppPing
                0x00000000010126a8      0x224 /media/sf_CC3220/code/simplelink_cc32xx_sdk_2_20_00_10/source/ti/drivers/net/wifi/gcc/rtos/simplelink.a(netapp.obj)
                0x00000000010126a8                sl_NetAppPing
 .text.sl_NetAppSet
                0x00000000010128cc       0x90 /media/sf_CC3220/code/simplelink_cc32xx_sdk_2_20_00_10/source/ti/drivers/net/wifi/gcc/rtos/simplelink.a(netapp.obj)
                0x00000000010128cc                sl_NetAppSet
 .text._SlNetAppSendTokenValue
                0x000000000101295c       0x80 /media/sf_CC3220/code/simplelink_cc32xx_sdk_2_20_00_10/source/ti/drivers/net/wifi/gcc/rtos/simplelink.a(netapp.obj)
                0x000000000101295c                _SlNetAppSendTokenValue
 .text._SlNetAppSendResponse
                0x00000000010129dc       0xb0 /media/sf_CC3220/code/simplelink_cc32xx_sdk_2_20_00_10/source/ti/drivers/net/wifi/gcc/rtos/simplelink.a(netapp.obj)
                0x00000000010129dc                _SlNetAppSendResponse
 .text._SlNetAppHandleAsync_NetAppReceive
                0x0000000001012a8c       0xf4 /media/sf_CC3220/code/simplelink_cc32xx_sdk_2_20_00_10/source/ti/drivers/net/wifi/gcc/rtos/simplelink.a(netapp.obj)
                0x0000000001012a8c                _SlNetAppHandleAsync_NetAppReceive
 .text.sl_NetAppGet
                0x0000000001012b80       0xb8 /media/sf_CC3220/code/simplelink_cc32xx_sdk_2_20_00_10/source/ti/drivers/net/wifi/gcc/rtos/simplelink.a(netapp.obj)
                0x0000000001012b80                sl_NetAppGet
 .text._SlNetAppEventHandler
                0x0000000001012c38      0x26e /media/sf_CC3220/code/simplelink_cc32xx_sdk_2_20_00_10/source/ti/drivers/net/wifi/gcc/rtos/simplelink.a(netapp.obj)
                0x0000000001012c38                _SlNetAppEventHandler
 *fill*         0x0000000001012ea6        0x2 
 .text.sl_NetCfgSet
                0x0000000001012ea8       0x88 /media/sf_CC3220/code/simplelink_cc32xx_sdk_2_20_00_10/source/ti/drivers/net/wifi/gcc/rtos/simplelink.a(netcfg.obj)
                0x0000000001012ea8                sl_NetCfgSet
 .text.sl_NetCfgGet
                0x0000000001012f30       0xe0 /media/sf_CC3220/code/simplelink_cc32xx_sdk_2_20_00_10/source/ti/drivers/net/wifi/gcc/rtos/simplelink.a(netcfg.obj)
                0x0000000001012f30                sl_NetCfgGet
 .text._SlNetUtilHandleAsync_Cmd
                0x0000000001013010       0xb8 /media/sf_CC3220/code/simplelink_cc32xx_sdk_2_20_00_10/source/ti/drivers/net/wifi/gcc/rtos/simplelink.a(netutil.obj)
                0x0000000001013010                _SlNetUtilHandleAsync_Cmd
 .text._SlSocketBuildAddress
                0x00000000010130c8       0x50 /media/sf_CC3220/code/simplelink_cc32xx_sdk_2_20_00_10/source/ti/drivers/net/wifi/gcc/rtos/simplelink.a(sl_socket.obj)
 .text.sl_Socket
                0x0000000001013118       0x7c /media/sf_CC3220/code/simplelink_cc32xx_sdk_2_20_00_10/source/ti/drivers/net/wifi/gcc/rtos/simplelink.a(sl_socket.obj)
                0x0000000001013118                sl_Socket
 .text.sl_Close
                0x0000000001013194      0x108 /media/sf_CC3220/code/simplelink_cc32xx_sdk_2_20_00_10/source/ti/drivers/net/wifi/gcc/rtos/simplelink.a(sl_socket.obj)
                0x0000000001013194                sl_Close
 .text.sl_Bind  0x000000000101329c       0xa8 /media/sf_CC3220/code/simplelink_cc32xx_sdk_2_20_00_10/source/ti/drivers/net/wifi/gcc/rtos/simplelink.a(sl_socket.obj)
                0x000000000101329c                sl_Bind
 .text.sl_SendTo
                0x0000000001013344      0x10c /media/sf_CC3220/code/simplelink_cc32xx_sdk_2_20_00_10/source/ti/drivers/net/wifi/gcc/rtos/simplelink.a(sl_socket.obj)
                0x0000000001013344                sl_SendTo
 .text.sl_RecvFrom
                0x0000000001013450      0x164 /media/sf_CC3220/code/simplelink_cc32xx_sdk_2_20_00_10/source/ti/drivers/net/wifi/gcc/rtos/simplelink.a(sl_socket.obj)
                0x0000000001013450                sl_RecvFrom
 .text.sl_Connect
                0x00000000010135b4      0x190 /media/sf_CC3220/code/simplelink_cc32xx_sdk_2_20_00_10/source/ti/drivers/net/wifi/gcc/rtos/simplelink.a(sl_socket.obj)
                0x00000000010135b4                sl_Connect
 .text._SlSocketHandleAsync_Connect
                0x0000000001013744       0xa4 /media/sf_CC3220/code/simplelink_cc32xx_sdk_2_20_00_10/source/ti/drivers/net/wifi/gcc/rtos/simplelink.a(sl_socket.obj)
                0x0000000001013744                _SlSocketHandleAsync_Connect
 .text._SlSocketHandleAsync_Close
                0x00000000010137e8       0xa4 /media/sf_CC3220/code/simplelink_cc32xx_sdk_2_20_00_10/source/ti/drivers/net/wifi/gcc/rtos/simplelink.a(sl_socket.obj)
                0x00000000010137e8                _SlSocketHandleAsync_Close
 .text.sl_Send  0x000000000101388c       0xcc /media/sf_CC3220/code/simplelink_cc32xx_sdk_2_20_00_10/source/ti/drivers/net/wifi/gcc/rtos/simplelink.a(sl_socket.obj)
                0x000000000101388c                sl_Send
 .text.sl_Listen
                0x0000000001013958       0x68 /media/sf_CC3220/code/simplelink_cc32xx_sdk_2_20_00_10/source/ti/drivers/net/wifi/gcc/rtos/simplelink.a(sl_socket.obj)
                0x0000000001013958                sl_Listen
 .text.sl_Accept
                0x00000000010139c0      0x1d0 /media/sf_CC3220/code/simplelink_cc32xx_sdk_2_20_00_10/source/ti/drivers/net/wifi/gcc/rtos/simplelink.a(sl_socket.obj)
                0x00000000010139c0                sl_Accept
 .text.sl_Htonl
                0x0000000001013b90       0x54 /media/sf_CC3220/code/simplelink_cc32xx_sdk_2_20_00_10/source/ti/drivers/net/wifi/gcc/rtos/simplelink.a(sl_socket.obj)
                0x0000000001013b90                sl_Htonl
 .text.sl_Htons
                0x0000000001013be4       0x46 /media/sf_CC3220/code/simplelink_cc32xx_sdk_2_20_00_10/source/ti/drivers/net/wifi/gcc/rtos/simplelink.a(sl_socket.obj)
                0x0000000001013be4                sl_Htons
 *fill*         0x0000000001013c2a        0x2 
 .text._SlSocketHandleAsync_Accept
                0x0000000001013c2c       0x84 /media/sf_CC3220/code/simplelink_cc32xx_sdk_2_20_00_10/source/ti/drivers/net/wifi/gcc/rtos/simplelink.a(sl_socket.obj)
                0x0000000001013c2c                _SlSocketHandleAsync_Accept
 .text.sl_Recv  0x0000000001013cb0       0x98 /media/sf_CC3220/code/simplelink_cc32xx_sdk_2_20_00_10/source/ti/drivers/net/wifi/gcc/rtos/simplelink.a(sl_socket.obj)
                0x0000000001013cb0                sl_Recv
 .text.sl_SetSockOpt
                0x0000000001013d48       0x94 /media/sf_CC3220/code/simplelink_cc32xx_sdk_2_20_00_10/source/ti/drivers/net/wifi/gcc/rtos/simplelink.a(sl_socket.obj)
                0x0000000001013d48                sl_SetSockOpt
 .text.CountSetBits
                0x0000000001013ddc       0x38 /media/sf_CC3220/code/simplelink_cc32xx_sdk_2_20_00_10/source/ti/drivers/net/wifi/gcc/rtos/simplelink.a(sl_socket.obj)
 .text._SlSocketHandleAsync_Select
                0x0000000001013e14      0x470 /media/sf_CC3220/code/simplelink_cc32xx_sdk_2_20_00_10/source/ti/drivers/net/wifi/gcc/rtos/simplelink.a(sl_socket.obj)
                0x0000000001013e14                _SlSocketHandleAsync_Select
 .text._SlDrvGetNextTimeoutValue
                0x0000000001014284      0x138 /media/sf_CC3220/code/simplelink_cc32xx_sdk_2_20_00_10/source/ti/drivers/net/wifi/gcc/rtos/simplelink.a(sl_socket.obj)
 .text._SlDrvClearCtrlSocket
                0x00000000010143bc       0x60 /media/sf_CC3220/code/simplelink_cc32xx_sdk_2_20_00_10/source/ti/drivers/net/wifi/gcc/rtos/simplelink.a(sl_socket.obj)
 .text._SlSocketHandleAsync_StartTLS
                0x000000000101441c       0xc4 /media/sf_CC3220/code/simplelink_cc32xx_sdk_2_20_00_10/source/ti/drivers/net/wifi/gcc/rtos/simplelink.a(sl_socket.obj)
                0x000000000101441c                _SlSocketHandleAsync_StartTLS
 .text._SlInternalIsItSpawnThread
                0x00000000010144e0       0x28 /media/sf_CC3220/code/simplelink_cc32xx_sdk_2_20_00_10/source/ti/drivers/net/wifi/gcc/rtos/simplelink.a(spawn.obj)
                0x00000000010144e0                _SlInternalIsItSpawnThread
 .text._SlInternalSpawnWaitForEvent
                0x0000000001014508       0x44 /media/sf_CC3220/code/simplelink_cc32xx_sdk_2_20_00_10/source/ti/drivers/net/wifi/gcc/rtos/simplelink.a(spawn.obj)
                0x0000000001014508                _SlInternalSpawnWaitForEvent
 .text._SlInternalSpawnTaskEntry
                0x000000000101454c       0x48 /media/sf_CC3220/code/simplelink_cc32xx_sdk_2_20_00_10/source/ti/drivers/net/wifi/gcc/rtos/simplelink.a(spawn.obj)
                0x000000000101454c                _SlInternalSpawnTaskEntry
 .text._SlInternalSpawn
                0x0000000001014594       0x64 /media/sf_CC3220/code/simplelink_cc32xx_sdk_2_20_00_10/source/ti/drivers/net/wifi/gcc/rtos/simplelink.a(spawn.obj)
                0x0000000001014594                _SlInternalSpawn
 .text.sl_WlanConnect
                0x00000000010145f8      0x2f0 /media/sf_CC3220/code/simplelink_cc32xx_sdk_2_20_00_10/source/ti/drivers/net/wifi/gcc/rtos/simplelink.a(wlan.obj)
                0x00000000010145f8                sl_WlanConnect
 .text.sl_WlanDisconnect
                0x00000000010148e8       0x32 /media/sf_CC3220/code/simplelink_cc32xx_sdk_2_20_00_10/source/ti/drivers/net/wifi/gcc/rtos/simplelink.a(wlan.obj)
                0x00000000010148e8                sl_WlanDisconnect
 *fill*         0x000000000101491a        0x2 
 .text.sl_WlanPolicySet
                0x000000000101491c       0x88 /media/sf_CC3220/code/simplelink_cc32xx_sdk_2_20_00_10/source/ti/drivers/net/wifi/gcc/rtos/simplelink.a(wlan.obj)
                0x000000000101491c                sl_WlanPolicySet
 .text.sl_WlanGetNetworkList
                0x00000000010149a4       0xa0 /media/sf_CC3220/code/simplelink_cc32xx_sdk_2_20_00_10/source/ti/drivers/net/wifi/gcc/rtos/simplelink.a(wlan.obj)
                0x00000000010149a4                sl_WlanGetNetworkList
 .text.sl_WlanRxFilterAdd
                0x0000000001014a44       0xa4 /media/sf_CC3220/code/simplelink_cc32xx_sdk_2_20_00_10/source/ti/drivers/net/wifi/gcc/rtos/simplelink.a(wlan.obj)
                0x0000000001014a44                sl_WlanRxFilterAdd
 .text.sl_WlanRxStatStart
                0x0000000001014ae8       0x32 /media/sf_CC3220/code/simplelink_cc32xx_sdk_2_20_00_10/source/ti/drivers/net/wifi/gcc/rtos/simplelink.a(wlan.obj)
                0x0000000001014ae8                sl_WlanRxStatStart
 .text.sl_WlanRxStatStop
                0x0000000001014b1a       0x32 /media/sf_CC3220/code/simplelink_cc32xx_sdk_2_20_00_10/source/ti/drivers/net/wifi/gcc/rtos/simplelink.a(wlan.obj)
                0x0000000001014b1a                sl_WlanRxStatStop
 .text.sl_WlanRxStatGet
                0x0000000001014b4c       0x60 /media/sf_CC3220/code/simplelink_cc32xx_sdk_2_20_00_10/source/ti/drivers/net/wifi/gcc/rtos/simplelink.a(wlan.obj)
                0x0000000001014b4c                sl_WlanRxStatGet
 .text.sl_WlanProvisioning
                0x0000000001014bac       0xd0 /media/sf_CC3220/code/simplelink_cc32xx_sdk_2_20_00_10/source/ti/drivers/net/wifi/gcc/rtos/simplelink.a(wlan.obj)
                0x0000000001014bac                sl_WlanProvisioning
 .text.sl_WlanSetMode
                0x0000000001014c7c       0x58 /media/sf_CC3220/code/simplelink_cc32xx_sdk_2_20_00_10/source/ti/drivers/net/wifi/gcc/rtos/simplelink.a(wlan.obj)
                0x0000000001014c7c                sl_WlanSetMode
 .text.sl_WlanSet
                0x0000000001014cd4       0x88 /media/sf_CC3220/code/simplelink_cc32xx_sdk_2_20_00_10/source/ti/drivers/net/wifi/gcc/rtos/simplelink.a(wlan.obj)
                0x0000000001014cd4                sl_WlanSet
 .text.sl_WlanGet
                0x0000000001014d5c       0xd4 /media/sf_CC3220/code/simplelink_cc32xx_sdk_2_20_00_10/source/ti/drivers/net/wifi/gcc/rtos/simplelink.a(wlan.obj)
                0x0000000001014d5c                sl_WlanGet
 .text.spi_Open
                0x0000000001014e30       0x78 /media/sf_CC3220/code/simplelink_cc32xx_sdk_2_20_00_10/source/ti/drivers/net/wifi/gcc/rtos/simplelink.a(cc_pal.obj)
                0x0000000001014e30                spi_Open
 .text.spi_Close
                0x0000000001014ea8       0x1a /media/sf_CC3220/code/simplelink_cc32xx_sdk_2_20_00_10/source/ti/drivers/net/wifi/gcc/rtos/simplelink.a(cc_pal.obj)
                0x0000000001014ea8                spi_Close
 .text.spi_Read
                0x0000000001014ec2       0xb2 /media/sf_CC3220/code/simplelink_cc32xx_sdk_2_20_00_10/source/ti/drivers/net/wifi/gcc/rtos/simplelink.a(cc_pal.obj)
                0x0000000001014ec2                spi_Read
 .text.spi_Write
                0x0000000001014f74       0xb2 /media/sf_CC3220/code/simplelink_cc32xx_sdk_2_20_00_10/source/ti/drivers/net/wifi/gcc/rtos/simplelink.a(cc_pal.obj)
                0x0000000001014f74                spi_Write
 *fill*         0x0000000001015026        0x2 
 .text.NwpRegisterInterruptHandler
                0x0000000001015028       0x64 /media/sf_CC3220/code/simplelink_cc32xx_sdk_2_20_00_10/source/ti/drivers/net/wifi/gcc/rtos/simplelink.a(cc_pal.obj)
                0x0000000001015028                NwpRegisterInterruptHandler
 .text.NwpMaskInterrupt
                0x000000000101508c       0x18 /media/sf_CC3220/code/simplelink_cc32xx_sdk_2_20_00_10/source/ti/drivers/net/wifi/gcc/rtos/simplelink.a(cc_pal.obj)
                0x000000000101508c                NwpMaskInterrupt
 .text.NwpUnMaskInterrupt
                0x00000000010150a4       0x18 /media/sf_CC3220/code/simplelink_cc32xx_sdk_2_20_00_10/source/ti/drivers/net/wifi/gcc/rtos/simplelink.a(cc_pal.obj)
                0x00000000010150a4                NwpUnMaskInterrupt
 .text.NwpPowerOn
                0x00000000010150bc       0x30 /media/sf_CC3220/code/simplelink_cc32xx_sdk_2_20_00_10/source/ti/drivers/net/wifi/gcc/rtos/simplelink.a(cc_pal.obj)
                0x00000000010150bc                NwpPowerOn
 .text.NwpPowerOff
                0x00000000010150ec       0xd8 /media/sf_CC3220/code/simplelink_cc32xx_sdk_2_20_00_10/source/ti/drivers/net/wifi/gcc/rtos/simplelink.a(cc_pal.obj)
                0x00000000010150ec                NwpPowerOff
 .text.Semaphore_create_handle
                0x00000000010151c4       0x40 /media/sf_CC3220/code/simplelink_cc32xx_sdk_2_20_00_10/source/ti/drivers/net/wifi/gcc/rtos/simplelink.a(cc_pal.obj)
                0x00000000010151c4                Semaphore_create_handle
 .text.SemaphoreP_delete_handle
                0x0000000001015204       0x1c /media/sf_CC3220/code/simplelink_cc32xx_sdk_2_20_00_10/source/ti/drivers/net/wifi/gcc/rtos/simplelink.a(cc_pal.obj)
                0x0000000001015204                SemaphoreP_delete_handle
 .text.SemaphoreP_post_handle
                0x0000000001015220       0x1c /media/sf_CC3220/code/simplelink_cc32xx_sdk_2_20_00_10/source/ti/drivers/net/wifi/gcc/rtos/simplelink.a(cc_pal.obj)
                0x0000000001015220                SemaphoreP_post_handle
 .text.Mutex_create_handle
                0x000000000101523c       0x40 /media/sf_CC3220/code/simplelink_cc32xx_sdk_2_20_00_10/source/ti/drivers/net/wifi/gcc/rtos/simplelink.a(cc_pal.obj)
                0x000000000101523c                Mutex_create_handle
 .text.MutexP_delete_handle
                0x000000000101527c       0x18 /media/sf_CC3220/code/simplelink_cc32xx_sdk_2_20_00_10/source/ti/drivers/net/wifi/gcc/rtos/simplelink.a(cc_pal.obj)
                0x000000000101527c                MutexP_delete_handle
 .text.Mutex_unlock
                0x0000000001015294       0x18 /media/sf_CC3220/code/simplelink_cc32xx_sdk_2_20_00_10/source/ti/drivers/net/wifi/gcc/rtos/simplelink.a(cc_pal.obj)
                0x0000000001015294                Mutex_unlock
 .text.Mutex_lock
                0x00000000010152ac       0x18 /media/sf_CC3220/code/simplelink_cc32xx_sdk_2_20_00_10/source/ti/drivers/net/wifi/gcc/rtos/simplelink.a(cc_pal.obj)
                0x00000000010152ac                Mutex_lock
 .text.TimerGetCurrentTimestamp
                0x00000000010152c4        0xe /media/sf_CC3220/code/simplelink_cc32xx_sdk_2_20_00_10/source/ti/drivers/net/wifi/gcc/rtos/simplelink.a(cc_pal.obj)
                0x00000000010152c4                TimerGetCurrentTimestamp
 *fill*         0x00000000010152d2        0x2 
 .text.NwpWaitForShutDownInd
                0x00000000010152d4       0x54 /media/sf_CC3220/code/simplelink_cc32xx_sdk_2_20_00_10/source/ti/drivers/net/wifi/gcc/rtos/simplelink.a(cc_pal.obj)
                0x00000000010152d4                NwpWaitForShutDownInd
 .text._SlIsEventRegistered
                0x0000000001015328       0x44 /media/sf_CC3220/code/simplelink_cc32xx_sdk_2_20_00_10/source/ti/drivers/net/wifi/gcc/rtos/simplelink.a(eventreg.obj)
                0x0000000001015328                _SlIsEventRegistered
 .text._SlDeviceFatalErrorEvtHdlr
                0x000000000101536c       0x54 /media/sf_CC3220/code/simplelink_cc32xx_sdk_2_20_00_10/source/ti/drivers/net/wifi/gcc/rtos/simplelink.a(eventreg.obj)
                0x000000000101536c                _SlDeviceFatalErrorEvtHdlr
 .text._SlDeviceGeneralEvtHdlr
                0x00000000010153c0       0x54 /media/sf_CC3220/code/simplelink_cc32xx_sdk_2_20_00_10/source/ti/drivers/net/wifi/gcc/rtos/simplelink.a(eventreg.obj)
                0x00000000010153c0                _SlDeviceGeneralEvtHdlr
 .text._SlWlanEvtHdlr
                0x0000000001015414       0x54 /media/sf_CC3220/code/simplelink_cc32xx_sdk_2_20_00_10/source/ti/drivers/net/wifi/gcc/rtos/simplelink.a(eventreg.obj)
                0x0000000001015414                _SlWlanEvtHdlr
 .text._SlNetAppEvtHdlr
                0x0000000001015468       0x54 /media/sf_CC3220/code/simplelink_cc32xx_sdk_2_20_00_10/source/ti/drivers/net/wifi/gcc/rtos/simplelink.a(eventreg.obj)
                0x0000000001015468                _SlNetAppEvtHdlr
 .text._SlSockEvtHdlr
                0x00000000010154bc       0x54 /media/sf_CC3220/code/simplelink_cc32xx_sdk_2_20_00_10/source/ti/drivers/net/wifi/gcc/rtos/simplelink.a(eventreg.obj)
                0x00000000010154bc                _SlSockEvtHdlr
 .text._SlNetAppHttpServerHdlr
                0x0000000001015510       0x5c /media/sf_CC3220/code/simplelink_cc32xx_sdk_2_20_00_10/source/ti/drivers/net/wifi/gcc/rtos/simplelink.a(eventreg.obj)
                0x0000000001015510                _SlNetAppHttpServerHdlr
 .text._SlNetAppRequestHdlr
                0x000000000101556c       0x5c /media/sf_CC3220/code/simplelink_cc32xx_sdk_2_20_00_10/source/ti/drivers/net/wifi/gcc/rtos/simplelink.a(eventreg.obj)
                0x000000000101556c                _SlNetAppRequestHdlr
 .text._SlNetAppRequestMemFree
                0x00000000010155c8       0x54 /media/sf_CC3220/code/simplelink_cc32xx_sdk_2_20_00_10/source/ti/drivers/net/wifi/gcc/rtos/simplelink.a(eventreg.obj)
                0x00000000010155c8                _SlNetAppRequestMemFree
 .text.xTaskCreate
                0x000000000101561c       0x82 /media/sf_CC3220/code/simplelink_cc32xx_sdk_2_20_00_10/kernel/freertos/builds/CC3220SF_LAUNCHXL/release/gcc/freertos.lib(tasks.obj)
                0x000000000101561c                xTaskCreate
 *fill*         0x000000000101569e        0x2 
 .text.prvInitialiseNewTask
                0x00000000010156a0      0x140 /media/sf_CC3220/code/simplelink_cc32xx_sdk_2_20_00_10/kernel/freertos/builds/CC3220SF_LAUNCHXL/release/gcc/freertos.lib(tasks.obj)
 .text.prvAddNewTaskToReadyList
                0x00000000010157e0       0xdc /media/sf_CC3220/code/simplelink_cc32xx_sdk_2_20_00_10/kernel/freertos/builds/CC3220SF_LAUNCHXL/release/gcc/freertos.lib(tasks.obj)
 .text.vTaskDelete
                0x00000000010158bc      0x11c /media/sf_CC3220/code/simplelink_cc32xx_sdk_2_20_00_10/kernel/freertos/builds/CC3220SF_LAUNCHXL/release/gcc/freertos.lib(tasks.obj)
                0x00000000010158bc                vTaskDelete
 .text.vTaskDelay
                0x00000000010159d8       0x68 /media/sf_CC3220/code/simplelink_cc32xx_sdk_2_20_00_10/kernel/freertos/builds/CC3220SF_LAUNCHXL/release/gcc/freertos.lib(tasks.obj)
                0x00000000010159d8                vTaskDelay
 .text.vTaskSuspend
                0x0000000001015a40      0x124 /media/sf_CC3220/code/simplelink_cc32xx_sdk_2_20_00_10/kernel/freertos/builds/CC3220SF_LAUNCHXL/release/gcc/freertos.lib(tasks.obj)
                0x0000000001015a40                vTaskSuspend
 .text.vTaskStartScheduler
                0x0000000001015b64       0xac /media/sf_CC3220/code/simplelink_cc32xx_sdk_2_20_00_10/kernel/freertos/builds/CC3220SF_LAUNCHXL/release/gcc/freertos.lib(tasks.obj)
                0x0000000001015b64                vTaskStartScheduler
 .text.vTaskSuspendAll
                0x0000000001015c10       0x1c /media/sf_CC3220/code/simplelink_cc32xx_sdk_2_20_00_10/kernel/freertos/builds/CC3220SF_LAUNCHXL/release/gcc/freertos.lib(tasks.obj)
                0x0000000001015c10                vTaskSuspendAll
 .text.prvGetExpectedIdleTime
                0x0000000001015c2c       0x74 /media/sf_CC3220/code/simplelink_cc32xx_sdk_2_20_00_10/kernel/freertos/builds/CC3220SF_LAUNCHXL/release/gcc/freertos.lib(tasks.obj)
 .text.xTaskResumeAll
                0x0000000001015ca0      0x138 /media/sf_CC3220/code/simplelink_cc32xx_sdk_2_20_00_10/kernel/freertos/builds/CC3220SF_LAUNCHXL/release/gcc/freertos.lib(tasks.obj)
                0x0000000001015ca0                xTaskResumeAll
 .text.xTaskGetTickCount
                0x0000000001015dd8       0x1c /media/sf_CC3220/code/simplelink_cc32xx_sdk_2_20_00_10/kernel/freertos/builds/CC3220SF_LAUNCHXL/release/gcc/freertos.lib(tasks.obj)
                0x0000000001015dd8                xTaskGetTickCount
 .text.vTaskStepTick
                0x0000000001015df4       0x4c /media/sf_CC3220/code/simplelink_cc32xx_sdk_2_20_00_10/kernel/freertos/builds/CC3220SF_LAUNCHXL/release/gcc/freertos.lib(tasks.obj)
                0x0000000001015df4                vTaskStepTick
 .text.xTaskIncrementTick
                0x0000000001015e40      0x158 /media/sf_CC3220/code/simplelink_cc32xx_sdk_2_20_00_10/kernel/freertos/builds/CC3220SF_LAUNCHXL/release/gcc/freertos.lib(tasks.obj)
                0x0000000001015e40                xTaskIncrementTick
 .text.vTaskSetApplicationTaskTag
                0x0000000001015f98       0x38 /media/sf_CC3220/code/simplelink_cc32xx_sdk_2_20_00_10/kernel/freertos/builds/CC3220SF_LAUNCHXL/release/gcc/freertos.lib(tasks.obj)
                0x0000000001015f98                vTaskSetApplicationTaskTag
 .text.xTaskGetApplicationTaskTag
                0x0000000001015fd0       0x38 /media/sf_CC3220/code/simplelink_cc32xx_sdk_2_20_00_10/kernel/freertos/builds/CC3220SF_LAUNCHXL/release/gcc/freertos.lib(tasks.obj)
                0x0000000001015fd0                xTaskGetApplicationTaskTag
 .text.vTaskSwitchContext
                0x0000000001016008      0x10c /media/sf_CC3220/code/simplelink_cc32xx_sdk_2_20_00_10/kernel/freertos/builds/CC3220SF_LAUNCHXL/release/gcc/freertos.lib(tasks.obj)
                0x0000000001016008                vTaskSwitchContext
 .text.vTaskPlaceOnEventList
                0x0000000001016114       0x48 /media/sf_CC3220/code/simplelink_cc32xx_sdk_2_20_00_10/kernel/freertos/builds/CC3220SF_LAUNCHXL/release/gcc/freertos.lib(tasks.obj)
                0x0000000001016114                vTaskPlaceOnEventList
 .text.vTaskPlaceOnEventListRestricted
                0x000000000101615c       0x54 /media/sf_CC3220/code/simplelink_cc32xx_sdk_2_20_00_10/kernel/freertos/builds/CC3220SF_LAUNCHXL/release/gcc/freertos.lib(tasks.obj)
                0x000000000101615c                vTaskPlaceOnEventListRestricted
 .text.xTaskRemoveFromEventList
                0x00000000010161b0       0xc8 /media/sf_CC3220/code/simplelink_cc32xx_sdk_2_20_00_10/kernel/freertos/builds/CC3220SF_LAUNCHXL/release/gcc/freertos.lib(tasks.obj)
                0x00000000010161b0                xTaskRemoveFromEventList
 .text.vTaskInternalSetTimeOutState
                0x0000000001016278       0x2c /media/sf_CC3220/code/simplelink_cc32xx_sdk_2_20_00_10/kernel/freertos/builds/CC3220SF_LAUNCHXL/release/gcc/freertos.lib(tasks.obj)
                0x0000000001016278                vTaskInternalSetTimeOutState
 .text.xTaskCheckForTimeOut
                0x00000000010162a4       0xc0 /media/sf_CC3220/code/simplelink_cc32xx_sdk_2_20_00_10/kernel/freertos/builds/CC3220SF_LAUNCHXL/release/gcc/freertos.lib(tasks.obj)
                0x00000000010162a4                xTaskCheckForTimeOut
 .text.vTaskMissedYield
                0x0000000001016364       0x18 /media/sf_CC3220/code/simplelink_cc32xx_sdk_2_20_00_10/kernel/freertos/builds/CC3220SF_LAUNCHXL/release/gcc/freertos.lib(tasks.obj)
                0x0000000001016364                vTaskMissedYield
 .text.prvIdleTask
                0x000000000101637c       0x5c /media/sf_CC3220/code/simplelink_cc32xx_sdk_2_20_00_10/kernel/freertos/builds/CC3220SF_LAUNCHXL/release/gcc/freertos.lib(tasks.obj)
 .text.eTaskConfirmSleepModeStatus
                0x00000000010163d8       0x5c /media/sf_CC3220/code/simplelink_cc32xx_sdk_2_20_00_10/kernel/freertos/builds/CC3220SF_LAUNCHXL/release/gcc/freertos.lib(tasks.obj)
                0x00000000010163d8                eTaskConfirmSleepModeStatus
 .text.prvInitialiseTaskLists
                0x0000000001016434       0x80 /media/sf_CC3220/code/simplelink_cc32xx_sdk_2_20_00_10/kernel/freertos/builds/CC3220SF_LAUNCHXL/release/gcc/freertos.lib(tasks.obj)
 .text.prvCheckTasksWaitingTermination
                0x00000000010164b4       0x58 /media/sf_CC3220/code/simplelink_cc32xx_sdk_2_20_00_10/kernel/freertos/builds/CC3220SF_LAUNCHXL/release/gcc/freertos.lib(tasks.obj)
 .text.prvDeleteTCB
                0x000000000101650c       0x2a /media/sf_CC3220/code/simplelink_cc32xx_sdk_2_20_00_10/kernel/freertos/builds/CC3220SF_LAUNCHXL/release/gcc/freertos.lib(tasks.obj)
 *fill*         0x0000000001016536        0x2 
 .text.prvResetNextTaskUnblockTime
                0x0000000001016538       0x48 /media/sf_CC3220/code/simplelink_cc32xx_sdk_2_20_00_10/kernel/freertos/builds/CC3220SF_LAUNCHXL/release/gcc/freertos.lib(tasks.obj)
 .text.xTaskGetCurrentTaskHandle
                0x0000000001016580       0x1c /media/sf_CC3220/code/simplelink_cc32xx_sdk_2_20_00_10/kernel/freertos/builds/CC3220SF_LAUNCHXL/release/gcc/freertos.lib(tasks.obj)
                0x0000000001016580                xTaskGetCurrentTaskHandle
 .text.xTaskGetSchedulerState
                0x000000000101659c       0x3c /media/sf_CC3220/code/simplelink_cc32xx_sdk_2_20_00_10/kernel/freertos/builds/CC3220SF_LAUNCHXL/release/gcc/freertos.lib(tasks.obj)
                0x000000000101659c                xTaskGetSchedulerState
 .text.xTaskPriorityInherit
                0x00000000010165d8      0x10c /media/sf_CC3220/code/simplelink_cc32xx_sdk_2_20_00_10/kernel/freertos/builds/CC3220SF_LAUNCHXL/release/gcc/freertos.lib(tasks.obj)
                0x00000000010165d8                xTaskPriorityInherit
 .text.xTaskPriorityDisinherit
                0x00000000010166e4      0x108 /media/sf_CC3220/code/simplelink_cc32xx_sdk_2_20_00_10/kernel/freertos/builds/CC3220SF_LAUNCHXL/release/gcc/freertos.lib(tasks.obj)
                0x00000000010166e4                xTaskPriorityDisinherit
 .text.vTaskPriorityDisinheritAfterTimeout
                0x00000000010167ec      0x13c /media/sf_CC3220/code/simplelink_cc32xx_sdk_2_20_00_10/kernel/freertos/builds/CC3220SF_LAUNCHXL/release/gcc/freertos.lib(tasks.obj)
                0x00000000010167ec                vTaskPriorityDisinheritAfterTimeout
 .text.pvTaskIncrementMutexHeldCount
                0x0000000001016928       0x28 /media/sf_CC3220/code/simplelink_cc32xx_sdk_2_20_00_10/kernel/freertos/builds/CC3220SF_LAUNCHXL/release/gcc/freertos.lib(tasks.obj)
                0x0000000001016928                pvTaskIncrementMutexHeldCount
 .text.prvAddCurrentTaskToDelayedList
                0x0000000001016950       0xcc /media/sf_CC3220/code/simplelink_cc32xx_sdk_2_20_00_10/kernel/freertos/builds/CC3220SF_LAUNCHXL/release/gcc/freertos.lib(tasks.obj)
 .text.xTimerCreateTimerTask
                0x0000000001016a1c       0x64 /media/sf_CC3220/code/simplelink_cc32xx_sdk_2_20_00_10/kernel/freertos/builds/CC3220SF_LAUNCHXL/release/gcc/freertos.lib(timers.obj)
                0x0000000001016a1c                xTimerCreateTimerTask
 .text.xTimerCreate
                0x0000000001016a80       0x3a /media/sf_CC3220/code/simplelink_cc32xx_sdk_2_20_00_10/kernel/freertos/builds/CC3220SF_LAUNCHXL/release/gcc/freertos.lib(timers.obj)
                0x0000000001016a80                xTimerCreate
 .text.prvInitialiseNewTimer
                0x0000000001016aba       0x62 /media/sf_CC3220/code/simplelink_cc32xx_sdk_2_20_00_10/kernel/freertos/builds/CC3220SF_LAUNCHXL/release/gcc/freertos.lib(timers.obj)
 .text.xTimerGenericCommand
                0x0000000001016b1c       0x98 /media/sf_CC3220/code/simplelink_cc32xx_sdk_2_20_00_10/kernel/freertos/builds/CC3220SF_LAUNCHXL/release/gcc/freertos.lib(timers.obj)
                0x0000000001016b1c                xTimerGenericCommand
 .text.prvProcessExpiredTimer
                0x0000000001016bb4       0x80 /media/sf_CC3220/code/simplelink_cc32xx_sdk_2_20_00_10/kernel/freertos/builds/CC3220SF_LAUNCHXL/release/gcc/freertos.lib(timers.obj)
 .text.prvTimerTask
                0x0000000001016c34       0x24 /media/sf_CC3220/code/simplelink_cc32xx_sdk_2_20_00_10/kernel/freertos/builds/CC3220SF_LAUNCHXL/release/gcc/freertos.lib(timers.obj)
 .text.prvProcessTimerOrBlockTask
                0x0000000001016c58       0x9c /media/sf_CC3220/code/simplelink_cc32xx_sdk_2_20_00_10/kernel/freertos/builds/CC3220SF_LAUNCHXL/release/gcc/freertos.lib(timers.obj)
 .text.prvGetNextExpireTime
                0x0000000001016cf4       0x48 /media/sf_CC3220/code/simplelink_cc32xx_sdk_2_20_00_10/kernel/freertos/builds/CC3220SF_LAUNCHXL/release/gcc/freertos.lib(timers.obj)
 .text.prvSampleTimeNow
                0x0000000001016d3c       0x40 /media/sf_CC3220/code/simplelink_cc32xx_sdk_2_20_00_10/kernel/freertos/builds/CC3220SF_LAUNCHXL/release/gcc/freertos.lib(timers.obj)
 .text.prvInsertTimerInActiveList