******************************************************************************
                  TI ARM Linker Unix v18.1.2                   
******************************************************************************
>> Linked Mon Aug 20 09:30:24 2018

OUTPUT FILE NAME:   <portable.out>
ENTRY POINT SYMBOL: "resetISR"  address: 01007b51


MEMORY CONFIGURATION

         name            origin    length      used     unused   attr    fill
----------------------  --------  ---------  --------  --------  ----  --------
  FLASH_HDR             01000000   000007ff  00000000  000007ff  R  X
  FLASH                 01000800   000ff800  00007d33  000f7acd  R  X
  SRAM                  20000000   00040000  00009709  000368f7  RW X


SEGMENT ALLOCATION MAP

run origin  load origin   length   init length attrs members
----------  ----------- ---------- ----------- ----- -------
01000800    01000800    00007d38   00007d38    r-x
  01000800    01000800    00000040   00000040    r-- .resetVecs
  01000840    01000840    0000760c   0000760c    r-x .text
  01007e4c    01007e4c    000005df   000005df    r-- .const
  01008430    01008430    00000108   00000108    r-- .cinit
2000030c    2000030c    00009000   00000000    rw-
  2000030c    2000030c    000084b9   00000000    rw- .bss
  200087c8    200087c8    00000b44   00000000    rw- .data
2003fc00    2003fc00    00000400   00000000    rw-
  2003fc00    2003fc00    00000400   00000000    rw- .stack


SECTION ALLOCATION MAP

 output                                  attributes/
section   page    origin      length       input sections
--------  ----  ----------  ----------   ----------------
.resetVecs 
*          0    01000800    00000040     
                  01000800    00000040     freertos.lib : startup_cc32xx_ccs.obj (.resetVecs:retain)

.text      0    01000840    0000760c     
                  01000840    0000042c     driverlib.a : prcm.obj (.text:PRCMCC3200MCUInit)
                  01000c6c    00000278     drivers_cc32xx.aem4 : UARTCC32XX.oem4 (.text:UARTCC32XX_open)
                  01000ee4    000001d4     freertos.lib : ti_posix_freertos_timer.obj (.text:timer_settime)
                  010010b8    000001d0                  : queue.obj (.text:xQueueSemaphoreTake)
                  01001288    000001c8     drivers_cc32xx.aem4 : GPIOCC32XX.oem4 (.text:GPIO_setConfig)
                  01001450    000001b8     freertos.lib : queue.obj (.text:xQueueGenericSend)
                  01001608    000001b4                  : PowerCC32XX_freertos.obj (.text:PowerCC32XX_sleepPolicy)
                  010017bc    0000017c                  : queue.obj (.text:xQueueReceive)
                  01001938    00000178                  : heap_4.obj (.text:pvPortMalloc)
                  01001ab0    00000150     drivers_cc32xx.aem4 : PowerCC32XX.oem4 (.text:parkPins)
                  01001c00    00000138     freertos.lib : tasks.obj (.text:xTaskIncrementTick)
                  01001d38    00000134                  : ti_posix_freertos_pthread.obj (.text:pthread_create)
                  01001e6c    00000122     drivers_cc32xx.aem4 : I2CCC32XX.oem4 (.text:I2CCC32XX_hwiFxn)
                  01001f8e    00000002                         : I2CCC32XX.oem4 (.text:I2CCC32XX_cancel)
                  01001f90    00000120                         : UARTCC32XX.oem4 (.text:UARTCC32XX_close)
                  010020b0    00000120     console.obj (.text:simpleConsole)
                  010021d0    0000011c     freertos.lib : tasks.obj (.text:prvInitialiseNewTask)
                  010022ec    0000011c                  : tasks.obj (.text:xTaskResumeAll)
                  01002408    00000118     drivers_cc32xx.aem4 : PowerCC32XX.oem4 (.text:Power_sleep)
                  01002520    00000118     freertos.lib : timers.obj (.text:prvProcessReceivedCommands)
                  01002638    00000110                  : tasks.obj (.text:vTaskPriorityDisinheritAfterTimeout)
                  01002748    0000010c     drivers_cc32xx.aem4 : I2CCC32XX.oem4 (.text:I2CCC32XX_open)
                  01002854    00000102     freertos.lib : queue.obj (.text:xQueueGenericSendFromISR)
                  01002956    00000002     drivers_cc32xx.aem4 : I2CCC32XX.oem4 (.text:I2CCC32XX_init)
                  01002958    00000100     temperature.obj (.text:temperatureThread)
                  01002a58    000000fc     freertos.lib : tasks.obj (.text:vTaskSuspend)
                  01002b54    000000fa     rtsv7M4_T_le_eabi.lib : fs_add_t2.asm.obj (.text)
                  01002c4e    00000002     driverlib.a : interrupt.obj (.text:IntDefaultHandler)
                  01002c50    000000f8     freertos.lib : tasks.obj (.text:vTaskDelete)
                  01002d48    000000ee     drivers_cc32xx.aem4 : UARTCC32XX.oem4 (.text:UARTCC32XX_control)
                  01002e36    000000ee     freertos.lib : queue.obj (.text:xQueueGiveFromISR)
                  01002f24    000000e8                  : tasks.obj (.text:xTaskPriorityInherit)
                  0100300c    000000e0                  : tasks.obj (.text:xTaskPriorityDisinherit)
                  010030ec    000000dc                  : tasks.obj (.text:vTaskSwitchContext)
                  010031c8    000000c4     drivers_cc32xx.aem4 : GPIOCC32XX.oem4 (.text:GPIO_init)
                  0100328c    000000c4     freertos.lib : tasks.obj (.text:prvAddNewTaskToReadyList)
                  01003350    000000c2     drivers_cc32xx.aem4 : UARTCC32XX.oem4 (.text:UARTCC32XX_write)
                  01003412    00000002     freertos.lib : PowerCC32XX_freertos.obj (.text:PowerCC32XX_initPolicy)
                  01003414    000000c0                  : port.obj (.text:xPortStartScheduler)
                  010034d4    000000be                  : queue.obj (.text:prvCopyDataToQueue)
                  01003592    00000002     drivers_cc32xx.aem4 : UARTCC32XX.oem4 (.text:UARTCC32XX_init)
                  01003594    000000bc     freertos.lib : heap_4.obj (.text:prvHeapInit)
                  01003650    000000ba     drivers_cc32xx.aem4 : UARTCC32XX.oem4 (.text:UARTCC32XX_readPolling)
                  0100370a    00000002     freertos.lib : startup_cc32xx_ccs.obj (.text:busFaultHandler)
                  0100370c    000000ba                  : portasm.obj (.text)
                  010037c6    000000ba     drivers_cc32xx.aem4 : UARTCC32XX.oem4 (.text:readIsrTextBlocking)
                  01003880    000000b8                         : UARTCC32XX.oem4 (.text:initHw)
                  01003938    000000b8     freertos.lib : timers.obj (.text:prvSwitchTimerLists)
                  010039f0    000000b8                  : ti_posix_freertos_timer.obj (.text:timer_create)
                  01003aa8    000000b8                  : queue.obj (.text:xQueueGenericReset)
                  01003b60    000000b4                  : ti_posix_freertos_clock.obj (.text:_clock_abstime2ticks)
                  01003c14    000000b4     drivers_cc32xx.aem4 : PowerCC32XX.oem4 (.text:restoreParkedPins)
                  01003cc8    000000b0     console.obj (.text:consoleThread)
                  01003d78    000000b0     freertos.lib : tasks.obj (.text:prvAddCurrentTaskToDelayedList)
                  01003e28    000000b0                  : tasks.obj (.text:xTaskCheckForTimeOut)
                  01003ed8    000000ae     drivers_cc32xx.aem4 : UARTCC32XX.oem4 (.text:readIsrTextCallback)
                  01003f86    000000aa     freertos.lib : queue.obj (.text:prvUnlockQueue)
                  01004030    000000aa     drivers_cc32xx.aem4 : UARTCC32XX.oem4 (.text:readTaskBlocking)
                  010040da    00000002     freertos.lib : startup_cc32xx_ccs.obj (.text:defaultHandler)
                  010040dc    000000a8     driverlib.a : interrupt.obj (.text:IntDisable)
                  01004184    000000a8                 : interrupt.obj (.text:IntEnable)
                  0100422c    000000a8     drivers_cc32xx.aem4 : PowerCC32XX.oem4 (.text:PowerCC32XX_configureWakeup)
                  010042d4    000000a8     freertos.lib : heap_4.obj (.text:prvInsertBlockIntoFreeList)
                  0100437c    000000a8     drivers_cc32xx.aem4 : UARTCC32XX.oem4 (.text:readTaskCallback)
                  01004424    000000a8     freertos.lib : tasks.obj (.text:xTaskRemoveFromEventList)
                  010044cc    000000a4     drivers_cc32xx.aem4 : I2CCC32XX.oem4 (.text:I2CCC32XX_transfer)
                  01004570    000000a4     main_freertos.obj (.text:main)
                  01004614    000000a2     drivers_cc32xx.aem4 : UARTCC32XX.oem4 (.text:writeData)
                  010046b6    00000002     freertos.lib : startup_cc32xx_ccs.obj (.text:faultISR)
                  010046b8    000000a0                  : ClockP_freertos.obj (.text:ClockP_create)
                  01004758    0000009c     rtsv7M4_T_le_eabi.lib : memcpy_t2.asm.obj (.text)
                  010047f4    0000009c     freertos.lib : heap_4.obj (.text:vPortFree)
                  01004890    00000098     drivers_cc32xx.aem4 : GPIOCC32XX.oem4 (.text:powerNotifyFxn)
                  01004928    00000096     rtsv7M4_T_le_eabi.lib : ull_div_t2.asm.obj (.text)
                  010049be    00000002     freertos.lib : startup_cc32xx_ccs.obj (.text:nmiISR)
                  010049c0    00000094                  : tasks.obj (.text:vTaskStartScheduler)
                  01004a54    00000092     rtsv7M4_T_le_eabi.lib : fs_div_t2.asm.obj (.text)
                  01004ae6    00000002                           : div0.asm.obj (.text)
                  01004ae8    00000090     drivers_cc32xx.aem4 : PowerCC32XX.oem4 (.text:restoreNVICRegs)
                  01004b78    0000008e                         : UARTCC32XX.oem4 (.text:readIsrBinaryBlocking)
                  01004c06    00000002     main_freertos.obj (.text:vApplicationMallocFailedHook)
                  01004c08    0000008c     drivers_cc32xx.aem4 : I2CCC32XX.oem4 (.text:I2CCC32XX_close)
                  01004c94    0000008c     freertos.lib : ti_posix_freertos_clock.obj (.text:_clock_gettimeMono)
                  01004d20    0000008c                  : ti_posix_freertos_clock.obj (.text:clock_gettime)
                  01004dac    00000088     driverlib.a : pin.obj (.text:PinConfigSet)
                  01004e34    00000086     drivers_cc32xx.aem4 : I2CCC32XX.oem4 (.text:I2CCC32XX_primeTransfer)
                  01004eba    00000002     --HOLE-- [fill = 0]
                  01004ebc    00000084                         : PowerCC32XX.oem4 (.text:Power_init)
                  01004f40    00000084     freertos.lib : timers.obj (.text:prvProcessTimerOrBlockTask)
                  01004fc4    00000084     drivers_cc32xx.aem4 : PowerCC32XX.oem4 (.text:saveNVICRegs)
                  01005048    00000084     freertos.lib : timers.obj (.text:xTimerGenericCommand)
                  010050cc    00000080     drivers_cc32xx.aem4 : PowerCC32XX.oem4 (.text:Power_setDependency)
                  0100514c    00000080                         : UARTCC32XX.oem4 (.text:readIsrBinaryCallback)
                  010051cc    00000080     temperature.obj (.text:setupTimer)
                  0100524c    00000080     freertos.lib : ti_posix_freertos_timer.obj (.text:timer_gettime)
                  010052cc    0000007a     rtsv7M4_T_le_eabi.lib : fs_mul_t2.asm.obj (.text)
                  01005346    0000007a                           : memset_t2.asm.obj (.text)
                  010053c0    0000007a     freertos.lib : tasks.obj (.text:xTaskCreate)
                  0100543a    00000002     --HOLE-- [fill = 0]
                  0100543c    00000078     drivers_cc32xx.aem4 : GPIOCC32XX.oem4 (.text:GPIO_hwiIntFxn)
                  010054b4    00000078     freertos.lib : timers.obj (.text:prvInsertTimerInActiveList)
                  0100552c    00000074     drivers_cc32xx.aem4 : UARTCC32XX.oem4 (.text:UARTCC32XX_hwiIntFxn)
                  010055a0    00000074     freertos.lib : tasks.obj (.text:prvInitialiseTaskLists)
                  01005614    00000074                  : ti_posix_freertos_pthread_mutex.obj (.text:pthread_mutex_init)
                  01005688    00000074                  : port.obj (.text:vPortValidateInterruptPriority)
                  010056fc    00000070                  : timers.obj (.text:prvProcessExpiredTimer)
                  0100576c    00000070                  : ClockP_freertos.obj (.text:setClockObjTimeout)
                  010057dc    00000068     rtsv7M4_T_le_eabi.lib : copy_decompress_lzss.c.obj (.text:decompress:lzss:__TI_decompress_lzss)
                  01005844    00000068     drivers_cc32xx.aem4 : I2CCC32XX.oem4 (.text:initHw)
                  010058ac    00000066                         : UARTCC32XX.oem4 (.text:UARTCC32XX_writeCancel)
                  01005912    00000066     freertos.lib : list.obj (.text:vListInsert)
                  01005978    00000066                  : queue.obj (.text:xQueueGenericCreate)
                  010059de    00000002     --HOLE-- [fill = 0]
                  010059e0    00000064                  : ClockP_freertos.obj (.text:ClockP_stop)
                  01005a44    00000064     drivers_cc32xx.aem4 : PowerCC32XX.oem4 (.text:PowerCC32XX_setParkState)
                  01005aa8    00000064     freertos.lib : ti_posix_freertos_pthread.obj (.text:_pthread_runStub)
                  01005b0c    00000064                  : ti_posix_freertos_pthread_mutex.obj (.text:acquireMutex)
                  01005b70    00000064                  : tasks.obj (.text:prvGetExpectedIdleTime)
                  01005bd4    00000062     drivers_cc32xx.aem4 : UARTCC32XX.oem4 (.text:UARTCC32XX_writePolling)
                  01005c36    00000062     console.obj (.text:itoa)
                  01005c98    00000060     freertos.lib : HwiPCC32XX_freertos.obj (.text:HwiP_create)
                  01005cf8    00000060     driverlib.a : prcm.obj (.text:PRCMSysResetCauseGet)
                  01005d58    00000060     freertos.lib : ti_posix_freertos_pthread_mutex.obj (.text:pthread_mutex_unlock)
                  01005db8    0000005c                  : tasks.obj (.text:prvIdleTask)
                  01005e14    0000005c                  : ti_posix_freertos_pthread.obj (.text:pthread_exit)
                  01005e70    0000005c                  : ti_posix_freertos_pthread.obj (.text:removeThreadKeys)
                  01005ecc    0000005c                  : queue.obj (.text:vQueueWaitForMessageRestricted)
                  01005f28    0000005a                  : timers.obj (.text:prvInitialiseNewTimer)
                  01005f82    00000002     --HOLE-- [fill = 0]
                  01005f84    00000058     drivers_cc32xx.aem4 : GPIOCC32XX.oem4 (.text:GPIO_setCallback)
                  01005fdc    00000058                         : GPIOCC32XX.oem4 (.text:GPIO_write)
                  01006034    00000058     driverlib.a : interrupt.obj (.text:IntPendClear)
                  0100608c    00000058                 : prcm.obj (.text:PRCMPeripheralReset)
                  010060e4    00000058     drivers_cc32xx.aem4 : PowerCC32XX.oem4 (.text:Power_releaseDependency)
                  0100613c    00000058     freertos.lib : tasks.obj (.text:eTaskConfirmSleepModeStatus)
                  01006194    00000058                  : port.obj (.text:vPortSetupTimerInterrupt)
                  010061ec    00000058                  : queue.obj (.text:xQueueCreateCountingSemaphore)
                  01006244    00000058                  : queue.obj (.text:xQueueTakeMutexRecursive)
                  0100629c    00000056                  : SemaphoreP_freertos.obj (.text:SemaphoreP_create)
                  010062f2    00000056     console.obj (.text:reverse)
                  01006348    00000054     freertos.lib : ClockP_freertos.obj (.text:ClockP_delete)
                  0100639c    00000054     driverlib.a : interrupt.obj (.text:IntPrioritySet)
                  010063f0    00000054     freertos.lib : timers.obj (.text:xTimerCreateTimerTask)
                  01006444    00000052     drivers_cc32xx.aem4 : PowerCC32XX.oem4 (.text:PowerCC32XX_parkPin)
                  01006496    00000052                         : PowerCC32XX_asm.oem4 (.text:PowerCC32XX_resumeLPDS)
                  010064e8    00000050     freertos.lib : port.obj (.text:pxPortInitialiseStack)
                  01006538    00000050                  : ti_posix_freertos_semaphore.obj (.text:sem_init)
                  01006588    00000050                  : queue.obj (.text:xQueueGiveMutexRecursive)
                  010065d8    0000004c     drivers_cc32xx.aem4 : GPIOCC32XX.oem4 (.text:GPIO_enableInt)
                  01006624    0000004c                         : I2CCC32XX.oem4 (.text:I2CCC32XX_completeTransfer)
                  01006670    0000004c     freertos.lib : startup_cc32xx_ccs.obj (.text:initVectors)
                  010066bc    0000004c                  : timers.obj (.text:prvCheckForValidListAndQueue)
                  01006708    0000004c                  : tasks.obj (.text:prvCheckTasksWaitingTermination)
                  01006754    0000004c     drivers_cc32xx.aem4 : PowerCC32XX.oem4 (.text:restorePeriphClocks)
                  010067a0    0000004c     freertos.lib : port.obj (.text:vPortEnterCritical)
                  010067ec    00000048     driverlib.a : flash.obj (.text:FlashDisable)
                  01006834    00000048     freertos.lib : HwiPCC32XX_freertos.obj (.text:HwiP_dispatch)
                  0100687c    00000048     driverlib.a : prcm.obj (.text:PRCMLPDSEnter)
                  010068c4    00000048                 : prcm.obj (.text:PRCMPeripheralClkEnable)
                  0100690c    00000048     drivers_cc32xx.aem4 : PowerCC32XX.oem4 (.text:Power_releaseConstraint)
                  01006954    00000048     freertos.lib : list.obj (.text:uxListRemove)
                  0100699c    00000046     drivers_cc32xx.aem4 : RingBuf.oem4 (.text:RingBuf_put)
                  010069e2    00000002     --HOLE-- [fill = 0]
                  010069e4    00000044                         : I2C.oem4 (.text:I2C_init)
                  01006a28    00000044     driverlib.a : prcm.obj (.text:PRCMLPDSRestoreInfoSet)
                  01006a6c    00000044     drivers_cc32xx.aem4 : PowerCC32XX_asm.oem4 (.text:PowerCC32XX_enterLPDS)
                  01006ab0    00000044                         : UART.oem4 (.text:UART_init)
                  01006af4    00000044     rtsv7M4_T_le_eabi.lib : autoinit.c.obj (.text:__TI_auto_init_nobinit_nopinit:__TI_auto_init_nobinit_nopinit)
                  01006b38    00000044     freertos.lib : queue.obj (.text:prvInitialiseNewQueue)
                  01006b7c    00000044                  : tasks.obj (.text:vTaskStepTick)
                  01006bc0    00000040     driverlib.a : pin.obj (.text:PinModeSet)
                  01006c00    00000040     drivers_cc32xx.aem4 : RingBuf.oem4 (.text:RingBuf_get)
                  01006c40    00000040                         : UARTCC32XX.oem4 (.text:UARTCC32XX_read)
                  01006c80    00000040     freertos.lib : tasks.obj (.text:vTaskPlaceOnEventListRestricted)
                  01006cc0    0000003e                  : ClockP_freertos.obj (.text:ClockP_callbackFxn)
                  01006cfe    0000003e                  : ti_posix_freertos_pthread.obj (.text:pthread_setcancelstate)
                  01006d3c    0000003e                  : ti_posix_freertos_semaphore.obj (.text:sem_post)
                  01006d7a    00000002     --HOLE-- [fill = 0]
                  01006d7c    0000003c     drivers_cc32xx.aem4 : I2C.oem4 (.text:I2C_open)
                  01006db8    0000003c     driverlib.a : prcm.obj (.text:PRCMSlowClkCtrFastGet)
                  01006df4    0000003c     drivers_cc32xx.aem4 : PowerCC32XX.oem4 (.text:Power_setConstraint)
                  01006e30    0000003c                         : UART.oem4 (.text:UART_open)
                  01006e6c    0000003c     freertos.lib : queue.obj (.text:prvCopyDataFromQueue)
                  01006ea8    0000003c                  : tasks.obj (.text:prvResetNextTaskUnblockTime)
                  01006ee4    0000003c                  : tasks.obj (.text:pvTaskGetThreadLocalStoragePointer)
                  01006f20    0000003c                  : ti_posix_freertos_timer.obj (.text:timespecToTicks)
                  01006f5c    0000003c                  : list.obj (.text:vListInsertEnd)
                  01006f98    0000003a                  : ti_posix_freertos_timer.obj (.text:callbackFxn)
                  01006fd2    00000002     --HOLE-- [fill = 0]
                  01006fd4    00000038     driverlib.a : prcm.obj (.text:PRCMLPDSEnterKeepDebugIf)
                  0100700c    00000038     drivers_cc32xx.aem4 : PowerCC32XX.oem4 (.text:notify)
                  01007044    00000038     freertos.lib : timers.obj (.text:prvGetNextExpireTime)
                  0100707c    00000038                  : port.obj (.text:prvTaskExitError)
                  010070b4    00000038     rtsv7M4_T_le_eabi.lib : fs_toi_t2.asm.obj (.text)
                  010070ec    00000038                           : i_tofs_t2.asm.obj (.text)
                  01007124    00000036     drivers_cc32xx.aem4 : PowerCC32XX.oem4 (.text:PowerCC32XX_restoreParkedPin)
                  0100715a    00000036                         : UARTCC32XX.oem4 (.text:UARTCC32XX_readCancel)
                  01007190    00000034     driverlib.a : pin.obj (.text:PinModeGet)
                  010071c4    00000034     drivers_cc32xx.aem4 : PowerCC32XX.oem4 (.text:PowerCC32XX_restoreParkState)
                  010071f8    00000034     freertos.lib : timers.obj (.text:prvSampleTimeNow)
                  0100722c    00000034                  : tasks.obj (.text:vTaskPlaceOnEventList)
                  01007260    00000034                  : tasks.obj (.text:vTaskSetThreadLocalStoragePointer)
                  01007294    00000034                  : timers.obj (.text:xTimerCreate)
                  010072c8    00000030                  : list.obj (.text:vListInitialise)
                  010072f8    00000030                  : port.obj (.text:vPortExitCritical)
                  01007328    00000030                  : tasks.obj (.text:xTaskGetSchedulerState)
                  01007358    0000002e                  : timers.obj (.text:pvTimerGetTimerID)
                  01007386    00000002     --HOLE-- [fill = 0]
                  01007388    0000002c                  : HwiPCC32XX_freertos.obj (.text:HwiP_disable)
                  010073b4    0000002c     driverlib.a : prcm.obj (.text:PRCMLPDSIntervalSet)
                  010073e0    0000002c     drivers_cc32xx.aem4 : PowerCC32XX.oem4 (.text:PowerCC32XX_getParkState)
                  0100740c    0000002c     freertos.lib : SemaphoreP_freertos.obj (.text:SemaphoreP_createBinary)
                  01007438    0000002c                  : ti_posix_freertos_timer.obj (.text:timer_delete)
                  01007464    0000002c                  : tasks.obj (.text:vTaskSetApplicationTaskTag)
                  01007490    0000002c                  : port.obj (.text:xPortSysTickHandler)
                  010074bc    0000002c                  : queue.obj (.text:xQueueCreateMutex)
                  010074e8    0000002c                  : tasks.obj (.text:xTaskGetApplicationTaskTag)
                  01007514    0000002a                  : queue.obj (.text:prvInitialiseMutex)
                  0100753e    0000002a                  : timers.obj (.text:xTimerGetExpiryTime)
                  01007568    00000028                  : HwiPCC32XX_freertos.obj (.text:HwiP_inISR)
                  01007590    00000028     driverlib.a : prcm.obj (.text:PRCMLPDSWakeupSourceEnable)
                  010075b8    00000028                 : prcm.obj (.text:PRCMPeripheralClkDisable)
                  010075e0    00000028     drivers_cc32xx.aem4 : PowerCC32XX.oem4 (.text:Power_registerNotify)
                  01007608    00000028     rtsv7M4_T_le_eabi.lib : boot_cortex_m.c.obj (.text:_c_int00_noargs:_c_int00_noargs)
                  01007630    00000028     freertos.lib : ti_posix_freertos_pthread.obj (.text:pthread_attr_setschedparam)
                  01007658    00000026     drivers_cc32xx.aem4 : List.oem4 (.text:List_put)
                  0100767e    00000026                         : List.oem4 (.text:List_remove)
                  010076a4    00000026     freertos.lib : ti_posix_freertos_pthread.obj (.text:_pthread_cleanup_pop)
                  010076ca    00000026                  : queue.obj (.text:prvIsQueueFull)
                  010076f0    00000024     driverlib.a : interrupt.obj (.text:IntUnregister)
                  01007714    00000024     console.obj (.text:gpioButtonFxn)
                  01007738    00000024     freertos.lib : queue.obj (.text:prvGetDisinheritPriorityAfterTimeout)
                  0100775c    00000024                  : queue.obj (.text:vQueueDelete)
                  01007780    00000024                  : tasks.obj (.text:vTaskInternalSetTimeOutState)
                  010077a4    00000022                  : SemaphoreP_freertos.obj (.text:SemaphoreP_post)
                  010077c6    00000022                  : ti_posix_freertos_aeabi_portable.obj (.text:__aeabi_errno_addr)
                  010077e8    00000022                  : ti_posix_freertos_pthread.obj (.text:pthread_attr_setdetachstate)
                  0100780a    00000002     --HOLE-- [fill = 0]
                  0100780c    00000020                  : ClockP_freertos.obj (.text:ClockP_getCpuFreq)
                  0100782c    00000020                  : HwiPCC32XX_freertos.obj (.text:HwiP_restore)
                  0100784c    00000020     driverlib.a : interrupt.obj (.text:IntRegister)
                  0100786c    00000020     drivers_cc32xx.aem4 : PowerCC32XX.oem4 (.text:Power_unregisterNotify)
                  0100788c    00000020                         : RingBuf.oem4 (.text:RingBuf_peek)
                  010078ac    00000020     freertos.lib : SemaphoreP_freertos.obj (.text:SemaphoreP_pend)
                  010078cc    00000020     drivers_cc32xx.aem4 : UARTCC32XX.oem4 (.text:getPowerMgrId)
                  010078ec    00000020     freertos.lib : queue.obj (.text:prvIsQueueEmpty)
                  0100790c    00000020                  : ti_posix_freertos_semaphore.obj (.text:semaphorePend)
                  0100792c    0000001e                  : HwiPCC32XX_freertos.obj (.text:HwiP_Params_init)
                  0100794a    0000001c                  : ClockP_freertos.obj (.text:ClockP_Params_init)
                  01007966    00000002     --HOLE-- [fill = 0]
                  01007968    0000001c     driverlib.a : pin.obj (.text:PinToPadGet)
                  01007984    0000001c     freertos.lib : ti_posix_freertos_pthread.obj (.text:pthread_attr_init)
                  010079a0    0000001c                  : tasks.obj (.text:pvTaskIncrementMutexHeldCount)
                  010079bc    0000001a                  : ti_posix_freertos_PTLS.obj (.text:PTLS_taskDeleteHook)
                  010079d6    0000001a                  : timers.obj (.text:prvTimerTask)
                  010079f0    0000001a                  : ti_posix_freertos_pthread_mutex.obj (.text:pthread_mutex_destroy)
                  01007a0a    00000002     --HOLE-- [fill = 0]
                  01007a0c    00000018     drivers_cc32xx.aem4 : PowerCC32XX.oem4 (.text:Power_idleFunc)
                  01007a24    00000018     driverlib.a : uart.obj (.text:UARTBusy)
                  01007a3c    00000018                 : uart.obj (.text:UARTIntEnable)
                  01007a54    00000018     drivers_cc32xx.aem4 : UART.oem4 (.text:UART_Params_init)
                  01007a6c    00000018     rtsv7M4_T_le_eabi.lib : ll_mul_t2.asm.obj (.text)
                  01007a84    00000018     freertos.lib : ti_posix_freertos_semaphore.obj (.text:sem_wait)
                  01007a9c    00000018                  : tasks.obj (.text:xTaskGetTickCountFromISR)
                  01007ab4    00000016                  : ClockP_freertos.obj (.text:ClockP_setTimeout)
                  01007aca    00000016                  : ClockP_freertos.obj (.text:ClockP_start)
                  01007ae0    00000016     driverlib.a : prcm.obj (.text:PRCMHIBRegRead)
                  01007af6    00000016                 : prcm.obj (.text:PRCMHIBRegWrite)
                  01007b0c    00000016     freertos.lib : ti_posix_freertos_PTLS.obj (.text:PTLS_getBuf)
                  01007b22    00000016                  : ti_posix_freertos_PTLS.obj (.text:PTLS_setBuf)
                  01007b38    00000016                  : SemaphoreP_freertos.obj (.text:SemaphoreP_Params_init)
                  01007b4e    00000002     --HOLE-- [fill = 0]
                  01007b50    00000016                  : startup_cc32xx_ccs.obj (.text:resetISR)
                  01007b66    00000014     driverlib.a : cpu.obj (.text:CPUcpsie)
                  01007b7a    00000002     --HOLE-- [fill = 0]
                  01007b7c    00000014                 : interrupt.obj (.text:IntVTableBaseSet)
                  01007b90    00000014     drivers_cc32xx.aem4 : PowerCC32XX.oem4 (.text:PowerCC32XX_getWakeup)
                  01007ba4    00000014                         : PowerCC32XX.oem4 (.text:Power_getDependencyCount)
                  01007bb8    00000014     freertos.lib : tasks.obj (.text:prvDeleteTCB)
                  01007bcc    00000014                  : ti_posix_freertos_pthread.obj (.text:pthread_attr_setstacksize)
                  01007be0    00000014                  : ti_posix_freertos_pthread_mutex.obj (.text:pthread_mutex_lock)
                  01007bf4    00000014                  : ti_posix_freertos_pthread.obj (.text:pthread_self)
                  01007c08    00000014     drivers_cc32xx.aem4 : UARTCC32XX.oem4 (.text:releasePowerConstraint)
                  01007c1c    00000014     rtsv7M4_T_le_eabi.lib : strlen.c.obj (.text:strlen)
                  01007c30    00000014     freertos.lib : PowerCC32XX_freertos.obj (.text:vPortSuppressTicksAndSleep)
                  01007c44    00000014                  : tasks.obj (.text:xTaskGetCurrentTaskHandle)
                  01007c58    00000014                  : tasks.obj (.text:xTaskGetTickCount)
                  01007c6c    00000012                  : HwiPCC32XX_freertos.obj (.text:HwiP_delete)
                  01007c7e    00000012     drivers_cc32xx.aem4 : RingBuf.oem4 (.text:RingBuf_construct)
                  01007c90    00000010     freertos.lib : ClockP_freertos.obj (.text:ClockP_getSystemTickPeriod)
                  01007ca0    00000010     drivers_cc32xx.aem4 : I2C.oem4 (.text:I2C_Params_init)
                  01007cb0    00000010                         : PowerCC32XX.oem4 (.text:Power_enablePolicy)
                  01007cc0    00000010     driverlib.a : systick.obj (.text:SysTickDisable)
                  01007cd0    00000010                 : systick.obj (.text:SysTickEnable)
                  01007ce0    00000010     temperature.obj (.text:postSem)
                  01007cf0    00000010     drivers_cc32xx.aem4 : UARTCC32XX.oem4 (.text:readBlockingTimeout)
                  01007d00    00000010     freertos.lib : list.obj (.text:vListInitialiseItem)
                  01007d10    00000010                  : tasks.obj (.text:vTaskSuspendAll)
                  01007d20    0000000e     drivers_cc32xx.aem4 : PowerCC32XX.oem4 (.text:Power_getTransitionLatency)
                  01007d2e    0000000e     temperature.obj (.text:clearAlert)
                  01007d3c    0000000e     rtsv7M4_T_le_eabi.lib : copy_decompress_none.c.obj (.text:decompress:none:__TI_decompress_none)
                  01007d4a    0000000e     temperature.obj (.text:sendAlert)
                  01007d58    0000000c     CC3220SF_LAUNCHXL.obj (.text:CC3220SF_LAUNCHXL_initGeneral)
                  01007d64    0000000c     driverlib.a : cpu.obj (.text:CPUwfi)
                  01007d70    0000000c     freertos.lib : HwiPCC32XX_freertos.obj (.text:HwiP_clearInterrupt)
                  01007d7c    0000000c                  : HwiPCC32XX_freertos.obj (.text:HwiP_disableInterrupt)
                  01007d88    0000000c                  : HwiPCC32XX_freertos.obj (.text:HwiP_enableInterrupt)
                  01007d94    0000000c     drivers_cc32xx.aem4 : PowerCC32XX.oem4 (.text:Power_getConstraintMask)
                  01007da0    0000000c     freertos.lib : SemaphoreP_freertos.obj (.text:SemaphoreP_delete)
                  01007dac    0000000c     rtsv7M4_T_le_eabi.lib : copy_zero_init.c.obj (.text:decompress:ZI:__TI_zero_init)
                  01007db8    0000000c     drivers_cc32xx.aem4 : I2CCC32XX.oem4 (.text:postNotify)
                  01007dc4    0000000c                         : UARTCC32XX.oem4 (.text:postNotifyFxn)
                  01007dd0    0000000c     freertos.lib : tasks.obj (.text:vTaskMissedYield)
                  01007ddc    0000000a     drivers_cc32xx.aem4 : I2C.oem4 (.text:I2C_transfer)
                  01007de6    0000000a     driverlib.a : interrupt.obj (.text:IntMasterEnable)
                  01007df0    0000000a     drivers_cc32xx.aem4 : UART.oem4 (.text:UART_close)
                  01007dfa    0000000a                         : UART.oem4 (.text:UART_read)
                  01007e04    0000000a                         : UART.oem4 (.text:UART_write)
                  01007e0e    0000000a     main_freertos.obj (.text:vApplicationStackOverflowHook)
                  01007e18    00000008     drivers_cc32xx.aem4 : I2CCC32XX.oem4 (.text:I2CCC32XX_blockingCallback)
                  01007e20    00000008     driverlib.a : prcm.obj (.text:PRCMSleepEnter)
                  01007e28    00000008     drivers_cc32xx.aem4 : UARTCC32XX.oem4 (.text:readSemCallback)
                  01007e30    00000008                         : UARTCC32XX.oem4 (.text:writeSemCallback)
                  01007e38    00000006                         : I2CCC32XX.oem4 (.text:I2CCC32XX_control)
                  01007e3e    00000006     driverlib.a : utils.obj (.text:UtilsDelay)
                  01007e44    00000004     rtsv7M4_T_le_eabi.lib : pre_init.c.obj (.text:_system_pre_init)
                  01007e48    00000004                           : exit.c.obj (.text:abort:abort)

.const     0    01007e4c    000005df     
                  01007e4c    00000100     driverlib.a : pin.obj (.const:g_ulPinToPadMap)
                  01007f4c    000000d4                 : interrupt.obj (.const:g_pulRegs)
                  01008020    000000a8                 : prcm.obj (.const:PRCM_PeriphRegsList)
                  010080c8    00000090     console.obj (.const:.string:helpPrompt)
                  01008158    00000048     CC3220SF_LAUNCHXL.obj (.const:uartCC3220SHWAttrs)
                  010081a0    00000040     CC3220SF_LAUNCHXL.obj (.const:PowerCC32XX_config)
                  010081e0    00000028     drivers_cc32xx.aem4 : UARTCC32XX.oem4 (.const:UARTCC32XX_fxnTable)
                  01008208    00000027     console.obj (.const:.string:byeDisplay)
                  0100822f    00000001     --HOLE-- [fill = 0]
                  01008230    00000024     drivers_cc32xx.aem4 : UART.oem4 (.const:UART_defaultParams)
                  01008254    00000021                         : GPIOCC32XX.oem4 (.const:.string:pinTable)
                  01008275    00000003     console.obj (.const:.string:userPrompt)
                  01008278    00000020     drivers_cc32xx.aem4 : UARTCC32XX.oem4 (.const:staticFxnTable)
                  01008298    00000018     console.obj (.const:.string:consoleDisplay)
                  010082b0    00000018     drivers_cc32xx.aem4 : I2CCC32XX.oem4 (.const:I2CCC32XX_fxnTable)
                  010082c8    00000018     CC3220SF_LAUNCHXL.obj (.const:UART_config)
                  010082e0    00000018     driverlib.a : interrupt.obj (.const:g_pulDisRegs)
                  010082f8    00000018                 : interrupt.obj (.const:g_pulEnRegs)
                  01008310    00000018                 : interrupt.obj (.const:g_pulUnpendRegs)
                  01008328    00000015     console.obj (.const:.string:readErrDisplay)
                  0100833d    00000002     console.obj (.const:.string:cleanDisplay)
                  0100833f    00000001     --HOLE-- [fill = 0]
                  01008340    00000014     CC3220SF_LAUNCHXL.obj (.const:GPIOCC32XX_config)
                  01008354    00000014     drivers_cc32xx.aem4 : GPIOCC32XX.oem4 (.const:gpioBaseAddresses)
                  01008368    00000014                         : UARTCC32XX.oem4 (.const:parityType)
                  0100837c    00000014                         : GPIOCC32XX.oem4 (.const:powerResources)
                  01008390    00000010     console.obj (.const:.string:tempStartDisplay)
                  010083a0    00000010     drivers_cc32xx.aem4 : I2C.oem4 (.const:I2C_defaultParams)
                  010083b0    00000010                         : UARTCC32XX.oem4 (.const:dataLength)
                  010083c0    00000010     CC3220SF_LAUNCHXL.obj (.const:i2cCC3220SHWAttrs)
                  010083d0    0000000d     CC3220SF_LAUNCHXL.obj (.const)
                  010083dd    00000003     --HOLE-- [fill = 0]
                  010083e0    0000000c     CC3220SF_LAUNCHXL.obj (.const:I2C_config)
                  010083ec    00000008     drivers_cc32xx.aem4 : I2CCC32XX.oem4 (.const:bitRate)
                  010083f4    00000008     freertos.lib : port.obj (.const)
                  010083fc    00000008     drivers_cc32xx.aem4 : GPIOCC32XX.oem4 (.const:outPinTypes)
                  01008404    00000008                         : UARTCC32XX.oem4 (.const:stopBits)
                  0100840c    00000006                         : GPIOCC32XX.oem4 (.const:.string:interruptType)
                  01008412    00000006                         : GPIOCC32XX.oem4 (.const:inPinTypes)
                  01008418    00000006                         : GPIOCC32XX.oem4 (.const:outPinStrengths)
                  0100841e    00000005     console.obj (.const:.string:tempEndDisplay)
                  01008423    00000004     drivers_cc32xx.aem4 : GPIOCC32XX.oem4 (.const:.string:portInterruptIds)
                  01008427    00000004     console.obj (.const:.string:tempMidDisplay)

.cinit     0    01008430    00000108     
                  01008430    000000e4     (.cinit..data.load) [load image, compression = lzss]
                  01008514    0000000c     (__TI_handler_table)
                  01008520    00000008     (.cinit..bss.load) [load image, compression = zero_init]
                  01008528    00000010     (__TI_cinit_table)

.init_array 
*          0    01000800    00000000     UNINITIALIZED

.ramVecs   0    20000000    0000030c     NOLOAD SECTION
                  20000000    0000030c     freertos.lib : startup_cc32xx_ccs.obj (.ramVecs)

.bss       0    2000030c    000084b9     UNINITIALIZED
                  2000030c    00008000     freertos.lib : heap_4.obj (.bss:ucHeap)
                  2000830c    0000012c     (.common:PowerCC32XX_contextSave)
                  20008438    00000108     (.common:uartCC3220SObjects)
                  20008540    000000c8                  : tasks.obj (.bss:pxReadyTasksLists)
                  20008608    00000050     (.common:i2cCC3220SObjects)
                  20008658    00000040     (.common:uartCC3220SRingBuffer)
                  20008698    0000002c     (.common:temperatureMutex)
                  200086c4    00000020     drivers_cc32xx.aem4 : GPIOCC32XX.oem4 (.bss:gpioCallbackInfo)
                  200086e4    0000001c     (.common:semConsole)
                  20008700    00000014                         : GPIOCC32XX.oem4 (.bss:powerNotifyObj)
                  20008714    00000014     freertos.lib : timers.obj (.bss:xActiveTimerList1)
                  20008728    00000014                  : timers.obj (.bss:xActiveTimerList2)
                  2000873c    00000014                  : tasks.obj (.bss:xDelayedTaskList1)
                  20008750    00000014                  : tasks.obj (.bss:xDelayedTaskList2)
                  20008764    00000014                  : tasks.obj (.bss:xPendingReadyList)
                  20008778    00000014                  : tasks.obj (.bss:xSuspendedTaskList)
                  2000878c    00000014                  : tasks.obj (.bss:xTasksWaitingTermination)
                  200087a0    00000008                  : tasks.obj (.bss)
                  200087a8    00000008                  : timers.obj (.bss)
                  200087b0    00000008                  : heap_4.obj (.bss:xStart)
                  200087b8    00000004     drivers_cc32xx.aem4 : GPIOCC32XX.oem4 (.bss)
                  200087bc    00000004     (.common:temperatureC)
                  200087c0    00000004     (.common:temperatureF)
                  200087c4    00000001                         : I2CCC32XX.oem4 (.bss)

.data      0    200087c8    00000b44     UNINITIALIZED
                  200087c8    00000800     freertos.lib : HwiPCC32XX_freertos.obj (.data:HwiP_dispatchTable)
                  20008fc8    0000016c     drivers_cc32xx.aem4 : PowerCC32XX.oem4 (.data:PowerCC32XX_module)
                  20009134    000000f8     CC3220SF_LAUNCHXL.obj (.data:parkInfo)
                  2000922c    00000034     freertos.lib : tasks.obj (.data)
                  20009260    00000020     CC3220SF_LAUNCHXL.obj (.data:gpioPinConfigs)
                  20009280    00000018     freertos.lib : port.obj (.data)
                  20009298    00000014                  : ti_posix_freertos_pthread.obj (.data:defaultPthreadAttrs)
                  200092ac    00000010                  : heap_4.obj (.data)
                  200092bc    00000010     CC3220SF_LAUNCHXL.obj (.data:gpioCallbackFunctions)
                  200092cc    0000000c     freertos.lib : ti_posix_freertos_pthread_mutex.obj (.data:defAttrs)
                  200092d8    0000000c                  : timers.obj (.data)
                  200092e4    00000009     drivers_cc32xx.aem4 : GPIOCC32XX.oem4 (.data)
                  200092ed    00000001     console.obj (.data)
                  200092ee    00000001     drivers_cc32xx.aem4 : I2C.oem4 (.data)
                  200092ef    00000001                         : UART.oem4 (.data)
                  200092f0    00000008     freertos.lib : ti_posix_freertos_clock.obj (.data:refTS)
                  200092f8    00000008                  : ti_posix_freertos_clock.obj (.data:setTS)
                  20009300    00000004                  : ClockP_freertos.obj (.data)
                  20009304    00000004                  : HwiPCC32XX_freertos.obj (.data)
                  20009308    00000004                  : PowerCC32XX_freertos.obj (.data)

.stack     0    2003fc00    00000400     UNINITIALIZED
                  2003fc00    00000004     rtsv7M4_T_le_eabi.lib : boot_cortex_m.c.obj (.stack)
                  2003fc04    000003fc     --HOLE--

.binit     0    01000000    00000000     

MODULE SUMMARY

       Module                                 code    ro data   rw data
       ------                                 ----    -------   -------
    <current directory>
       console.obj                            684     258       29     
       CC3220SF_LAUNCHXL.obj                  12      221       704    
       temperature.obj                        428     0         8      
       main_freertos.obj                      176     0         44     
    +--+--------------------------------------+-------+---------+---------+
       Total:                                 1300    479       785    
                                                                       
    /home/heo/ti/ccsv8/tools/compiler/ti-cgt-arm_18.1.2.LTS/lib/rtsv7M4_T_le_eabi.lib
       fs_add_t2.asm.obj                      250     0         0      
       memcpy_t2.asm.obj                      156     0         0      
       ull_div_t2.asm.obj                     150     0         0      
       fs_div_t2.asm.obj                      146     0         0      
       fs_mul_t2.asm.obj                      122     0         0      
       memset_t2.asm.obj                      122     0         0      
       copy_decompress_lzss.c.obj             104     0         0      
       autoinit.c.obj                         68      0         0      
       fs_toi_t2.asm.obj                      56      0         0      
       i_tofs_t2.asm.obj                      56      0         0      
       boot_cortex_m.c.obj                    40      0         0      
       ll_mul_t2.asm.obj                      24      0         0      
       strlen.c.obj                           20      0         0      
       copy_decompress_none.c.obj             14      0         0      
       copy_zero_init.c.obj                   12      0         0      
       exit.c.obj                             4       0         0      
       pre_init.c.obj                         4       0         0      
       div0.asm.obj                           2       0         0      
    +--+--------------------------------------+-------+---------+---------+
       Total:                                 1350    0         0      
                                                                       
    /media/sf_CC3220/code/simplelink_cc32xx_sdk_2_20_00_10/kernel/freertos/builds/CC3220SF_LAUNCHXL/release/ccs/freertos.lib
       heap_4.obj                             888     0         32792  
       tasks.obj                              4454    0         360    
       queue.obj                              3130    0         0      
       HwiPCC32XX_freertos.obj                368     0         2052   
       timers.obj                             1484    0         60     
       startup_cc32xx_ccs.obj                 106     64        780    
       ti_posix_freertos_timer.obj            942     0         0      
       ti_posix_freertos_pthread.obj          834     0         20     
       port.obj                               700     8         24     
       ClockP_freertos.obj                    638     0         4      
       ti_posix_freertos_clock.obj            460     0         16     
       PowerCC32XX_freertos.obj               458     0         4      
       ti_posix_freertos_pthread_mutex.obj    358     0         12     
       list.obj                               298     0         0      
       SemaphoreP_freertos.obj                230     0         0      
       ti_posix_freertos_semaphore.obj        198     0         0      
       portasm.obj                            186     0         0      
       ti_posix_freertos_PTLS.obj             70      0         0      
       ti_posix_freertos_aeabi_portable.obj   34      0         0      
    +--+--------------------------------------+-------+---------+---------+
       Total:                                 15836   72        36124  
                                                                       
    /media/sf_CC3220/code/simplelink_cc32xx_sdk_2_20_00_10/source/ti/devices/cc32xx/driverlib/ccs/Release/driverlib.a
       prcm.obj                               1756    168       0      
       interrupt.obj                          608     284       0      
       pin.obj                                280     256       0      
       flash.obj                              72      0         0      
       uart.obj                               48      0         0      
       cpu.obj                                32      0         0      
       systick.obj                            32      0         0      
       utils.obj                              6       0         0      
    +--+--------------------------------------+-------+---------+---------+
       Total:                                 2834    708       0      
                                                                       
    /media/sf_CC3220/code/simplelink_cc32xx_sdk_2_20_00_10/source/ti/drivers/lib/drivers_cc32xx.aem4
       UARTCC32XX.oem4                        3384    116       0      
       PowerCC32XX.oem4                       2362    0         664    
       GPIOCC32XX.oem4                        1176    103       65     
       I2CCC32XX.oem4                         1206    32        1      
       UART.oem4                              182     36        1      
       RingBuf.oem4                           184     0         0      
       I2C.oem4                               154     16        1      
       PowerCC32XX_asm.oem4                   150     0         0      
       List.oem4                              76      0         0      
    +--+--------------------------------------+-------+---------+---------+
       Total:                                 8874    303       732    
                                                                       
       Stack:                                 0       0         1024   
       Linker Generated:                      0       264       0      
    +--+--------------------------------------+-------+---------+---------+
       Grand Total:                           30194   1826      38665  


LINKER GENERATED COPY TABLES

__TI_cinit_table @ 01008528 records: 2, size/record: 8, table size: 16
	.data: load addr=01008430, load size=000000e4 bytes, run addr=200087c8, run size=00000b44 bytes, compression=lzss
	.bss: load addr=01008520, load size=00000008 bytes, run addr=2000030c, run size=000084b9 bytes, compression=zero_init


LINKER GENERATED HANDLER TABLE

__TI_handler_table @ 01008514 records: 3, size/record: 4, table size: 12
	index: 0, handler: __TI_decompress_lzss
	index: 1, handler: __TI_decompress_none
	index: 2, handler: __TI_zero_init


GLOBAL SYMBOLS: SORTED ALPHABETICALLY BY Name 

address   name                               
-------   ----                               
010083d0  ADC_count                          
01007e49  C$$EXIT                            
01007d59  CC3220SF_LAUNCHXL_initGeneral      
01007b67  CPUcpsie                           
01007d65  CPUwfi                             
010083d1  Capture_count                      
0100794b  ClockP_Params_init                 
01006cc1  ClockP_callbackFxn                 
010046b9  ClockP_create                      
01006349  ClockP_delete                      
0100780d  ClockP_getCpuFreq                  
01007c91  ClockP_getSystemTickPeriod         
01007ab5  ClockP_setTimeout                  
01007acb  ClockP_start                       
010059e1  ClockP_stop                        
010083d2  CryptoCC32XX_count                 
010083d3  Display_count                      
010067ed  FlashDisable                       
01008340  GPIOCC32XX_config                  
010065d9  GPIO_enableInt                     
0100543d  GPIO_hwiIntFxn                     
010031c9  GPIO_init                          
01005f85  GPIO_setCallback                   
01001289  GPIO_setConfig                     
01005fdd  GPIO_write                         
0100792d  HwiP_Params_init                   
01007d71  HwiP_clearInterrupt                
01005c99  HwiP_create                        
01007c6d  HwiP_delete                        
01007389  HwiP_disable                       
01007d7d  HwiP_disableInterrupt              
01006835  HwiP_dispatch                      
200087c8  HwiP_dispatchTable                 
01007d89  HwiP_enableInterrupt               
01007569  HwiP_inISR                         
0100782d  HwiP_restore                       
01001f8f  I2CCC32XX_cancel                   
01004c09  I2CCC32XX_close                    
01007e39  I2CCC32XX_control                  
010082b0  I2CCC32XX_fxnTable                 
01002957  I2CCC32XX_init                     
01002749  I2CCC32XX_open                     
010044cd  I2CCC32XX_transfer                 
01007ca1  I2C_Params_init                    
010083e0  I2C_config                         
010083d4  I2C_count                          
010083a0  I2C_defaultParams                  
010069e5  I2C_init                           
01006d7d  I2C_open                           
01007ddd  I2C_transfer                       
010083d5  I2S_count                          
010040dd  IntDisable                         
01004185  IntEnable                          
01007de7  IntMasterEnable                    
01006035  IntPendClear                       
0100639d  IntPrioritySet                     
0100784d  IntRegister                        
010076f1  IntUnregister                      
01007b7d  IntVTableBaseSet                   
01007659  List_put                           
0100767f  List_remove                        
01000841  PRCMCC3200MCUInit                  
01007ae1  PRCMHIBRegRead                     
01007af7  PRCMHIBRegWrite                    
0100687d  PRCMLPDSEnter                      
01006fd5  PRCMLPDSEnterKeepDebugIf           
010073b5  PRCMLPDSIntervalSet                
01006a29  PRCMLPDSRestoreInfoSet             
01007591  PRCMLPDSWakeupSourceEnable         
010075b9  PRCMPeripheralClkDisable           
010068c5  PRCMPeripheralClkEnable            
0100608d  PRCMPeripheralReset                
01007e21  PRCMSleepEnter                     
01006db9  PRCMSlowClkCtrFastGet              
01005cf9  PRCMSysResetCauseGet               
01007b0d  PTLS_getBuf                        
01007b23  PTLS_setBuf                        
010079bd  PTLS_taskDeleteHook                
010083d6  PWM_count                          
01004dad  PinConfigSet                       
01007191  PinModeGet                         
01006bc1  PinModeSet                         
01007969  PinToPadGet                        
010081a0  PowerCC32XX_config                 
0100422d  PowerCC32XX_configureWakeup        
2000830c  PowerCC32XX_contextSave            
01006a6d  PowerCC32XX_enterLPDS              
010073e1  PowerCC32XX_getParkState           
01007b91  PowerCC32XX_getWakeup              
01003413  PowerCC32XX_initPolicy             
20008fc8  PowerCC32XX_module                 
01006445  PowerCC32XX_parkPin                
010071c5  PowerCC32XX_restoreParkState       
01007125  PowerCC32XX_restoreParkedPin       
01006497  PowerCC32XX_resumeLPDS             
01005a45  PowerCC32XX_setParkState           
01001609  PowerCC32XX_sleepPolicy            
01007cb1  Power_enablePolicy                 
01007d95  Power_getConstraintMask            
01007ba5  Power_getDependencyCount           
01007d21  Power_getTransitionLatency         
01007a0d  Power_idleFunc                     
01004ebd  Power_init                         
010075e1  Power_registerNotify               
0100690d  Power_releaseConstraint            
010060e5  Power_releaseDependency            
01006df5  Power_setConstraint                
010050cd  Power_setDependency                
01002409  Power_sleep                        
0100786d  Power_unregisterNotify             
01007c7f  RingBuf_construct                  
01006c01  RingBuf_get                        
0100788d  RingBuf_peek                       
0100699d  RingBuf_put                        
010083d7  SDFatFS_count                      
010083d8  SD_count                           
010083d9  SPI_count                          
01007b39  SemaphoreP_Params_init             
0100629d  SemaphoreP_create                  
0100740d  SemaphoreP_createBinary            
01007da1  SemaphoreP_delete                  
010078ad  SemaphoreP_pend                    
010077a5  SemaphoreP_post                    
01007cc1  SysTickDisable                     
01007cd1  SysTickEnable                      
010083da  Timer_count                        
01007a25  UARTBusy                           
01001f91  UARTCC32XX_close                   
01002d49  UARTCC32XX_control                 
010081e0  UARTCC32XX_fxnTable                
01003593  UARTCC32XX_init                    
01000c6d  UARTCC32XX_open                    
01006c41  UARTCC32XX_read                    
0100715b  UARTCC32XX_readCancel              
01003651  UARTCC32XX_readPolling             
01003351  UARTCC32XX_write                   
010058ad  UARTCC32XX_writeCancel             
01005bd5  UARTCC32XX_writePolling            
01007a3d  UARTIntEnable                      
01007a55  UART_Params_init                   
01007df1  UART_close                         
010082c8  UART_config                        
010083db  UART_count                         
01008230  UART_defaultParams                 
01006ab1  UART_init                          
01006e31  UART_open                          
01007dfb  UART_read                          
01007e05  UART_write                         
01007e3f  UtilsDelay                         
010083dc  Watchdog_count                     
20040000  __STACK_END                        
00000400  __STACK_SIZE                       
01008528  __TI_CINIT_Base                    
01008538  __TI_CINIT_Limit                   
01008514  __TI_Handler_Table_Base            
01008520  __TI_Handler_Table_Limit           
01006af5  __TI_auto_init_nobinit_nopinit     
010057dd  __TI_decompress_lzss               
01007d3d  __TI_decompress_none               
ffffffff  __TI_pprof_out_hndl                
ffffffff  __TI_prof_data_size                
ffffffff  __TI_prof_data_start               
01008430  __TI_static_base__                 
01007dad  __TI_zero_init                     
010077c7  __aeabi_errno_addr                 
010070b5  __aeabi_f2iz                       
01002b59  __aeabi_fadd                       
01004a55  __aeabi_fdiv                       
010052cd  __aeabi_fmul                       
01002b55  __aeabi_fsub                       
010070ed  __aeabi_i2f                        
01004ae7  __aeabi_idiv0                      
01004ae7  __aeabi_ldiv0                      
01007a6d  __aeabi_lmul                       
01005347  __aeabi_memclr                     
01005347  __aeabi_memclr4                    
01005347  __aeabi_memclr8                    
01004759  __aeabi_memcpy                     
01004759  __aeabi_memcpy4                    
01004759  __aeabi_memcpy8                    
01005349  __aeabi_memset                     
01005349  __aeabi_memset4                    
01005349  __aeabi_memset8                    
01004929  __aeabi_uldivmod                   
ffffffff  __binit__                          
ffffffff  __c_args__                         
UNDEFED   __mpu_init                         
2003fc00  __stack                            
01007609  _c_int00_noargs                    
01003b61  _clock_abstime2ticks               
010076a5  _pthread_cleanup_pop               
UNDEFED   _system_post_cinit                 
01007e45  _system_pre_init                   
01007e49  abort                              
ffffffff  binit                              
01008208  byeDisplay                         
0100833d  cleanDisplay                       
01004d21  clock_gettime                      
01008298  consoleDisplay                     
01003cc9  consoleThread                      
0100613d  eTaskConfirmSleepModeStatus        
01007715  gpioButtonFxn                      
200092bc  gpioCallbackFunctions              
20009260  gpioPinConfigs                     
010080c8  helpPrompt                         
010083c0  i2cCC3220SHWAttrs                  
20008608  i2cCC3220SObjects                  
01008412  inPinTypes                         
01006671  initVectors                        
01004571  main                               
01004759  memcpy                             
0100534f  memset                             
01008418  outPinStrengths                    
010083fc  outPinTypes                        
20009134  parkInfo                           
01007985  pthread_attr_init                  
010077e9  pthread_attr_setdetachstate        
01007631  pthread_attr_setschedparam         
01007bcd  pthread_attr_setstacksize          
01001d39  pthread_create                     
01005e15  pthread_exit                       
010079f1  pthread_mutex_destroy              
01005615  pthread_mutex_init                 
01007be1  pthread_mutex_lock                 
01005d59  pthread_mutex_unlock               
01007bf5  pthread_self                       
01006cff  pthread_setcancelstate             
01001939  pvPortMalloc                       
01006ee5  pvTaskGetThreadLocalStoragePointer 
010079a1  pvTaskIncrementMutexHeldCount      
01007359  pvTimerGetTimerID                  
2000922c  pxCurrentTCB                       
010064e9  pxPortInitialiseStack              
01008328  readErrDisplay                     
01007b51  resetISR                           
01007b60  resetVectorAddr                    
01000800  resetVectors                       
200086e4  semConsole                         
01006539  sem_init                           
01006d3d  sem_post                           
01007a85  sem_wait                           
010051cd  setupTimer                         
010020b1  simpleConsole                      
01007c1d  strlen                             
0100841e  tempEndDisplay                     
01008427  tempMidDisplay                     
01008390  tempStartDisplay                   
200087bc  temperatureC                       
200087c0  temperatureF                       
20008698  temperatureMutex                   
01002959  temperatureThread                  
010039f1  timer_create                       
01007439  timer_delete                       
0100524d  timer_gettime                      
01000ee5  timer_settime                      
01008158  uartCC3220SHWAttrs                 
20008438  uartCC3220SObjects                 
20008658  uartCC3220SRingBuffer              
200092ed  uartEnabled                        
010083f4  ulMaxSyscallInterruptPriority      
0100371d  ulPortGetIPSR                      
01008275  userPrompt                         
01006955  uxListRemove                       
01004c07  vApplicationMallocFailedHook       
01007e0f  vApplicationStackOverflowHook      
010072c9  vListInitialise                    
01007d01  vListInitialiseItem                
01005913  vListInsert                        
01006f5d  vListInsertEnd                     
010067a1  vPortEnterCritical                 
010072f9  vPortExitCritical                  
010047f5  vPortFree                          
01003781  vPortSVCHandler                    
01006195  vPortSetupTimerInterrupt           
010037a5  vPortStartFirstTask                
01007c31  vPortSuppressTicksAndSleep         
01005689  vPortValidateInterruptPriority     
0100775d  vQueueDelete                       
01005ecd  vQueueWaitForMessageRestricted     
01002c51  vTaskDelete                        
01007781  vTaskInternalSetTimeOutState       
01007dd1  vTaskMissedYield                   
0100722d  vTaskPlaceOnEventList              
01006c81  vTaskPlaceOnEventListRestricted    
01002639  vTaskPriorityDisinheritAfterTimeout
01007465  vTaskSetApplicationTaskTag         
01007261  vTaskSetThreadLocalStoragePointer  
010049c1  vTaskStartScheduler                
01006b7d  vTaskStepTick                      
01002a59  vTaskSuspend                       
01007d11  vTaskSuspendAll                    
010030ed  vTaskSwitchContext                 
01003735  xPortPendSVHandler                 
01003415  xPortStartScheduler                
01007491  xPortSysTickHandler                
010061ed  xQueueCreateCountingSemaphore      
010074bd  xQueueCreateMutex                  
01005979  xQueueGenericCreate                
01003aa9  xQueueGenericReset                 
01001451  xQueueGenericSend                  
01002855  xQueueGenericSendFromISR           
01002e37  xQueueGiveFromISR                  
01006589  xQueueGiveMutexRecursive           
010017bd  xQueueReceive                      
010010b9  xQueueSemaphoreTake                
01006245  xQueueTakeMutexRecursive           
01003e29  xTaskCheckForTimeOut               
010053c1  xTaskCreate                        
010074e9  xTaskGetApplicationTaskTag         
01007c45  xTaskGetCurrentTaskHandle          
01007329  xTaskGetSchedulerState             
01007c59  xTaskGetTickCount                  
01007a9d  xTaskGetTickCountFromISR           
01001c01  xTaskIncrementTick                 
0100300d  xTaskPriorityDisinherit            
01002f25  xTaskPriorityInherit               
01004425  xTaskRemoveFromEventList           
010022ed  xTaskResumeAll                     
01007295  xTimerCreate                       
010063f1  xTimerCreateTimerTask              
01005049  xTimerGenericCommand               
0100753f  xTimerGetExpiryTime                


GLOBAL SYMBOLS: SORTED BY Symbol Address 

address   name                               
-------   ----                               
00000400  __STACK_SIZE                       
01000800  resetVectors                       
01000841  PRCMCC3200MCUInit                  
01000c6d  UARTCC32XX_open                    
01000ee5  timer_settime                      
010010b9  xQueueSemaphoreTake                
01001289  GPIO_setConfig                     
01001451  xQueueGenericSend                  
01001609  PowerCC32XX_sleepPolicy            
010017bd  xQueueReceive                      
01001939  pvPortMalloc                       
01001c01  xTaskIncrementTick                 
01001d39  pthread_create                     
01001f8f  I2CCC32XX_cancel                   
01001f91  UARTCC32XX_close                   
010020b1  simpleConsole                      
010022ed  xTaskResumeAll                     
01002409  Power_sleep                        
01002639  vTaskPriorityDisinheritAfterTimeout
01002749  I2CCC32XX_open                     
01002855  xQueueGenericSendFromISR           
01002957  I2CCC32XX_init                     
01002959  temperatureThread                  
01002a59  vTaskSuspend                       
01002b55  __aeabi_fsub                       
01002b59  __aeabi_fadd                       
01002c51  vTaskDelete                        
01002d49  UARTCC32XX_control                 
01002e37  xQueueGiveFromISR                  
01002f25  xTaskPriorityInherit               
0100300d  xTaskPriorityDisinherit            
010030ed  vTaskSwitchContext                 
010031c9  GPIO_init                          
01003351  UARTCC32XX_write                   
01003413  PowerCC32XX_initPolicy             
01003415  xPortStartScheduler                
01003593  UARTCC32XX_init                    
01003651  UARTCC32XX_readPolling             
0100371d  ulPortGetIPSR                      
01003735  xPortPendSVHandler                 
01003781  vPortSVCHandler                    
010037a5  vPortStartFirstTask                
010039f1  timer_create                       
01003aa9  xQueueGenericReset                 
01003b61  _clock_abstime2ticks               
01003cc9  consoleThread                      
01003e29  xTaskCheckForTimeOut               
010040dd  IntDisable                         
01004185  IntEnable                          
0100422d  PowerCC32XX_configureWakeup        
01004425  xTaskRemoveFromEventList           
010044cd  I2CCC32XX_transfer                 
01004571  main                               
010046b9  ClockP_create                      
01004759  __aeabi_memcpy                     
01004759  __aeabi_memcpy4                    
01004759  __aeabi_memcpy8                    
01004759  memcpy                             
010047f5  vPortFree                          
01004929  __aeabi_uldivmod                   
010049c1  vTaskStartScheduler                
01004a55  __aeabi_fdiv                       
01004ae7  __aeabi_idiv0                      
01004ae7  __aeabi_ldiv0                      
01004c07  vApplicationMallocFailedHook       
01004c09  I2CCC32XX_close                    
01004d21  clock_gettime                      
01004dad  PinConfigSet                       
01004ebd  Power_init                         
01005049  xTimerGenericCommand               
010050cd  Power_setDependency                
010051cd  setupTimer                         
0100524d  timer_gettime                      
010052cd  __aeabi_fmul                       
01005347  __aeabi_memclr                     
01005347  __aeabi_memclr4                    
01005347  __aeabi_memclr8                    
01005349  __aeabi_memset                     
01005349  __aeabi_memset4                    
01005349  __aeabi_memset8                    
0100534f  memset                             
010053c1  xTaskCreate                        
0100543d  GPIO_hwiIntFxn                     
01005615  pthread_mutex_init                 
01005689  vPortValidateInterruptPriority     
010057dd  __TI_decompress_lzss               
010058ad  UARTCC32XX_writeCancel             
01005913  vListInsert                        
01005979  xQueueGenericCreate                
010059e1  ClockP_stop                        
01005a45  PowerCC32XX_setParkState           
01005bd5  UARTCC32XX_writePolling            
01005c99  HwiP_create                        
01005cf9  PRCMSysResetCauseGet               
01005d59  pthread_mutex_unlock               
01005e15  pthread_exit                       
01005ecd  vQueueWaitForMessageRestricted     
01005f85  GPIO_setCallback                   
01005fdd  GPIO_write                         
01006035  IntPendClear                       
0100608d  PRCMPeripheralReset                
010060e5  Power_releaseDependency            
0100613d  eTaskConfirmSleepModeStatus        
01006195  vPortSetupTimerInterrupt           
010061ed  xQueueCreateCountingSemaphore      
01006245  xQueueTakeMutexRecursive           
0100629d  SemaphoreP_create                  
01006349  ClockP_delete                      
0100639d  IntPrioritySet                     
010063f1  xTimerCreateTimerTask              
01006445  PowerCC32XX_parkPin                
01006497  PowerCC32XX_resumeLPDS             
010064e9  pxPortInitialiseStack              
01006539  sem_init                           
01006589  xQueueGiveMutexRecursive           
010065d9  GPIO_enableInt                     
01006671  initVectors                        
010067a1  vPortEnterCritical                 
010067ed  FlashDisable                       
01006835  HwiP_dispatch                      
0100687d  PRCMLPDSEnter                      
010068c5  PRCMPeripheralClkEnable            
0100690d  Power_releaseConstraint            
01006955  uxListRemove                       
0100699d  RingBuf_put                        
010069e5  I2C_init                           
01006a29  PRCMLPDSRestoreInfoSet             
01006a6d  PowerCC32XX_enterLPDS              
01006ab1  UART_init                          
01006af5  __TI_auto_init_nobinit_nopinit     
01006b7d  vTaskStepTick                      
01006bc1  PinModeSet                         
01006c01  RingBuf_get                        
01006c41  UARTCC32XX_read                    
01006c81  vTaskPlaceOnEventListRestricted    
01006cc1  ClockP_callbackFxn                 
01006cff  pthread_setcancelstate             
01006d3d  sem_post                           
01006d7d  I2C_open                           
01006db9  PRCMSlowClkCtrFastGet              
01006df5  Power_setConstraint                
01006e31  UART_open                          
01006ee5  pvTaskGetThreadLocalStoragePointer 
01006f5d  vListInsertEnd                     
01006fd5  PRCMLPDSEnterKeepDebugIf           
010070b5  __aeabi_f2iz                       
010070ed  __aeabi_i2f                        
01007125  PowerCC32XX_restoreParkedPin       
0100715b  UARTCC32XX_readCancel              
01007191  PinModeGet                         
010071c5  PowerCC32XX_restoreParkState       
0100722d  vTaskPlaceOnEventList              
01007261  vTaskSetThreadLocalStoragePointer  
01007295  xTimerCreate                       
010072c9  vListInitialise                    
010072f9  vPortExitCritical                  
01007329  xTaskGetSchedulerState             
01007359  pvTimerGetTimerID                  
01007389  HwiP_disable                       
010073b5  PRCMLPDSIntervalSet                
010073e1  PowerCC32XX_getParkState           
0100740d  SemaphoreP_createBinary            
01007439  timer_delete                       
01007465  vTaskSetApplicationTaskTag         
01007491  xPortSysTickHandler                
010074bd  xQueueCreateMutex                  
010074e9  xTaskGetApplicationTaskTag         
0100753f  xTimerGetExpiryTime                
01007569  HwiP_inISR                         
01007591  PRCMLPDSWakeupSourceEnable         
010075b9  PRCMPeripheralClkDisable           
010075e1  Power_registerNotify               
01007609  _c_int00_noargs                    
01007631  pthread_attr_setschedparam         
01007659  List_put                           
0100767f  List_remove                        
010076a5  _pthread_cleanup_pop               
010076f1  IntUnregister                      
01007715  gpioButtonFxn                      
0100775d  vQueueDelete                       
01007781  vTaskInternalSetTimeOutState       
010077a5  SemaphoreP_post                    
010077c7  __aeabi_errno_addr                 
010077e9  pthread_attr_setdetachstate        
0100780d  ClockP_getCpuFreq                  
0100782d  HwiP_restore                       
0100784d  IntRegister                        
0100786d  Power_unregisterNotify             
0100788d  RingBuf_peek                       
010078ad  SemaphoreP_pend                    
0100792d  HwiP_Params_init                   
0100794b  ClockP_Params_init                 
01007969  PinToPadGet                        
01007985  pthread_attr_init                  
010079a1  pvTaskIncrementMutexHeldCount      
010079bd  PTLS_taskDeleteHook                
010079f1  pthread_mutex_destroy              
01007a0d  Power_idleFunc                     
01007a25  UARTBusy                           
01007a3d  UARTIntEnable                      
01007a55  UART_Params_init                   
01007a6d  __aeabi_lmul                       
01007a85  sem_wait                           
01007a9d  xTaskGetTickCountFromISR           
01007ab5  ClockP_setTimeout                  
01007acb  ClockP_start                       
01007ae1  PRCMHIBRegRead                     
01007af7  PRCMHIBRegWrite                    
01007b0d  PTLS_getBuf                        
01007b23  PTLS_setBuf                        
01007b39  SemaphoreP_Params_init             
01007b51  resetISR                           
01007b60  resetVectorAddr                    
01007b67  CPUcpsie                           
01007b7d  IntVTableBaseSet                   
01007b91  PowerCC32XX_getWakeup              
01007ba5  Power_getDependencyCount           
01007bcd  pthread_attr_setstacksize          
01007be1  pthread_mutex_lock                 
01007bf5  pthread_self                       
01007c1d  strlen                             
01007c31  vPortSuppressTicksAndSleep         
01007c45  xTaskGetCurrentTaskHandle          
01007c59  xTaskGetTickCount                  
01007c6d  HwiP_delete                        
01007c7f  RingBuf_construct                  
01007c91  ClockP_getSystemTickPeriod         
01007ca1  I2C_Params_init                    
01007cb1  Power_enablePolicy                 
01007cc1  SysTickDisable                     
01007cd1  SysTickEnable                      
01007d01  vListInitialiseItem                
01007d11  vTaskSuspendAll                    
01007d21  Power_getTransitionLatency         
01007d3d  __TI_decompress_none               
01007d59  CC3220SF_LAUNCHXL_initGeneral      
01007d65  CPUwfi                             
01007d71  HwiP_clearInterrupt                
01007d7d  HwiP_disableInterrupt              
01007d89  HwiP_enableInterrupt               
01007d95  Power_getConstraintMask            
01007da1  SemaphoreP_delete                  
01007dad  __TI_zero_init                     
01007dd1  vTaskMissedYield                   
01007ddd  I2C_transfer                       
01007de7  IntMasterEnable                    
01007df1  UART_close                         
01007dfb  UART_read                          
01007e05  UART_write                         
01007e0f  vApplicationStackOverflowHook      
01007e21  PRCMSleepEnter                     
01007e39  I2CCC32XX_control                  
01007e3f  UtilsDelay                         
01007e45  _system_pre_init                   
01007e49  C$$EXIT                            
01007e49  abort                              
010080c8  helpPrompt                         
01008158  uartCC3220SHWAttrs                 
010081a0  PowerCC32XX_config                 
010081e0  UARTCC32XX_fxnTable                
01008208  byeDisplay                         
01008230  UART_defaultParams                 
01008275  userPrompt                         
01008298  consoleDisplay                     
010082b0  I2CCC32XX_fxnTable                 
010082c8  UART_config                        
01008328  readErrDisplay                     
0100833d  cleanDisplay                       
01008340  GPIOCC32XX_config                  
01008390  tempStartDisplay                   
010083a0  I2C_defaultParams                  
010083c0  i2cCC3220SHWAttrs                  
010083d0  ADC_count                          
010083d1  Capture_count                      
010083d2  CryptoCC32XX_count                 
010083d3  Display_count                      
010083d4  I2C_count                          
010083d5  I2S_count                          
010083d6  PWM_count                          
010083d7  SDFatFS_count                      
010083d8  SD_count                           
010083d9  SPI_count                          
010083da  Timer_count                        
010083db  UART_count                         
010083dc  Watchdog_count                     
010083e0  I2C_config                         
010083f4  ulMaxSyscallInterruptPriority      
010083fc  outPinTypes                        
01008412  inPinTypes                         
01008418  outPinStrengths                    
0100841e  tempEndDisplay                     
01008427  tempMidDisplay                     
01008430  __TI_static_base__                 
01008514  __TI_Handler_Table_Base            
01008520  __TI_Handler_Table_Limit           
01008528  __TI_CINIT_Base                    
01008538  __TI_CINIT_Limit                   
2000830c  PowerCC32XX_contextSave            
20008438  uartCC3220SObjects                 
20008608  i2cCC3220SObjects                  
20008658  uartCC3220SRingBuffer              
20008698  temperatureMutex                   
200086e4  semConsole                         
200087bc  temperatureC                       
200087c0  temperatureF                       
200087c8  HwiP_dispatchTable                 
20008fc8  PowerCC32XX_module                 
20009134  parkInfo                           
2000922c  pxCurrentTCB                       
20009260  gpioPinConfigs                     
200092bc  gpioCallbackFunctions              
200092ed  uartEnabled                        
2003fc00  __stack                            
20040000  __STACK_END                        
ffffffff  __TI_pprof_out_hndl                
ffffffff  __TI_prof_data_size                
ffffffff  __TI_prof_data_start               
ffffffff  __binit__                          
ffffffff  __c_args__                         
ffffffff  binit                              
UNDEFED   __mpu_init                         
UNDEFED   _system_post_cinit                 

[322 symbols]
