******************************************************************************
                  TI ARM Linker Unix v18.1.2                   
******************************************************************************
>> Linked Fri Aug 24 17:25:34 2018

OUTPUT FILE NAME:   <tcpsocket.out>
ENTRY POINT SYMBOL: "_c_int00"  address: 0101a0dd


MEMORY CONFIGURATION

         name            origin    length      used     unused   attr    fill
----------------------  --------  ---------  --------  --------  ----  --------
  FLASH_HDR             01000000   000007ff  00000000  000007ff  R  X
  FLASH                 01000800   000ff800  0001fd5b  000dfaa5  R  X
  SRAM                  20000000   00040000  0000be65  0003419b  RW X


SEGMENT ALLOCATION MAP

run origin  load origin   length   init length attrs members
----------  ----------- ---------- ----------- ----- -------
01000800    01000800    0001fd68   0001fd68    r-x
  01000800    01000800    0000003c   0000003c    r-- .resetVecs
  01000840    01000840    0001bfda   0001bfda    r-x .text
  0101c81c    0101c81c    00003185   00003185    r-- .const
  0101f9a8    0101f9a8    00000bc0   00000bc0    r-- .cinit
20000310    20000310    00008000   00000000    r--
  20000310    20000310    00008000   00000000    r-- .priheap
20008400    20008400    0000375a   00000000    rw-
  20008400    20008400    0000227f   00000000    rw- .bss
  2000a680    2000a680    000014da   00000000    rw- .data
2003fc00    2003fc00    00000400   00000000    rw-
  2003fc00    2003fc00    00000400   00000000    rw- .stack


SECTION ALLOCATION MAP

 output                                  attributes/
section   page    origin      length       input sections
--------  ----  ----------  ----------   ----------------
.bootVecs 
*          0    00000000    00000008     DSECT
                  00000000    00000008     boot.aem4 : boot.oem4 (.bootVecs)

.resetVecs 
*          0    01000800    0000003c     
                  01000800    0000003c     release_pem4.oem4 (.resetVecs)

.vecs      0    20000000    0000030c     NOLOAD SECTION
                  20000000    0000030c     release_pem4.oem4 (.vecs)

xdc.meta   0    00000000    00000118     COPY SECTION
                  00000000    00000118     release_pem4.oem4 (xdc.meta)

xdc.noload 
*          0    00000000    00000000     COPY SECTION

.text      0    01000840    0001bfda     
                  01000840    00001268     transceiver_cmd.obj (.text:TxTask)
                  01001aa8    00000ca0     cmd_parser.obj (.text:ParseCreateFilterCmd)
                  01002748    00000a4a     rtsv7M4_T_le_eabi.lib : _printfi.c.obj (.text:__TI_printfi)
                  01003192    00000002     drivers_cc32xx.aem4 : UARTCC32XX.oem4 (.text:UARTCC32XX_init)
                  01003194    0000088c     simplelink.a : driver.obj (.text:_SlDrvMsgRead)
                  01003a20    00000668     network_terminal.obj (.text:SimpleLinkWlanEventHandler)
                  01004088    00000614     cmd_parser.obj (.text:ParseRecvCmd)
                  0100469c    000005e4     socket_cmd.obj (.text:drawRxHist)
                  01004c80    00000598     cmd_parser.obj (.text:ParseStartApCmd)
                  01005218    00000584     cmd_parser.obj (.text:ParseSendCmd)
                  0100579c    00000520     socket_cmd.obj (.text:TCPServer)
                  01005cbc    00000504     transceiver_cmd.obj (.text:RxTask)
                  010061c0    0000046c     netapp_cmd.obj (.text:mDNSQueryCallback)
                  0100662c    00000464     socket_cmd.obj (.text:UDPServer)
                  01006a90    00000460     network_terminal.obj (.text:ConfigureSimpleLinkToDefaultState)
                  01006ef0    00000438     socket_cmd.obj (.text:TCPClient)
                  01007328    0000042c     driverlib.a : prcm.obj (.text:PRCMCC3200MCUInit)
                  01007754    0000042c     cmd_parser.obj (.text:ParseConnectCmd)
                  01007b80    0000042c     simplelink.a : sl_socket.obj (.text:_SlSocketHandleAsync_Select)
                  01007fac    000003f4     cmd_parser.obj (.text:ParsePingCmd)
                  010083a0    000003c4     wlan_cmd.obj (.text:cmdWlanConnectCallback)
                  01008764    00000397     socket_cmd.obj (.text:UDPClient)
                  01008afb    00000001     --HOLE-- [fill = 0]
                  01008afc    00000384     simplelink.a : driver.obj (.text:_SlDrvMsgWrite)
                  01008e80    00000370     wlan_cmd.obj (.text:cmdWlanStartApCallback)
                  010091f0    00000320     wlan_cmd.obj (.text:cmdWlanStopApCallback)
                  01009510    00000320     wlan_cmd.obj (.text:setP2Pparams)
                  01009830    00000310     network_terminal.obj (.text:DisplayAppBanner)
                  01009b40    0000030c     wlan_cmd.obj (.text:cmdEnableWoWLANCallback)
                  01009e4c    000002dc     network_terminal.obj (.text:SimpleLinkNetAppEventHandler)
                  0100a128    000002d8     simplelink.a : driver.obj (.text:_SlDrvRxHdrRead)
                  0100a400    000002c4     cmd_parser.obj (.text:ParsemDNSAdvertiseCmd)
                  0100a6c4    000002bc     wlan_cmd.obj (.text:p2pConnect)
                  0100a980    000002b8     netapp_cmd.obj (.text:mDNSAdvertiseCallback)
                  0100ac38    000002b8     radio_tool.obj (.text:radioTool_TxStart)
                  0100aef0    000002a4     wlan_cmd.obj (.text:printScanResults)
                  0100b194    0000027c     simplelink.a : wlan.obj (.text:sl_WlanConnect)
                  0100b410    00000278     drivers_cc32xx.aem4 : UARTCC32XX.oem4 (.text:UARTCC32XX_open)
                  0100b688    00000278     wlan_cmd.obj (.text:cmdConnectedStationsCallback)
                  0100b900    00000268     rtsv7M4_T_le_eabi.lib : _printfi.c.obj (.text:_pconv_a)
                  0100bb68    00000250     cmd_parser.obj (.text:ParseEnableWoWLANCmd)
                  0100bdb8    0000024c     netapp_cmd.obj (.text:cmdPingCallback)
                  0100c004    00000230     wlan_cmd.obj (.text:cmdP2PModecallback)
                  0100c234    0000022c     simplelink.a : driver.obj (.text:_SlDrvWaitForPoolObj)
                  0100c460    00000228                  : driver.obj (.text:_SlDrvReleasePoolObj)
                  0100c688    00000228     network_terminal.obj (.text:ipv6AddressParse)
                  0100c8b0    00000224     simplelink.a : driver.obj (.text:_SlDrvDataReadOp)
                  0100cad4    00000220     cmd_parser.obj (.text:ParseSetPolicyCmd)
                  0100ccf4    00000210     wlan_cmd.obj (.text:cmdSetPolicyCallback)
                  0100cf04    00000204     simplelink.a : driver.obj (.text:_SlDrvDriverCBInit)
                  0100d108    00000200     network_terminal.obj (.text:initAppVariables)
                  0100d308    000001f4     simplelink.a : driver.obj (.text:_SlDrvMsgReadCmdCtx)
                  0100d4fc    000001f2                  : netapp.obj (.text:_SlNetAppEventHandler)
                  0100d6ee    00000002     rtsv7M4_T_le_eabi.lib : _lock.c.obj (.text:_nop)
                  0100d6f0    000001e8     wlan_cmd.obj (.text:setStaticIPConfig)
                  0100d8d8    000001e7     network_terminal.obj (.text:SimpleLinkFatalErrorEventHandler)
                  0100dabf    00000001     --HOLE-- [fill = 0]
                  0100dac0    000001e0     simplelink.a : netapp.obj (.text:sl_NetAppPing)
                  0100dca0    000001d0     drivers_cc32xx.aem4 : SPICC32XXDMA.oem4 (.text:SPICC32XXDMA_transfer)
                  0100de70    000001cc     rtsv7M4_T_le_eabi.lib : _printfi.c.obj (.text:_pconv_g)
                  0100e03c    000001c8     drivers_cc32xx.aem4 : GPIOCC32XX.oem4 (.text:GPIO_setConfig)
                  0100e204    000001b8     transceiver_cmd.obj (.text:showTxMenu)
                  0100e3bc    000001b6     rtsv7M4_T_le_eabi.lib : fd_add_t2.asm.obj (.text)
                  0100e572    00000002                           : div0.asm.obj (.text)
                  0100e574    000001b4     simplelink.a : sl_socket.obj (.text:sl_Accept)
                  0100e728    000001b0                  : driver.obj (.text:_SlDrvDataWriteOp)
                  0100e8d8    000001a9     socket_cmd.obj (.text:cmdRecvCallback)
                  0100ea81    00000001     --HOLE-- [fill = 0]
                  0100ea82    00000002     release_pem4.oem4 (.text:ti_sysbios_BIOS_nullFunc__I)
                  0100ea84    000001a4     network_terminal.obj (.text:mainThread)
                  0100ec28    0000019c     cmd_parser.obj (.text:ParsemDNSQueryCmd)
                  0100edc4    00000188     wlan_cmd.obj (.text:cmdP2PStopcallback)
                  0100ef4c    00000184     simplelink.a : driver.obj (.text:_SlDrvReleaseAllActivePendingPoolObj)
                  0100f0d0    00000184                  : sl_socket.obj (.text:sl_Connect)
                  0100f254    00000180     drivers_cc32xx.aem4 : SPICC32XXDMA.oem4 (.text:configDMA)
                  0100f3d4    0000017c     simplelink.a : device.obj (.text:sl_Stop)
                  0100f550    00000174                  : driver.obj (.text:_SlDrvFindAndSetActiveObj)
                  0100f6c4    00000158     dpl_cc32xx.aem4 : PowerCC32XX_tirtos.oem4 (.text:PowerCC32XX_sleepPolicy)
                  0100f81c    00000158     drivers_cc32xx.aem4 : SPICC32XXDMA.oem4 (.text:SPICC32XXDMA_open)
                  0100f974    00000158     wlan_cmd.obj (.text:printFrameSubTyps)
                  0100facc    00000154     simplelink.a : sl_socket.obj (.text:sl_RecvFrom)
                  0100fc20    00000150     cmd_parser.obj (.text:ParseCountycodeCmd)
                  0100fd70    00000150     drivers_cc32xx.aem4 : PowerCC32XX.oem4 (.text:parkPins)
                  0100fec0    0000013c     rtsv7M4_T_le_eabi.lib : _printfi.c.obj (.text:_pconv_e)
                  0100fffc    0000013c     simplelink.a : netapp.obj (.text:sl_NetAppDnsGetHostByName)
                  01010138    00000138                  : driver.obj (.text:_SlDrvDriverCBDeinit)
                  01010270    00000138     transceiver_cmd.obj (.text:showMenu)
                  010103a8    00000136     rtsv7M4_T_le_eabi.lib : fd_div_t2.asm.obj (.text)
                  010104de    00000002     release_pem4.oem4 (.text:xdc_runtime_Startup_reset__I)
                  010104e0    00000134     transceiver_cmd.obj (.text:showPHYConfMenu)
                  01010614    00000130     simplelink.a : sl_socket.obj (.text:_SlDrvGetNextTimeoutValue)
                  01010744    00000130     rtsv7M4_T_le_eabi.lib : strtol.c.obj (.text:strtol)
                  01010874    00000004     dpl_cc32xx.aem4 : ClockP_tirtos.oem4 (.text:ClockP_getCpuFreq)
                  01010878    00000130     sysbios.aem4 : BIOS.obj (.text:ti_sysbios_knl_Semaphore_pend__E)
                  010109a8    00000128     simplelink.a : driver.obj (.text:_SlDrvClassifyRxMsg)
                  01010ad0    00000124                  : driver.obj (.text:_SlDrvMsgReadSpawnCtx)
                  01010bf4    00000120     drivers_cc32xx.aem4 : UARTCC32XX.oem4 (.text:UARTCC32XX_close)
                  01010d14    00000120     simplelink.a : driver.obj (.text:_SlDrvAsyncEventGenericHandler)
                  01010e34    00000120     rtsv7M4_T_le_eabi.lib : _printfi.c.obj (.text:fcvt)
                  01010f54    0000011c     transceiver_cmd.obj (.text:showModCodeMenu)
                  01011070    0000011c     simplelink.a : device.obj (.text:sl_Start)
                  0101118c    00000004     dpl_cc32xx.aem4 : ClockP_tirtos.oem4 (.text:ClockP_setTimeout)
                  01011190    0000011c     sysbios.aem4 : BIOS.obj (.text:xdc_runtime_Startup_startMods__I)
                  010112ac    00000118     drivers_cc32xx.aem4 : PowerCC32XX.oem4 (.text:Power_sleep)
                  010113c4    00000117     wlan_cmd.obj (.text:cmdCreateFilterCallback)
                  010114db    00000001     --HOLE-- [fill = 0]
                  010114dc    00000114     simplelink.a : netapp.obj (.text:_SlNetAppHandleAsync_DnsGetHostByService)
                  010115f0    00000114     wlan_cmd.obj (.text:printCreateFilterUsage)
                  01011704    00000110     cmd_parser.obj (.text:ParseScanCmd)
                  01011814    00000110     rtsv7M4_T_le_eabi.lib : strtoul.c.obj (.text:strtoul)
                  01011924    00000004     dpl_cc32xx.aem4 : ClockP_tirtos.oem4 (.text:ClockP_start)
                  01011928    00000110     sysbios.aem4 : BIOS.obj (.text:ti_sysbios_knl_Task_postInit__I)
                  01011a38    00000108     simplelink.a : netapp.obj (.text:sl_NetAppDnsGetHostByService)
                  01011b40    00000104                  : device.obj (.text:_SlDeviceEventHandler)
                  01011c44    00000104                  : driver.obj (.text:_SlDrvCmdOp)
                  01011d48    00000104     sysbios.aem4 : BIOS.obj (.text:ti_sysbios_knl_Task_Instance_finalize__E)
                  01011e4c    00000100     simplelink.a : driver.obj (.text:_SlDrvObjGlobalLockWaitForever)
                  01011f4c    00000100     network_terminal.obj (.text:cmdHelpCallback)
                  0101204c    00000100     simplelink.a : sl_socket.obj (.text:sl_Close)
                  0101214c    000000fc     wlan_cmd.obj (.text:cmdScanCallback)
                  01012248    000000fc     socket_cmd.obj (.text:cmdSendCallback)
                  01012344    000000fc     network_terminal.obj (.text:cmd_prompt)
                  01012440    000000fc     rtsv7M4_T_le_eabi.lib : fd_mul_t2.asm.obj (.text)
                  0101253c    000000f4     netapp_cmd.obj (.text:SimpleLinkPingReport)
                  01012630    000000f4     simplelink.a : sl_socket.obj (.text:sl_SendTo)
                  01012724    000000f2     drivers_cc32xx.aem4 : SPICC32XXDMA.oem4 (.text:SPICC32XXDMA_transferCancel)
                  01012816    000000ee                         : UARTCC32XX.oem4 (.text:UARTCC32XX_control)
                  01012904    00000004     dpl_cc32xx.aem4 : ClockP_tirtos.oem4 (.text:ClockP_stop)
                  01012908    000000ec     sysbios.aem4 : BIOS.obj (.text:clock_gettime)
                  010129f4    00000004     dpl_cc32xx.aem4 : HwiP_tirtos.oem4 (.text:HwiP_clearInterrupt)
                  010129f8    000000ec     sysbios.aem4 : BIOS.obj (.text:pthread_create)
                  01012ae4    00000004     dpl_cc32xx.aem4 : HwiP_tirtos.oem4 (.text:HwiP_disable)
                  01012ae8    000000ec     sysbios.aem4 : BIOS.obj (.text:ti_sysbios_knl_Task_Instance_init__E)
                  01012bd4    000000e0     socket_cmd.obj (.text:printRecvUsage)
                  01012cb4    000000de     network_terminal.obj (.text:hexbyteStrtoASCII)
                  01012d92    00000002     --HOLE-- [fill = 0]
                  01012d94    000000d8     uart_term.obj (.text:GetCmd)
                  01012e6c    000000d8     simplelink.a : netapp.obj (.text:_SlNetAppHandleAsync_NetAppReceive)
                  01012f44    000000d0     drivers_cc32xx.aem4 : SPICC32XXDMA.oem4 (.text:SPICC32XXDMA_close)
                  01013014    000000d0     simplelink.a : netapp.obj (.text:_SlNetAppMDNSRegisterUnregisterService)
                  010130e4    000000d0     transceiver_cmd.obj (.text:cmdTranceiverModecallback)
                  010131b4    000000d0     rtsv7M4_T_le_eabi.lib : s_scalbn.c.obj (.text:scalbn)
                  01013284    000000d0     simplelink.a : netapp.obj (.text:sl_NetAppGetServiceList)
                  01013354    00000004     dpl_cc32xx.aem4 : HwiP_tirtos.oem4 (.text:HwiP_disableInterrupt)
                  01013358    000000d0     sysbios.aem4 : BIOS.obj (.text:ti_sysbios_heaps_HeapMem_alloc__E)
                  01013428    000000ce     cmd_parser.obj (.text:mDNScreateServiceName)
                  010134f6    00000002     --HOLE-- [fill = 0]
                  010134f8    000000cc     simplelink.a : driver.obj (.text:_SlDrvWaitForInternalAsyncEvent)
                  010135c4    000000cc     wlan_cmd.obj (.text:cmdDeleteFilterCallback)
                  01013690    000000cc     wlan_cmd.obj (.text:cmdDisableFilterCallback)
                  0101375c    000000cc     wlan_cmd.obj (.text:cmdEnableFilterCallback)
                  01013828    000000cc     sysbios.aem4 : m3_Hwi_asm.obj (.text:ti_sysbios_family_arm_m3_Hwi_dispatch__I)
                  010138f4    000000c8     drivers_cc32xx.aem4 : SPICC32XXDMA.oem4 (.text:spiHwiFxn)
                  010139bc    000000c4                         : GPIOCC32XX.oem4 (.text:GPIO_init)
                  01013a80    000000c4     cmd_parser.obj (.text:ParseCmd)
                  01013b44    000000c4     simplelink.a : driver.obj (.text:_SlDrvRemoveFromList)
                  01013c08    000000c4     socket_cmd.obj (.text:printSendUsage)
                  01013ccc    00000004     dpl_cc32xx.aem4 : HwiP_tirtos.oem4 (.text:HwiP_enableInterrupt)
                  01013cd0    000000c4     sysbios.aem4 : BIOS.obj (.text:ti_sysbios_knl_Task_sleep__E)
                  01013d94    000000c2     drivers_cc32xx.aem4 : UARTCC32XX.oem4 (.text:UARTCC32XX_write)
                  01013e56    00000002     --HOLE-- [fill = 0]
                  01013e58    000000c0     simplelink.a : cc_pal.obj (.text:NwpPowerOff)
                  01013f18    000000c0     network_terminal.obj (.text:macAddressParse)
                  01013fd8    000000c0     simplelink.a : netcfg.obj (.text:sl_NetCfgGet)
                  01014098    000000bc     wlan_cmd.obj (.text:CheckSubFrameType)
                  01014154    000000bc     simplelink.a : netapp.obj (.text:_SlNetAppSendResponse)
                  01014210    000000bc                  : sl_socket.obj (.text:sl_Send)
                  010142cc    000000bc                  : wlan.obj (.text:sl_WlanProvisioning)
                  01014388    000000bc     sysbios.aem4 : BIOS.obj (.text:xdc_runtime_Core_createObject__I)
                  01014444    000000ba     drivers_cc32xx.aem4 : UARTCC32XX.oem4 (.text:UARTCC32XX_readPolling)
                  010144fe    000000ba                         : UARTCC32XX.oem4 (.text:readIsrTextBlocking)
                  010145b8    000000b8                         : UARTCC32XX.oem4 (.text:initHw)
                  01014670    000000b8     network_terminal.obj (.text:showAvailableCmd)
                  01014728    000000b8     simplelink.a : device.obj (.text:sl_DeviceGet)
                  010147e0    000000b8                  : wlan.obj (.text:sl_WlanGet)
                  01014898    000000b4     network_terminal.obj (.text:PrintIPAddress)
                  0101494c    000000b4     simplelink.a : driver.obj (.text:_SlDrvHandleFatalError)
                  01014a00    000000b4     drivers_cc32xx.aem4 : PowerCC32XX.oem4 (.text:restoreParkedPins)
                  01014ab4    000000b1     rtsv7M4_T_le_eabi.lib : _printfi.c.obj (.text:_ltostr)
                  01014b65    00000003     --HOLE-- [fill = 0]
                  01014b68    000000b0     simplelink.a : device.obj (.text:_SlDeviceHandleAsync_InitComplete)
                  01014c18    000000b0                  : driver.obj (.text:_SlSpawnMsgListInsert)
                  01014cc8    000000b0     wlan_cmd.obj (.text:printWlanConnectUsage)
                  01014d78    000000b0     wlan_cmd.obj (.text:printWlanStartApUsage)
                  01014e28    000000ae     drivers_cc32xx.aem4 : UARTCC32XX.oem4 (.text:readIsrTextCallback)
                  01014ed6    00000002     --HOLE-- [fill = 0]
                  01014ed8    000000ac     wlan_cmd.obj (.text:sendConnectionReq)
                  01014f84    000000aa     uart_term.obj (.text:Report)
                  0101502e    000000aa     drivers_cc32xx.aem4 : UARTCC32XX.oem4 (.text:readTaskBlocking)
                  010150d8    000000a8     driverlib.a : prcm.obj (.text:PRCMPeripheralClockGet)
                  01015180    000000a8     drivers_cc32xx.aem4 : PowerCC32XX.oem4 (.text:PowerCC32XX_configureWakeup)
                  01015228    000000a8     netapp_cmd.obj (.text:printmDNSAdvertiseUsage)
                  010152d0    000000a8     radio_tool.obj (.text:radioTool_Open)
                  01015378    000000a8     drivers_cc32xx.aem4 : UARTCC32XX.oem4 (.text:readTaskCallback)
                  01015420    000000a4     simplelink.a : sl_socket.obj (.text:sl_Bind)
                  010154c4    000000a4                  : netapp.obj (.text:sl_NetAppGet)
                  01015568    000000a4     sysbios.aem4 : BIOS.obj (.text:ti_sysbios_knl_Task_setPri__E)
                  0101560c    000000a2     drivers_cc32xx.aem4 : UARTCC32XX.oem4 (.text:writeData)
                  010156ae    00000002     --HOLE-- [fill = 0]
                  010156b0    000000a1     wlan_cmd.obj (.text:cmdWlanDisconnectCallback)
                  01015751    00000003     --HOLE-- [fill = 0]
                  01015754    000000a0     simplelink.a : sl_socket.obj (.text:_SlSocketHandleAsync_StartTLS)
                  010157f4    000000a0                  : driver.obj (.text:_SlSpawnMsgListProcess)
                  01015894    000000a0     auto_init.aem4 : auto_init.oem4 (.text)
                  01015934    0000009e     simplelink.a : cc_pal.obj (.text:spi_Read)
                  010159d2    0000009e                  : cc_pal.obj (.text:spi_Write)
                  01015a70    0000009c     sysbios.aem4 : BIOS.obj (.text:_pthread_removeThreadKeys)
                  01015b0c    0000009c     rtsv7M4_T_le_eabi.lib : memcpy_t2.asm.obj (.text)
                  01015ba8    00000098     simplelink.a : netutil.obj (.text:_SlNetUtilHandleAsync_Cmd)
                  01015c40    00000098     drivers_cc32xx.aem4 : GPIOCC32XX.oem4 (.text:powerNotifyFxn)
                  01015cd8    00000098     netapp_cmd.obj (.text:printPingUsage)
                  01015d70    00000098     wlan_cmd.obj (.text:printSetPolicyUsage)
                  01015e08    00000098     sysbios.aem4 : BIOS.obj (.text:ti_sysbios_family_arm_m3_Hwi_Instance_init__E)
                  01015ea0    00000096     network_terminal.obj (.text:ipv4AddressParse)
                  01015f36    00000096     rtsv7M4_T_le_eabi.lib : ull_div_t2.asm.obj (.text)
                  01015fcc    00000094     drivers_cc32xx.aem4 : SPICC32XXDMA.oem4 (.text:initHw)
                  01016060    00000094     simplelink.a : wlan.obj (.text:sl_WlanGetNetworkList)
                  010160f4    00000004     drivers_cc32xx.aem4 : SPICC32XXDMA.oem4 (.text:SPICC32XXDMA_init)
                  010160f8    00000094     sysbios.aem4 : BIOS.obj (.text:ti_sysbios_knl_Task_exit__E)
                  0101618c    00000092     rtsv7M4_T_le_eabi.lib : fs_div_t2.asm.obj (.text)
                  0101621e    00000002     --HOLE-- [fill = 0]
                  01016220    00000090     simplelink.a : netapp.obj (.text:_SlNetAppHandleAsync_DnsGetHostByName)
                  010162b0    00000090                  : netapp.obj (.text:_SlNetAppHandleAsync_PingResponse)
                  01016340    00000090     netapp_cmd.obj (.text:printmDNSQueryUsage)
                  010163d0    00000090     radio_tool.obj (.text:radioTool_RxStart)
                  01016460    00000090     drivers_cc32xx.aem4 : PowerCC32XX.oem4 (.text:restoreNVICRegs)
                  010164f0    00000090     simplelink.a : wlan.obj (.text:sl_WlanRxFilterAdd)
                  01016580    00000090     sysbios.aem4 : BIOS.obj (.text:ti_sysbios_knl_Task_Module_startup__E)
                  01016610    00000090                  : BIOS.obj (.text:ti_sysbios_knl_Task_schedule__I)
                  010166a0    00000090                  : BIOS.obj (.text:ti_sysbios_knl_Task_startCore__E)
                  01016730    0000008e     drivers_cc32xx.aem4 : UARTCC32XX.oem4 (.text:readIsrBinaryBlocking)
                  010167be    00000002     --HOLE-- [fill = 0]
                  010167c0    0000008c     simplelink.a : driver.obj (.text:_SlDrvDriverIsApiAllowed)
                  0101684c    0000008c     wlan_cmd.obj (.text:printEnableWoWLANUsage)
                  010168d8    0000008c     simplelink.a : sl_socket.obj (.text:sl_Recv)
                  01016964    00000004     dpl_cc32xx.aem4 : SemaphoreP_tirtos.oem4 (.text:SemaphoreP_post)
                  01016968    0000008c     sysbios.aem4 : BIOS.obj (.text:xdc_runtime_Memory_alloc__E)
                  010169f4    00000088     driverlib.a : pin.obj (.text:PinConfigSet)
                  01016a7c    00000004     release_pem4.oem4 (.text:ti_sysbios_BIOS_RtsGateProxy_enter__E)
                  01016a80    00000088     sysbios.aem4 : BIOS.obj (.text:ti_sysbios_family_arm_m3_Hwi_initNVIC__E)
                  01016b08    00000086     simplelink.a : driver.obj (.text:_SlDrvIsTimeoutExpired)
                  01016b8e    00000086     rtsv7M4_T_le_eabi.lib : fd_cmp_t2.asm.obj (.text:__aeabi_cdcmple)
                  01016c14    00000086                           : fd_cmp_t2.asm.obj (.text:__aeabi_cdrcmple)
                  01016c9a    00000006     drivers_cc32xx.aem4 : SPICC32XXDMA.oem4 (.text:SPICC32XXDMA_control)
                  01016ca0    00000086     sysbios.aem4 : BIOS.obj (.text:xdc_runtime_Core_constructObject__I)
                  01016d26    00000002     --HOLE-- [fill = 0]
                  01016d28    00000084     drivers_cc32xx.aem4 : PowerCC32XX.oem4 (.text:Power_init)
                  01016dac    00000084     simplelink.a : sl_socket.obj (.text:_SlSocketHandleAsync_Close)
                  01016e30    00000084                  : sl_socket.obj (.text:_SlSocketHandleAsync_Connect)
                  01016eb4    00000084     drivers_cc32xx.aem4 : PowerCC32XX.oem4 (.text:saveNVICRegs)
                  01016f38    00000084     network_terminal.obj (.text:sem_wait_timeout)
                  01016fbc    00000084     simplelink.a : netapp.obj (.text:sl_NetAppSet)
                  01017040    00000084                  : netcfg.obj (.text:sl_NetCfgSet)
                  010170c4    00000084                  : sl_socket.obj (.text:sl_SetSockOpt)
                  01017148    00000084                  : wlan.obj (.text:sl_WlanSet)
                  010171cc    00000004     release_pem4.oem4 (.text:ti_sysbios_BIOS_RtsGateProxy_leave__E)
                  010171d0    00000084     sysbios.aem4 : BIOS.obj (.text:ti_sysbios_family_arm_m3_Hwi_postInit__I)
                  01017254    00000004     release_pem4.oem4 (.text:ti_sysbios_family_arm_m3_Hwi_delete)
                  01017258    00000084     sysbios.aem4 : BIOS.obj (.text:ti_sysbios_heaps_HeapMem_free__E)
                  010172dc    00000080     drivers_cc32xx.aem4 : PowerCC32XX.oem4 (.text:Power_setDependency)
                  0101735c    00000080                         : UARTCC32XX.oem4 (.text:readIsrBinaryCallback)
                  010173dc    00000080     simplelink.a : device.obj (.text:sl_DeviceSet)
                  0101745c    0000007e     cmd_parser.obj (.text:FreeConnectCmd)
                  010174da    00000002     --HOLE-- [fill = 0]
                  010174dc    0000007c     drivers_cc32xx.aem4 : UDMACC32XX.oem4 (.text:UDMACC32XX_open)
                  01017558    0000007c     sysbios.aem4 : BIOS.obj (.text:_pthread_abstime2ticks)
                  010175d4    0000007c     simplelink.a : wlan.obj (.text:sl_WlanPolicySet)
                  01017650    0000007a     rtsv7M4_T_le_eabi.lib : fs_mul_t2.asm.obj (.text)
                  010176ca    0000007a                           : memset_t2.asm.obj (.text)
                  01017744    00000078     drivers_cc32xx.aem4 : GPIOCC32XX.oem4 (.text:GPIO_hwiIntFxn)
                  010177bc    00000004     release_pem4.oem4 (.text:ti_sysbios_family_arm_m3_TaskSupport_Module__startupDone__S)
                  010177c0    00000078     sysbios.aem4 : BIOS.obj (.text:_pthread_runStub)
                  01017838    00000078     wlan_cmd.obj (.text:printScanUsage)
                  010178b0    00000078     radio_tool.obj (.text:radioTool_TxStop)
                  01017928    00000078     simplelink.a : sl_socket.obj (.text:sl_Socket)
                  010179a0    00000074     drivers_cc32xx.aem4 : UARTCC32XX.oem4 (.text:UARTCC32XX_hwiIntFxn)
                  01017a14    00000074     wlan_cmd.obj (.text:printCountrycodeeUsage)
                  01017a88    00000074     sysbios.aem4 : BIOS.obj (.text:xdc_runtime_Core_deleteObject__I)
                  01017afc    00000070     simplelink.a : driver.obj (.text:_SlDrvCmdSend_noLock)
                  01017b6c    00000004     release_pem4.oem4 (.text:ti_sysbios_heaps_HeapMem_Module_GateProxy_enter__E)
                  01017b70    00000070     sysbios.aem4 : BIOS.obj (.text:acquireMutexNone$45)
                  01017be0    00000070     transceiver_cmd.obj (.text:showCCAThreshHoldMenu)
                  01017c50    00000070     transceiver_cmd.obj (.text:showRxMenu)
                  01017cc0    00000070     sysbios.aem4 : BIOS.obj (.text:ti_sysbios_heaps_HeapMem_initPrimary__I)
                  01017d30    00000070                  : BIOS.obj (.text:ti_sysbios_knl_Clock_workFunc__E)
                  01017da0    0000006e     rtsv7M4_T_le_eabi.lib : _printfi.c.obj (.text:_mcpy)
                  01017e0e    00000002     --HOLE-- [fill = 0]
                  01017e10    0000006c     simplelink.a : device.obj (.text:_SlDeviceHandleResetRequestInternally)
                  01017e7c    0000006c                  : netapp.obj (.text:_SlNetAppSendTokenValue)
                  01017ee8    0000006c     sysbios.aem4 : BIOS.obj (.text:pthread_cancel)
                  01017f54    00000004     release_pem4.oem4 (.text:ti_sysbios_heaps_HeapMem_Module_GateProxy_leave__E)
                  01017f58    0000006c     sysbios.aem4 : BIOS.obj (.text:pthread_exit)
                  01017fc4    00000004     release_pem4.oem4 (.text:ti_sysbios_knl_Clock_TimerProxy_getMaxTicks__E)
                  01017fc8    0000006c     sysbios.aem4 : BIOS.obj (.text:ti_sysbios_knl_Swi_restoreHwi__E)
                  01018034    00000068     simplelink.a : device.obj (.text:_SlDeviceHandleAsync_Stop)
                  0101809c    00000068                  : sl_socket.obj (.text:_SlSocketHandleAsync_Accept)
                  01018104    00000068     rtsv7M4_T_le_eabi.lib : copy_decompress_lzss.c.obj (.text:decompress:lzss:__TI_decompress_lzss)
                  0101816c    00000068     main_tirtos.obj (.text:main)
                  010181d4    00000068     wlan_cmd.obj (.text:printP2PStartUsage)
                  0101823c    00000068     wlan_cmd.obj (.text:printP2PStopUsage)
                  010182a4    00000068     simplelink.a : cc_pal.obj (.text:spi_Open)
                  0101830c    00000066     drivers_cc32xx.aem4 : UARTCC32XX.oem4 (.text:UARTCC32XX_writeCancel)
                  01018372    00000002     --HOLE-- [fill = 0]
                  01018374    00000064                         : PowerCC32XX.oem4 (.text:PowerCC32XX_setParkState)
                  010183d8    00000064     sysbios.aem4 : BIOS.obj (.text:pthread_join)
                  0101843c    00000004     release_pem4.oem4 (.text:ti_sysbios_knl_Clock_TimerProxy_setPeriodMicroSecs__E)
                  01018440    00000064     sysbios.aem4 : BIOS.obj (.text:ti_sysbios_family_arm_m3_Hwi_dispatchC__I)
                  010184a4    00000062     drivers_cc32xx.aem4 : UARTCC32XX.oem4 (.text:UARTCC32XX_writePolling)
                  01018506    00000002     --HOLE-- [fill = 0]
                  01018508    00000060     driverlib.a : prcm.obj (.text:PRCMSysResetCauseGet)
                  01018568    00000060     simplelink.a : driver.obj (.text:_SlDrvProtectAsyncRespSetting)
                  010185c8    00000060     sysbios.aem4 : BIOS.obj (.text:ti_sysbios_knl_Semaphore_post__E)
                  01018628    00000060                  : BIOS.obj (.text:ti_sysbios_knl_Swi_run__I)
                  01018688    0000005c     simplelink.a : spawn.obj (.text:_SlInternalSpawn)
                  010186e4    0000005c     rtsv7M4_T_le_eabi.lib : s_frexp.c.obj (.text:frexp)
                  01018740    0000005c     wlan_cmd.obj (.text:printConnectedStationsUsage)
                  0101879c    0000005c     wlan_cmd.obj (.text:printWlanDisconnectUsage)
                  010187f8    0000005c     wlan_cmd.obj (.text:printWlanStopApUsage)
                  01018854    0000005c     transceiver_cmd.obj (.text:showPreambleMenu)
                  010188b0    0000005c     sysbios.aem4 : BIOS.obj (.text:ti_sysbios_family_arm_m3_Timer_start__E)
                  0101890c    00000004     release_pem4.oem4 (.text:ti_sysbios_knl_Clock_TimerProxy_start__E)
                  01018910    0000005c     sysbios.aem4 : BIOS.obj (.text:ti_sysbios_knl_Swi_schedule__I)
                  0101896c    00000004     release_pem4.oem4 (.text:ti_sysbios_knl_Clock_TimerProxy_stop__E)
                  01018970    0000005c     sysbios.aem4 : BIOS.obj (.text:ti_sysbios_knl_Task_unblockI__E)
                  010189cc    00000004     release_pem4.oem4 (.text:ti_sysbios_knl_Clock_delete)
                  010189d0    0000005c     sysbios.aem4 : BIOS.obj (.text:xdc_runtime_Startup_exec__E)
                  01018a2c    00000058     drivers_cc32xx.aem4 : GPIOCC32XX.oem4 (.text:GPIO_setCallback)
                  01018a84    00000058                         : GPIOCC32XX.oem4 (.text:GPIO_write)
                  01018adc    00000058     driverlib.a : prcm.obj (.text:PRCMPeripheralReset)
                  01018b34    00000058     drivers_cc32xx.aem4 : PowerCC32XX.oem4 (.text:Power_releaseDependency)
                  01018b8c    00000058     simplelink.a : sl_socket.obj (.text:_SlDrvClearCtrlSocket)
                  01018be4    00000058     wlan_cmd.obj (.text:printDeleteFilterUsage)
                  01018c3c    00000058     wlan_cmd.obj (.text:printDisableFilterUsage)
                  01018c94    00000058     wlan_cmd.obj (.text:printEnableFilterUsage)
                  01018cec    00000004     release_pem4.oem4 (.text:ti_sysbios_knl_Semaphore_delete)
                  01018cf0    00000058     sysbios.aem4 : BIOS.obj (.text:pthread_mutex_init)
                  01018d48    00000058     simplelink.a : sl_socket.obj (.text:sl_Listen)
                  01018da0    00000058     sysbios.aem4 : BIOS.obj (.text:ti_sysbios_family_arm_cc32xx_Seconds_getCount__I)
                  01018df8    00000056     rtsv7M4_T_le_eabi.lib : _printfi.c.obj (.text:_pconv_f)
                  01018e4e    00000002     --HOLE-- [fill = 0]
                  01018e50    00000054     uart_term.obj (.text:InitTerm)
                  01018ea4    00000054     simplelink.a : driver.obj (.text:_SlDrvRxIrqHandler)
                  01018ef8    00000054     rtsv7M4_T_le_eabi.lib : ltoa.c.obj (.text:ltoa)
                  01018f4c    00000054     transceiver_cmd.obj (.text:printTranceiverModeUsage)
                  01018fa0    00000054     simplelink.a : netapp.obj (.text:sl_NetAppMDNSRegisterService)
                  01018ff4    00000054                  : wlan.obj (.text:sl_WlanRxStatGet)
                  01019048    00000054     release_pem4.oem4 (.text:ti_sysbios_family_arm_m3_Hwi_create)
                  0101909c    00000004     release_pem4.oem4 (.text:ti_sysbios_knl_Task_delete)
                  010190a0    00000054     sysbios.aem4 : BIOS.obj (.text:ti_sysbios_family_arm_m3_Timer_setPeriod__E)
                  010190f4    00000004     release_pem4.oem4 (.text:xdc_runtime_System_Module_GateProxy_enter__E)
                  010190f8    00000054     sysbios.aem4 : BIOS.obj (.text:xdc_runtime_Core_assignLabel__I)
                  0101914c    00000052     drivers_cc32xx.aem4 : PowerCC32XX.oem4 (.text:PowerCC32XX_parkPin)
                  0101919e    00000052                         : PowerCC32XX_asm.oem4 (.text:PowerCC32XX_resumeLPDS)
                  010191f0    00000052     rtsv7M4_T_le_eabi.lib : _printfi.c.obj (.text:_ecpy)
                  01019242    00000002     --HOLE-- [fill = 0]
                  01019244    00000050     dpl_cc32xx.aem4 : ClockP_tirtos.oem4 (.text:ClockP_create)
                  01019294    00000050     simplelink.a : cc_pal.obj (.text:NwpRegisterInterruptHandler)
                  010192e4    00000050                  : driver.obj (.text:_SlDrvCmdSend_noWait)
                  01019334    00000050                  : spawn.obj (.text:_SlInternalSpawnTaskEntry)
                  01019384    00000050                  : eventreg.obj (.text:_SlNetAppHttpServerHdlr)
                  010193d4    00000050                  : eventreg.obj (.text:_SlNetAppRequestHdlr)
                  01019424    00000050     network_terminal.obj (.text:printHelpUsage)
                  01019474    00000004     release_pem4.oem4 (.text:xdc_runtime_System_Module_GateProxy_leave__E)
                  01019478    00000050     sysbios.aem4 : BIOS.obj (.text:ti_sysbios_family_arm_cc32xx_Seconds_getTime__E)
                  010194c8    00000050                  : BIOS.obj (.text:ti_sysbios_family_arm_m3_Hwi_Module_startup__E)
                  01019518    00000050                  : BIOS.obj (.text:ti_sysbios_knl_Clock_Instance_init__E)
                  01019568    00000050     release_pem4.oem4 (.text:ti_sysbios_knl_Task_create)
                  010195b8    0000004c     drivers_cc32xx.aem4 : GPIOCC32XX.oem4 (.text:GPIO_disableInt)
                  01019604    0000004c                         : GPIOCC32XX.oem4 (.text:GPIO_enableInt)
                  01019650    0000004c     simplelink.a : cc_pal.obj (.text:NwpWaitForShutDownInd)
                  0101969c    0000004c     rtsv7M4_T_le_eabi.lib : atoi.c.obj (.text:atoi)
                  010196e8    0000004c                           : atol.c.obj (.text:atol)
                  01019734    0000004c                           : cpy_tbl.c.obj (.text:copy_in)
                  01019780    0000004c     drivers_cc32xx.aem4 : PowerCC32XX.oem4 (.text:restorePeriphClocks)
                  010197cc    0000004c     simplelink.a : netapp.obj (.text:sl_NetAppMDNSUnRegisterService)
                  01019818    0000004c                  : wlan.obj (.text:sl_WlanSetMode)
                  01019864    0000004c     sysbios.aem4 : m3_TaskSupport_asm.obj (.text:ti_sysbios_family_arm_m3_TaskSupport_buildTaskStack)
                  010198b0    0000004c                  : BIOS.obj (.text:ti_sysbios_heaps_HeapMem_getStats__E)
                  010198fc    00000004     --HOLE-- [fill = 0]
                  01019900    0000004c                  : BIOS.obj (.text:ti_sysbios_knl_Swi_runLoop__I)
                  0101994c    00000004     --HOLE-- [fill = 0]
                  01019950    0000004c                  : BIOS.obj (.text:ti_sysbios_knl_Task_allBlockedFunction__I)
                  0101999c    00000048     driverlib.a : flash.obj (.text:FlashDisable)
                  010199e4    00000048                 : prcm.obj (.text:PRCMLPDSEnter)
                  01019a2c    00000048                 : prcm.obj (.text:PRCMPeripheralClkEnable)
                  01019a74    00000048     drivers_cc32xx.aem4 : PowerCC32XX.oem4 (.text:Power_releaseConstraint)
                  01019abc    00000048     simplelink.a : eventreg.obj (.text:_SlDeviceFatalErrorEvtHdlr)
                  01019b04    00000048                  : eventreg.obj (.text:_SlDeviceGeneralEvtHdlr)
                  01019b4c    00000048                  : driver.obj (.text:_SlDrvBasicCmd)
                  01019b94    00000048                  : driver.obj (.text:_SlDrvSyncObjWaitTimeout)
                  01019bdc    00000048                  : eventreg.obj (.text:_SlNetAppEvtHdlr)
                  01019c24    00000048                  : eventreg.obj (.text:_SlNetAppRequestMemFree)
                  01019c6c    00000048                  : eventreg.obj (.text:_SlSockEvtHdlr)
                  01019cb4    00000048                  : eventreg.obj (.text:_SlWlanEvtHdlr)
                  01019cfc    00000048     rtsv7M4_T_le_eabi.lib : fd_toi_t2.asm.obj (.text)
                  01019d44    00000004     --HOLE-- [fill = 0]
                  01019d48    00000048     sysbios.aem4 : BIOS.obj (.text:ti_sysbios_family_arm_m3_Hwi_disableInterrupt__E)
                  01019d90    00000048                  : BIOS.obj (.text:ti_sysbios_family_arm_m3_Hwi_enableInterrupt__E)
                  01019dd8    00000048                  : m3_Hwi_asm_switch.obj (.text:ti_sysbios_family_arm_m3_Hwi_initStacks__E)
                  01019e20    00000048                  : BIOS.obj (.text:ti_sysbios_family_arm_m3_Timer_initDevice__I)
                  01019e68    00000048                  : BIOS.obj (.text:ti_sysbios_knl_Mailbox_Module_startup__E)
                  01019eb0    00000048                  : BIOS.obj (.text:xdc_runtime_Core_assignParams__I)
                  01019ef8    00000046     drivers_cc32xx.aem4 : RingBuf.oem4 (.text:RingBuf_put)
                  01019f3e    00000002     --HOLE-- [fill = 0]
                  01019f40    00000046     network_terminal.obj (.text:SimpleLinkGeneralEventHandler)
                  01019f86    00000002     --HOLE-- [fill = 0]
                  01019f88    00000044     driverlib.a : prcm.obj (.text:PRCMLPDSRestoreInfoSet)
                  01019fcc    00000044     drivers_cc32xx.aem4 : PowerCC32XX_asm.oem4 (.text:PowerCC32XX_enterLPDS)
                  0101a010    00000044                         : SPI.oem4 (.text:SPI_init)
                  0101a054    00000044                         : UART.oem4 (.text:UART_init)
                  0101a098    00000044     simplelink.a : spawn.obj (.text:_SlInternalSpawnWaitForEvent)
                  0101a0dc    00000044     boot.aem4 : boot.oem4 (.text)
                  0101a120    00000044     network_terminal.obj (.text:printClearUsage)
                  0101a164    00000044     simplelink.a : netapp.obj (.text:sl_NetAppStart)
                  0101a1a8    00000044     sysbios.aem4 : BIOS.obj (.text:ti_sysbios_family_arm_m3_Hwi_getStackInfo__E)
                  0101a1ec    00000004     --HOLE-- [fill = 0]
                  0101a1f0    00000044                  : BIOS.obj (.text:ti_sysbios_knl_Mailbox_postInit__I)
                  0101a234    00000004     --HOLE-- [fill = 0]
                  0101a238    00000044                  : BIOS.obj (.text:ti_sysbios_knl_Swi_post__E)
                  0101a27c    00000004     --HOLE-- [fill = 0]
                  0101a280    00000044                  : BIOS.obj (.text:xdc_runtime_System_atexit__E)
                  0101a2c4    00000042     simplelink.a : sl_socket.obj (.text:sl_Htonl)
                  0101a306    00000040                  : sl_socket.obj (.text:CountSetBits)
                  0101a346    00000002     --HOLE-- [fill = 0]
                  0101a348    00000040     dpl_cc32xx.aem4 : HwiP_tirtos.oem4 (.text:HwiP_create)
                  0101a388    00000040     driverlib.a : pin.obj (.text:PinModeSet)
                  0101a3c8    00000040     drivers_cc32xx.aem4 : RingBuf.oem4 (.text:RingBuf_get)
                  0101a408    00000040                         : UARTCC32XX.oem4 (.text:UARTCC32XX_read)
                  0101a448    00000040                         : UDMACC32XX.oem4 (.text:UDMACC32XX_init)
                  0101a488    00000040     simplelink.a : driver.obj (.text:_SlDrvGlobalObjUnLock)
                  0101a4c8    00000040                  : driver.obj (.text:_SlFindAndReleasePendingCmd)
                  0101a508    00000040                  : eventreg.obj (.text:_SlIsEventRegistered)
                  0101a548    00000040                  : driver.obj (.text:_SlSpawnMsgListGetCount)
                  0101a588    00000040     wlan_cmd.obj (.text:cmdCountrycodecallback)
                  0101a5c8    00000040     rtsv7M4_T_le_eabi.lib : strtok.c.obj (.text:strtok)
                  0101a608    00000040     sysbios.aem4 : BIOS.obj (.text:ti_sysbios_family_arm_cc32xx_Seconds_set__E)
                  0101a648    00000040                  : BIOS.obj (.text:ti_sysbios_heaps_HeapMem_Instance_init__E)
                  0101a688    00000040     rtsv7M4_T_le_eabi.lib : vsnprintf.c.obj (.text:vsnprintf)
                  0101a6c8    0000003e     simplelink.a : sl_socket.obj (.text:_SlSocketBuildAddress)
                  0101a706    0000003e     rtsv7M4_T_le_eabi.lib : _printfi.c.obj (.text:_fcpy)
                  0101a744    0000003e     release_pem4.oem4 (.text:realloc)
                  0101a782    00000006     driverlib.a : utils.obj (.text:UtilsDelay)
                  0101a788    0000003e     sysbios.aem4 : BIOS.obj (.text:sem_timedwait)
                  0101a7c6    00000002     --HOLE-- [fill = 0]
                  0101a7c8    0000003c     drivers_cc32xx.aem4 : PowerCC32XX.oem4 (.text:Power_setConstraint)
                  0101a804    0000003c                         : SPI.oem4 (.text:SPI_open)
                  0101a840    0000003c     dpl_cc32xx.aem4 : SemaphoreP_tirtos.oem4 (.text:SemaphoreP_create)
                  0101a87c    0000003c     drivers_cc32xx.aem4 : UART.oem4 (.text:UART_open)
                  0101a8b8    0000003c     simplelink.a : netapp.obj (.text:_SlNetAppCopyPingResultsToReport)
                  0101a8f4    0000003c     dpl_cc32xx.aem4 : PowerCC32XX_tirtos.oem4 (.text:getCountsRTC)
                  0101a930    0000003c     network_terminal.obj (.text:gpioButtonFxn1)
                  0101a96c    00000004     --HOLE-- [fill = 0]
                  0101a970    0000003c     sysbios.aem4 : BIOS.obj (.text:pthread_mutex_unlock)
                  0101a9ac    0000003c     radio_tool.obj (.text:radioTool_Close)
                  0101a9e8    0000003c     simplelink.a : sl_socket.obj (.text:sl_Htons)
                  0101aa24    00000004     --HOLE-- [fill = 0]
                  0101aa28    0000003c     sysbios.aem4 : BIOS.obj (.text:ti_sysbios_family_arm_m3_Hwi_Instance_finalize__E)
                  0101aa64    00000004     --HOLE-- [fill = 0]
                  0101aa68    0000003c                  : BIOS.obj (.text:ti_sysbios_family_arm_m3_Timer_setPeriodMicroSecs__E)
                  0101aaa4    0000003c     release_pem4.oem4 (.text:ti_sysbios_knl_Clock_create)
                  0101aae0    0000003c     sysbios.aem4 : BIOS.obj (.text:ti_sysbios_knl_Clock_walkQueuePeriodic__E)
                  0101ab1c    00000004     --HOLE-- [fill = 0]
                  0101ab20    0000003c                  : BIOS.obj (.text:ti_sysbios_knl_Swi_restore__E)
                  0101ab5c    00000004     --HOLE-- [fill = 0]
                  0101ab60    0000003c                  : BIOS.obj (.text:xdc_runtime_System_processAtExit__E)
                  0101ab9c    00000038     driverlib.a : prcm.obj (.text:PRCMLPDSEnterKeepDebugIf)
                  0101abd4    00000004     --HOLE-- [fill = 0]
                  0101abd8    00000038     sysbios.aem4 : BIOS.obj (.text:clock_settime)
                  0101ac10    00000038     drivers_cc32xx.aem4 : PowerCC32XX.oem4 (.text:notify)
                  0101ac48    00000038     rtsv7M4_T_le_eabi.lib : fs_tod_t2.asm.obj (.text)
                  0101ac80    00000038                           : fs_toi_t2.asm.obj (.text)
                  0101acb8    00000038     sysbios.aem4 : BIOS.obj (.text:ti_sysbios_knl_Task_processVitalTaskFlag__I)
                  0101acf0    00000038                  : BIOS.obj (.text:usleep)
                  0101ad28    00000036     drivers_cc32xx.aem4 : PowerCC32XX.oem4 (.text:PowerCC32XX_restoreParkedPin)
                  0101ad5e    00000036                         : UARTCC32XX.oem4 (.text:UARTCC32XX_readCancel)
                  0101ad94    00000036     rtsv7M4_T_le_eabi.lib : strncpy.c.obj (.text:strncpy)
                  0101adca    00000002     --HOLE-- [fill = 0]
                  0101adcc    00000034     driverlib.a : pin.obj (.text:PinModeGet)
                  0101ae00    00000034     drivers_cc32xx.aem4 : PowerCC32XX.oem4 (.text:PowerCC32XX_restoreParkState)
                  0101ae34    00000034                         : UDMACC32XX.oem4 (.text:UDMACC32XX_close)
                  0101ae68    00000034     sysbios.aem4 : BIOS.obj (.text:_pthread_delete$41)
                  0101ae9c    00000034     rtsv7M4_T_le_eabi.lib : strstr.c.obj (.text:strstr)
                  0101aed0    00000034     sysbios.aem4 : BIOS.obj (.text:ti_sysbios_family_arm_m3_Timer_periodicStub__I)
                  0101af04    00000034     release_pem4.oem4 (.text:ti_sysbios_knl_Semaphore_create)
                  0101af38    00000032     radio_tool.obj (.text:radioTool_GetStats)
                  0101af6a    00000006     --HOLE-- [fill = 0]
                  0101af70    00000032     sysbios.aem4 : BIOS.obj (.text:ti_sysbios_hal_Hwi_initStack)
                  0101afa2    00000006     --HOLE-- [fill = 0]
                  0101afa8    00000032                  : BIOS.obj (.text:ti_sysbios_knl_Semaphore_pendTimeout__I)
                  0101afda    00000002     --HOLE-- [fill = 0]
                  0101afdc    00000030     simplelink.a : driver.obj (.text:_SlDrvSyncObjWaitForever)
                  0101b00c    00000030     rtsv7M4_T_le_eabi.lib : vsnprintf.c.obj (.text:_outs)
                  0101b03c    00000004     --HOLE-- [fill = 0]
                  0101b040    00000030     sysbios.aem4 : BIOS.obj (.text:clockFxn$39)
                  0101b070    00000030     str.obj (.text:printBorder)
                  0101b0a0    00000030     sysbios.aem4 : BIOS.obj (.text:pthread_setcancelstate)
                  0101b0d0    00000030     release_pem4.oem4 (.text:ti_sysbios_BIOS_atExitFunc__I)
                  0101b100    00000030     release_pem4.oem4 (.text:ti_sysbios_BIOS_startFunc__I)
                  0101b130    00000030     sysbios.aem4 : BIOS.obj (.text:ti_sysbios_family_arm_m3_TaskSupport_start__E)
                  0101b160    00000030     release_pem4.oem4 (.text:ti_sysbios_gates_GateHwi_Object__create__S)
                  0101b190    00000030     release_pem4.oem4 (.text:ti_sysbios_gates_GateMutex_Object__create__S)
                  0101b1c0    00000030     sysbios.aem4 : BIOS.obj (.text:ti_sysbios_gates_GateMutex_enter__E)
                  0101b1f0    00000030     release_pem4.oem4 (.text:ti_sysbios_heaps_HeapMem_Object__create__S)
                  0101b220    00000030     release_pem4.oem4 (.text:ti_sysbios_knl_Semaphore_construct)
                  0101b250    0000002e     cmd_parser.obj (.text:FreeStartApCmd)
                  0101b27e    0000002e     cmd_parser.obj (.text:FreemDNSAdvertiseCmd)
                  0101b2ac    0000002e     simplelink.a : cc_pal.obj (.text:Mutex_create_handle)
                  0101b2da    0000002e     rtsv7M4_T_le_eabi.lib : i_tofd_t2.asm.obj (.text)
                  0101b308    0000002e     release_pem4.oem4 (.text:ti_sysbios_rts_gnu_MemAlloc_alloc)
                  0101b336    00000002     --HOLE-- [fill = 0]
                  0101b338    0000002c     drivers_cc32xx.aem4 : GPIOCC32XX.oem4 (.text:GPIO_clearInt)
                  0101b364    0000002c     simplelink.a : cc_pal.obj (.text:NwpPowerOn)
                  0101b390    0000002c     drivers_cc32xx.aem4 : PowerCC32XX.oem4 (.text:PowerCC32XX_getParkState)
                  0101b3bc    0000002c     dpl_cc32xx.aem4 : SemaphoreP_tirtos.oem4 (.text:SemaphoreP_createBinary)
                  0101b3e8    0000002c     simplelink.a : cc_pal.obj (.text:Semaphore_create_handle)
                  0101b414    00000004     --HOLE-- [fill = 0]
                  0101b418    0000002c     sysbios.aem4 : BIOS.obj (.text:_pthread_cleanupFxn)
                  0101b444    0000002c     radio_tool.obj (.text:radioTool_RxStop)
                  0101b470    0000002c     release_pem4.oem4 (.text:ti_sysbios_knl_Clock_doTick__I)
                  0101b49c    0000002c     release_pem4.oem4 (.text:ti_sysbios_knl_Queue_construct)
                  0101b4c8    0000002c     sysbios.aem4 : BIOS.obj (.text:ti_sysbios_knl_Task_restore__E)
                  0101b4f4    0000002a     release_pem4.oem4 (.text:calloc)
                  0101b51e    00000002     --HOLE-- [fill = 0]
                  0101b520    0000002a     sysbios.aem4 : BIOS.obj (.text:sem_init)
                  0101b54a    0000002a     rtsv7M4_T_le_eabi.lib : strspn.c.obj (.text:strspn)
                  0101b574    00000028     driverlib.a : prcm.obj (.text:PRCMPeripheralClkDisable)
                  0101b59c    00000028     dpl_cc32xx.aem4 : PowerCC32XX_tirtos.oem4 (.text:PowerCC32XX_initPolicy)
                  0101b5c4    00000028     drivers_cc32xx.aem4 : PowerCC32XX.oem4 (.text:Power_registerNotify)
                  0101b5ec    00000028     simplelink.a : driver.obj (.text:_SlDrvUpdateApiInProgress)
                  0101b614    00000028                  : flowcont.obj (.text:_SlFlowContSet)
                  0101b63c    00000004     --HOLE-- [fill = 0]
                  0101b640    00000028     sysbios.aem4 : BIOS.obj (.text:ti_sysbios_knl_Clock_addI__E)
                  0101b668    00000028                  : BIOS.obj (.text:ti_sysbios_knl_Swi_Module_startup__E)
                  0101b690    00000026     drivers_cc32xx.aem4 : List.oem4 (.text:List_put)
                  0101b6b6    00000026                         : List.oem4 (.text:List_remove)
                  0101b6dc    00000024     simplelink.a : driver.obj (.text:_SlDrvIsApiInProgress)
                  0101b700    00000024                  : driver.obj (.text:_SlDrvProtectionObjLockWaitForever)
                  0101b724    00000024                  : driver.obj (.text:_SlDrvProtectionObjUnLock)
                  0101b748    00000024                  : driver.obj (.text:_SlDrvStartMeasureTimeout)
                  0101b76c    00000004     --HOLE-- [fill = 0]
                  0101b770    00000024     sysbios.aem4 : BIOS.obj (.text:pthread_attr_init)
                  0101b794    00000024     rtsv7M4_T_le_eabi.lib : u_tofs_t2.asm.obj (.text)
                  0101b7b8    00000024     simplelink.a : wlan.obj (.text:sl_WlanDisconnect)
                  0101b7dc    00000024                  : wlan.obj (.text:sl_WlanRxStatStart)
                  0101b800    00000024                  : wlan.obj (.text:sl_WlanRxStatStop)
                  0101b824    00000024     rtsv7M4_T_le_eabi.lib : strcspn.c.obj (.text:strcspn)
                  0101b848    00000024     release_pem4.oem4 (.text:ti_sysbios_BIOS_registerRTSLock__I)
                  0101b86c    00000024     release_pem4.oem4 (.text:ti_sysbios_BIOS_removeRTSLock__I)
                  0101b890    00000024     sysbios.aem4 : BIOS.obj (.text:ti_sysbios_family_arm_m3_Timer_Module_startup__E)
                  0101b8b4    00000004     --HOLE-- [fill = 0]
                  0101b8b8    00000024                  : BIOS.obj (.text:ti_sysbios_family_arm_m3_Timer_postInit__I)
                  0101b8dc    00000004     --HOLE-- [fill = 0]
                  0101b8e0    00000024                  : BIOS.obj (.text:ti_sysbios_family_arm_m3_Timer_startup__E)
                  0101b904    00000024     release_pem4.oem4 (.text:ti_sysbios_gates_GateMutex_Object__delete__S)
                  0101b928    00000024     sysbios.aem4 : BIOS.obj (.text:ti_sysbios_knl_Clock_Module_startup__E)
                  0101b94c    00000024     release_pem4.oem4 (.text:ti_sysbios_knl_Clock_Object__delete__S)
                  0101b970    00000024     sysbios.aem4 : BIOS.obj (.text:ti_sysbios_knl_Clock_start__E)
                  0101b994    00000004     --HOLE-- [fill = 0]
                  0101b998    00000024                  : BIOS.obj (.text:ti_sysbios_knl_Semaphore_Instance_init__E)
                  0101b9bc    00000024     release_pem4.oem4 (.text:ti_sysbios_knl_Semaphore_Object__delete__S)
                  0101b9e0    00000024     sysbios.aem4 : BIOS.obj (.text:ti_sysbios_knl_Task_restoreHwi__E)
                  0101ba04    00000004     --HOLE-- [fill = 0]
                  0101ba08    00000024                  : BIOS.obj (.text:xdc_runtime_Error_policyMin__E)
                  0101ba2c    00000020     drivers_cc32xx.aem4 : PowerCC32XX.oem4 (.text:Power_unregisterNotify)
                  0101ba4c    00000020                         : RingBuf.oem4 (.text:RingBuf_peek)
                  0101ba6c    00000020                         : SPICC32XXDMA.oem4 (.text:getPowerMgrId)
                  0101ba8c    00000020                         : UARTCC32XX.oem4 (.text:getPowerMgrId)
                  0101baac    00000020     transceiver_cmd.obj (.text:showPowMenu)
                  0101bacc    00000004     --HOLE-- [fill = 0]
                  0101bad0    00000020     sysbios.aem4 : BIOS.obj (.text:sleep)
                  0101baf0    00000020     release_pem4.oem4 (.text:ti_sysbios_BIOS_rtsLock__I)
                  0101bb10    00000020     release_pem4.oem4 (.text:ti_sysbios_family_arm_m3_Hwi_Object__delete__S)
                  0101bb30    00000020     sysbios.aem4 : BIOS.obj (.text:ti_sysbios_family_arm_m3_Hwi_clearInterrupt__E)
                  0101bb50    00000020                  : m3_Hwi_asm.obj (.text:ti_sysbios_family_arm_m3_Hwi_excHandlerAsm__I)
                  0101bb70    00000020                  : BIOS.obj (.text:ti_sysbios_family_arm_m3_Hwi_excHandler__I)
                  0101bb90    00000020     release_pem4.oem4 (.text:ti_sysbios_gates_GateHwi_Object__delete__S)
                  0101bbb0    00000020     release_pem4.oem4 (.text:ti_sysbios_heaps_HeapMem_Object__delete__S)
                  0101bbd0    00000020     sysbios.aem4 : BIOS.obj (.text:ti_sysbios_knl_Idle_run__E)
                  0101bbf0    00000020     release_pem4.oem4 (.text:ti_sysbios_knl_Semaphore_destruct)
                  0101bc10    00000020     release_pem4.oem4 (.text:ti_sysbios_knl_Task_Object__delete__S)
                  0101bc30    0000001e     simplelink.a : driver.obj (.text:_SlDrvObjLockWaitForever)
                  0101bc4e    0000001e                  : driver.obj (.text:_SlDrvObjUnLock)
                  0101bc6c    0000001e                  : driver.obj (.text:_SlDrvSyncObjSignal)
                  0101bc8a    0000001e     drivers_cc32xx.aem4 : UDMACC32XX.oem4 (.text:postNotifyFxn)
                  0101bca8    0000001e     rtsv7M4_T_le_eabi.lib : strcat.c.obj (.text:strcat)
                  0101bcc6    0000001e     sysbios.aem4 : m3_Hwi_asm_switch.obj (.text:ti_sysbios_family_xxx_Hwi_switchAndRunFunc)
                  0101bce4    0000001c     uart_term.obj (.text:Message)
                  0101bd00    0000001c     driverlib.a : pin.obj (.text:PinToPadGet)
                  0101bd1c    0000001c     simplelink.a : device.obj (.text:_SlDeviceGetStartResponseConvert)
                  0101bd38    0000001c                  : spawn.obj (.text:_SlInternalIsItSpawnThread)
                  0101bd54    0000001c     rtsv7M4_T_le_eabi.lib : memccpy.c.obj (.text:memccpy)
                  0101bd70    0000001c     sysbios.aem4 : BIOS.obj (.text:ti_sysbios_family_arm_m3_Timer_stop__E)
                  0101bd8c    00000004     --HOLE-- [fill = 0]
                  0101bd90    0000001c                  : BIOS.obj (.text:ti_sysbios_gates_GateMutex_Instance_init__E)
                  0101bdac    00000004     --HOLE-- [fill = 0]
                  0101bdb0    0000001c                  : BIOS.obj (.text:ti_sysbios_knl_Clock_Instance_finalize__E)
                  0101bdcc    0000001c     release_pem4.oem4 (.text:ti_sysbios_knl_Queue_destruct)
                  0101bde8    0000001c     sysbios.aem4 : BIOS.obj (.text:ti_sysbios_knl_Queue_put__E)
                  0101be04    00000004     --HOLE-- [fill = 0]
                  0101be08    0000001c                  : BIOS.obj (.text:ti_sysbios_knl_Task_enter__I)
                  0101be24    0000001a     cmd_parser.obj (.text:FreePingCmd)
                  0101be3e    0000001a     cmd_parser.obj (.text:FreeRecvCmd)
                  0101be58    0000001a     cmd_parser.obj (.text:FreeSendCmd)
                  0101be72    0000001a     release_pem4.oem4 (.text:free)
                  0101be8c    0000001a     sysbios.aem4 : m3_Hwi_asm.obj (.text:ti_sysbios_family_arm_m3_Hwi_pendSV__I)
                  0101bea6    00000002     --HOLE-- [fill = 0]
                  0101bea8    0000001a                  : BIOS.obj (.text:ti_sysbios_knl_Task_sleepTimeout__I)
                  0101bec2    00000002     --HOLE-- [fill = 0]
                  0101bec4    00000018     drivers_cc32xx.aem4 : PowerCC32XX.oem4 (.text:Power_idleFunc)
                  0101bedc    00000018     driverlib.a : uart.obj (.text:UARTBusy)
                  0101bef4    00000018                 : uart.obj (.text:UARTIntEnable)
                  0101bf0c    00000018     drivers_cc32xx.aem4 : UART.oem4 (.text:UART_Params_init)
                  0101bf24    00000018     rtsv7M4_T_le_eabi.lib : args_main.c.obj (.text:_args_main)
                  0101bf3c    00000018                           : vsnprintf.c.obj (.text:_outc)
                  0101bf54    00000018     uart_term.obj (.text:getch)
                  0101bf6c    00000018     uart_term.obj (.text:putch)
                  0101bf84    00000018     rtsv7M4_T_le_eabi.lib : ll_mul_t2.asm.obj (.text)
                  0101bf9c    00000018                           : strcmp.c.obj (.text:strcmp)
                  0101bfb4    00000018     release_pem4.oem4 (.text:ti_sysbios_BIOS_rtsUnlock__I)
                  0101bfcc    00000018     release_pem4.oem4 (.text:ti_sysbios_family_arm_m3_Hwi_Module__startupDone__F)
                  0101bfe4    00000018     release_pem4.oem4 (.text:ti_sysbios_family_arm_m3_Timer_Module__startupDone__F)
                  0101bffc    00000018     release_pem4.oem4 (.text:ti_sysbios_gates_GateHwi_Handle__label__S)
                  0101c014    00000018     release_pem4.oem4 (.text:ti_sysbios_gates_GateMutex_Handle__label__S)
                  0101c02c    00000004     --HOLE-- [fill = 0]
                  0101c030    00000018     sysbios.aem4 : BIOS.obj (.text:ti_sysbios_gates_GateMutex_leave__E)
                  0101c048    00000018     release_pem4.oem4 (.text:ti_sysbios_heaps_HeapMem_Handle__label__S)
                  0101c060    00000018     sysbios.aem4 : BIOS.obj (.text:ti_sysbios_rts_ti_ReentSupport_getReent__F)
                  0101c078    00000018     release_pem4.oem4 (.text:ti_sysbios_rts_ti_ReentSupport_getTlsAddr__I)
                  0101c090    00000018     sysbios.aem4 : BIOS.obj (.text:xdc_runtime_Error_init__E)
                  0101c0a8    00000018                  : BIOS.obj (.text:xdc_runtime_System_exit__E)
                  0101c0c0    00000016     driverlib.a : prcm.obj (.text:PRCMHIBRegRead)
                  0101c0d6    00000016                 : prcm.obj (.text:PRCMHIBRegWrite)
                  0101c0ec    00000016     simplelink.a : driver.obj (.text:_SlDrvMemZero)
                  0101c102    00000006     --HOLE-- [fill = 0]
                  0101c108    00000016     sysbios.aem4 : BIOS.obj (.text:pthread_mutex_destroy)
                  0101c11e    00000016     rtsv7M4_T_le_eabi.lib : strchr.c.obj (.text:strchr)
                  0101c134    00000016     release_pem4.oem4 (.text:ti_sysbios_BIOS_exitFunc__I)
                  0101c14a    00000002     --HOLE-- [fill = 0]
                  0101c14c    00000014     drivers_cc32xx.aem4 : PowerCC32XX.oem4 (.text:PowerCC32XX_getWakeup)
                  0101c160    00000014                         : PowerCC32XX.oem4 (.text:Power_disablePolicy)
                  0101c174    00000014                         : PowerCC32XX.oem4 (.text:Power_getDependencyCount)
                  0101c188    00000014                         : SPI.oem4 (.text:SPI_Params_init)
                  0101c19c    00000004     --HOLE-- [fill = 0]
                  0101c1a0    00000014     sysbios.aem4 : BIOS.obj (.text:pthread_attr_setschedparam)
                  0101c1b4    00000014     drivers_cc32xx.aem4 : UARTCC32XX.oem4 (.text:releasePowerConstraint)
                  0101c1c8    00000014     rtsv7M4_T_le_eabi.lib : strcpy.c.obj (.text:strcpy)
                  0101c1dc    00000014                           : strlen.c.obj (.text:strlen)
                  0101c1f0    00000014     release_pem4.oem4 (.text:ti_sysbios_family_arm_m3_Hwi_Object__get__S)
                  0101c204    00000004     --HOLE-- [fill = 0]
                  0101c208    00000014     sysbios.aem4 : BIOS.obj (.text:ti_sysbios_family_arm_m3_Hwi_switchFromBootStack__E)
                  0101c21c    00000014     release_pem4.oem4 (.text:ti_sysbios_heaps_HeapMem_Object__get__S)
                  0101c230    00000014     sysbios.aem4 : BIOS.obj (.text:ti_sysbios_knl_Clock_tickReconfig__E)
                  0101c244    00000014     release_pem4.oem4 (.text:ti_sysbios_knl_Swi_Object__get__S)
                  0101c258    00000012     uart_term.obj (.text:ClearTerm)
                  0101c26a    00000012     drivers_cc32xx.aem4 : RingBuf.oem4 (.text:RingBuf_construct)
                  0101c27c    00000012     dpl_cc32xx.aem4 : SemaphoreP_tirtos.oem4 (.text:SemaphoreP_pend)
                  0101c28e    00000002     --HOLE-- [fill = 0]
                  0101c290    00000012     sysbios.aem4 : BIOS.obj (.text:ti_sysbios_hal_Hwi_Module_startup__E)
                  0101c2a2    00000012     rtsv7M4_T_le_eabi.lib : wcslen.c.obj (.text:wcslen)
                  0101c2b4    00000012     release_pem4.oem4 (.text:xdc_runtime_Startup_exec__I)
                  0101c2c6    00000010     dpl_cc32xx.aem4 : HwiP_tirtos.oem4 (.text:HwiP_Params_init)
                  0101c2d6    00000002     --HOLE-- [fill = 0]
                  0101c2d8    00000010     drivers_cc32xx.aem4 : PowerCC32XX.oem4 (.text:Power_enablePolicy)
                  0101c2e8    00000010     simplelink.a : cc_pal.obj (.text:SemaphoreP_delete_handle)
                  0101c2f8    00000010                  : cc_pal.obj (.text:SemaphoreP_post_handle)
                  0101c308    00000010                  : driver.obj (.text:_SlDrvDispatchHttpServerEvents)
                  0101c318    00000010                  : driver.obj (.text:_SlDrvDispatchNetAppRequestEvents)
                  0101c328    00000010                  : driver.obj (.text:_SlDrvIsSpawnOwnGlobalLock)
                  0101c338    00000010     CC3220SF_LAUNCHXL.obj (.text:dmaErrorFxn)
                  0101c348    00000010     sysbios.aem4 : BIOS.obj (.text:pthread_mutexattr_init)
                  0101c358    00000010                  : BIOS.obj (.text:pthread_mutexattr_settype)
                  0101c368    00000010     drivers_cc32xx.aem4 : UARTCC32XX.oem4 (.text:readBlockingTimeout)
                  0101c378    00000010     sysbios.aem4 : BIOS.obj (.text:ti_sysbios_BIOS_getCpuFreq__E)
                  0101c388    00000010                  : BIOS.obj (.text:ti_sysbios_BIOS_setThreadType__E)
                  0101c398    00000010                  : BIOS.obj (.text:ti_sysbios_BIOS_start__E)
                  0101c3a8    00000010                  : m3_TaskSupport_asm.obj (.text:ti_sysbios_family_arm_m3_TaskSupport_glue)
                  0101c3b8    00000010                  : m3_TaskSupport_asm.obj (.text:ti_sysbios_family_arm_m3_TaskSupport_swap__E)
                  0101c3c8    00000010                  : BIOS.obj (.text:ti_sysbios_gates_GateMutex_Instance_finalize__E)
                  0101c3d8    00000010     release_pem4.oem4 (.text:ti_sysbios_knl_Mailbox_Object__get__S)
                  0101c3e8    00000010     sysbios.aem4 : BIOS.obj (.text:ti_sysbios_knl_Semaphore_Instance_finalize__E)
                  0101c3f8    00000010                  : BIOS.obj (.text:ti_sysbios_knl_Swi_disable__E)
                  0101c408    00000010     release_pem4.oem4 (.text:ti_sysbios_knl_Task_Object__get__S)
                  0101c418    00000010     sysbios.aem4 : BIOS.obj (.text:ti_sysbios_knl_Task_disable__E)
                  0101c428    00000010                  : BIOS.obj (.text:xdc_runtime_Memory_free__E)
                  0101c438    00000010                  : BIOS.obj (.text:xdc_runtime_SysCallback_abort__E)
                  0101c448    00000010                  : BIOS.obj (.text:xdc_runtime_SysCallback_exit__E)
                  0101c458    0000000e     simplelink.a : cc_pal.obj (.text:MutexP_delete_handle)
                  0101c466    0000000e                  : cc_pal.obj (.text:Mutex_lock)
                  0101c474    0000000e                  : cc_pal.obj (.text:Mutex_unlock)
                  0101c482    0000000e                  : driver.obj (.text:_SlDrvResetCmdExt)
                  0101c490    0000000e     rtsv7M4_T_le_eabi.lib : copy_decompress_none.c.obj (.text:decompress:none:__TI_decompress_none)
                  0101c49e    0000000e     drivers_cc32xx.aem4 : SPICC32XXDMA.oem4 (.text:postNotifyFxn)
                  0101c4ac    00000004     --HOLE-- [fill = 0]
                  0101c4b0    0000000e     sysbios.aem4 : BIOS.obj (.text:pthread_attr_setdetachstate)
                  0101c4be    00000002     --HOLE-- [fill = 0]
                  0101c4c0    0000000e                  : BIOS.obj (.text:sem_wait)
                  0101c4ce    0000000e     simplelink.a : cc_pal.obj (.text:spi_Close)
                  0101c4dc    00000004     --HOLE-- [fill = 0]
                  0101c4e0    0000000e     sysbios.aem4 : BIOS.obj (.text:ti_sysbios_knl_Idle_loop__E)
                  0101c4ee    00000002     --HOLE-- [fill = 0]
                  0101c4f0    0000000e                  : BIOS.obj (.text:ti_sysbios_knl_Queue_empty__E)
                  0101c4fe    0000000c     CC3220SF_LAUNCHXL.obj (.text:CC3220SF_LAUNCHXL_initGeneral)
                  0101c50a    0000000c     dpl_cc32xx.aem4 : ClockP_tirtos.oem4 (.text:ClockP_delete)
                  0101c516    0000000c                     : HwiP_tirtos.oem4 (.text:HwiP_delete)
                  0101c522    00000002     --HOLE-- [fill = 0]
                  0101c524    0000000c     simplelink.a : cc_pal.obj (.text:NwpMaskInterrupt)
                  0101c530    0000000c                  : cc_pal.obj (.text:NwpUnMaskInterrupt)
                  0101c53c    0000000c     drivers_cc32xx.aem4 : PowerCC32XX.oem4 (.text:Power_getConstraintMask)
                  0101c548    0000000c     dpl_cc32xx.aem4 : SemaphoreP_tirtos.oem4 (.text:SemaphoreP_delete)
                  0101c554    0000000c     network_terminal.obj (.text:SimpleLinkHttpServerEventHandler)
                  0101c560    0000000c     network_terminal.obj (.text:SimpleLinkNetAppRequestEventHandler)
                  0101c56c    0000000c     simplelink.a : device.obj (.text:_SlDeviceResetRequestInitCompletedCB)
                  0101c578    0000000c     rtsv7M4_T_le_eabi.lib : _lock.c.obj (.text:_register_lock)
                  0101c584    0000000c                           : _lock.c.obj (.text:_register_unlock)
                  0101c590    0000000c     network_terminal.obj (.text:cmdClearcallback)
                  0101c59c    0000000c     rtsv7M4_T_le_eabi.lib : copy_zero_init.c.obj (.text:decompress:ZI:__TI_zero_init)
                  0101c5a8    0000000c     drivers_cc32xx.aem4 : UARTCC32XX.oem4 (.text:postNotifyFxn)
                  0101c5b4    00000004     --HOLE-- [fill = 0]
                  0101c5b8    0000000c     sysbios.aem4 : BIOS.obj (.text:pthread_self)
                  0101c5c4    0000000c     release_pem4.oem4 (.text:ti_sysbios_family_arm_m3_Hwi_Params__init__S)
                  0101c5d0    0000000c     sysbios.aem4 : BIOS.obj (.text:ti_sysbios_family_arm_m3_Hwi_disableFxn__E)
                  0101c5dc    00000004     --HOLE-- [fill = 0]
                  0101c5e0    0000000c                  : BIOS.obj (.text:ti_sysbios_family_arm_m3_TaskSupport_getStackAlignment__E)
                  0101c5ec    00000004     --HOLE-- [fill = 0]
                  0101c5f0    0000000c                  : BIOS.obj (.text:ti_sysbios_gates_GateHwi_enter__E)
                  0101c5fc    0000000c     release_pem4.oem4 (.text:ti_sysbios_knl_Clock_Params__init__S)
                  0101c608    0000000c     sysbios.aem4 : BIOS.obj (.text:ti_sysbios_knl_Clock_getTicks__E)
                  0101c614    00000004     --HOLE-- [fill = 0]
                  0101c618    0000000c                  : BIOS.obj (.text:ti_sysbios_knl_Clock_setTicks__E)
                  0101c624    00000004     --HOLE-- [fill = 0]
                  0101c628    0000000c                  : BIOS.obj (.text:ti_sysbios_knl_Clock_tickStart__E)
                  0101c634    00000004     --HOLE-- [fill = 0]
                  0101c638    0000000c                  : BIOS.obj (.text:ti_sysbios_knl_Clock_tickStop__E)
                  0101c644    0000000c     release_pem4.oem4 (.text:ti_sysbios_knl_Queue_Object__get__S)
                  0101c650    0000000c     release_pem4.oem4 (.text:ti_sysbios_knl_Semaphore_Params__init__S)
                  0101c65c    0000000c     release_pem4.oem4 (.text:ti_sysbios_knl_Task_Params__init__S)
                  0101c668    0000000c     sysbios.aem4 : BIOS.obj (.text:ti_sysbios_knl_Task_self__E)
                  0101c674    00000004     --HOLE-- [fill = 0]
                  0101c678    0000000c                  : BIOS.obj (.text:ti_sysbios_rts_ti_ReentSupport_taskRegHook__I)
                  0101c684    0000000c     driverlib.a : udma.obj (.text:uDMAErrorStatusClear)
                  0101c690    0000000c                 : udma.obj (.text:uDMAErrorStatusGet)
                  0101c69c    00000004     --HOLE-- [fill = 0]
                  0101c6a0    0000000c     sysbios.aem4 : BIOS.obj (.text:xdc_runtime_Startup_rtsDone__E)
                  0101c6ac    0000000a     dpl_cc32xx.aem4 : ClockP_tirtos.oem4 (.text:ClockP_Params_init)
                  0101c6b6    0000000a     drivers_cc32xx.aem4 : SPI.oem4 (.text:SPI_close)
                  0101c6c0    0000000a                         : SPI.oem4 (.text:SPI_transfer)
                  0101c6ca    0000000a     network_terminal.obj (.text:SimpleLinkNetAppRequestMemFreeEventHandler)
                  0101c6d4    0000000a     network_terminal.obj (.text:SimpleLinkSockEventHandler)
                  0101c6de    0000000a     drivers_cc32xx.aem4 : UART.oem4 (.text:UART_control)
                  0101c6e8    0000000a                         : UART.oem4 (.text:UART_readPolling)
                  0101c6f2    0000000a                         : UART.oem4 (.text:UART_writePolling)
                  0101c6fc    00000004     --HOLE-- [fill = 0]
                  0101c700    0000000a     sysbios.aem4 : BIOS.obj (.text:sem_post)
                  0101c70a    0000000a     simplelink.a : device.obj (.text:sl_Task)
                  0101c714    0000000a     release_pem4.oem4 (.text:xdc_runtime_IHeap_alloc)
                  0101c71e    0000000a     release_pem4.oem4 (.text:xdc_runtime_IHeap_free)
                  0101c728    00000008     dpl_cc32xx.aem4 : SemaphoreP_tirtos.oem4 (.text:SemaphoreP_Params_init)
                  0101c730    00000008     simplelink.a : cc_pal.obj (.text:TimerGetCurrentTimestamp)
                  0101c738    00000008     drivers_cc32xx.aem4 : SPICC32XXDMA.oem4 (.text:blockingTransferCallback)
                  0101c740    00000008     rtsv7M4_T_le_eabi.lib : s_copysign.c.obj (.text:copysign)
                  0101c748    00000008     sysbios.aem4 : BIOS.obj (.text:pthread_attr_setstacksize)
                  0101c750    00000008                  : BIOS.obj (.text:pthread_mutex_lock)
                  0101c758    00000008     drivers_cc32xx.aem4 : UARTCC32XX.oem4 (.text:readSemCallback)
                  0101c760    00000008     sysbios.aem4 : BIOS.obj (.text:ti_sysbios_family_arm_m3_Hwi_doSwiRestore__I)
                  0101c768    00000008                  : BIOS.obj (.text:ti_sysbios_family_arm_m3_Hwi_startup__E)
                  0101c770    00000008     drivers_cc32xx.aem4 : UARTCC32XX.oem4 (.text:writeSemCallback)
                  0101c778    00000006     sysbios.aem4 : BIOS.obj (.text:ti_sysbios_family_arm_m3_Hwi_doTaskRestore__I)
                  0101c77e    00000002     --HOLE-- [fill = 0]
                  0101c780    00000006                  : BIOS.obj (.text:ti_sysbios_family_arm_m3_Hwi_restoreFxn__E)
                  0101c786    00000002     --HOLE-- [fill = 0]
                  0101c788    00000006                  : BIOS.obj (.text:ti_sysbios_gates_GateHwi_leave__E)
                  0101c78e    00000002     --HOLE-- [fill = 0]
                  0101c790    00000006                  : BIOS.obj (.text:ti_sysbios_heaps_HeapMem_isBlocking__E)
                  0101c796    00000002     --HOLE-- [fill = 0]
                  0101c798    00000006                  : BIOS.obj (.text:ti_sysbios_knl_Clock_stop__E)
                  0101c79e    00000002     --HOLE-- [fill = 0]
                  0101c7a0    00000006                  : BIOS.obj (.text:ti_sysbios_knl_Queue_Instance_init__E)
                  0101c7a6    00000002     --HOLE-- [fill = 0]
                  0101c7a8    00000006                  : BIOS.obj (.text:ti_sysbios_knl_Swi_startup__E)
                  0101c7ae    00000002     --HOLE-- [fill = 0]
                  0101c7b0    00000006                  : BIOS.obj (.text:xdc_runtime_System_Module_startup__E)
                  0101c7b6    00000002     --HOLE-- [fill = 0]
                  0101c7b8    00000004                  : BIOS.obj (.text:__aeabi_errno_addr)
                  0101c7bc    00000004     --HOLE-- [fill = 0]
                  0101c7c0    00000004                  : BIOS.obj (.text:ti_sysbios_family_arm_m3_Timer_getMaxTicks__E)
                  0101c7c4    00000004     --HOLE-- [fill = 0]
                  0101c7c8    00000004                  : BIOS.obj (.text:ti_sysbios_gates_GateHwi_query__E)
                  0101c7cc    00000004     --HOLE-- [fill = 0]
                  0101c7d0    00000004                  : BIOS.obj (.text:ti_sysbios_gates_GateMutex_query__E)
                  0101c7d4    00000004     --HOLE-- [fill = 0]
                  0101c7d8    00000004                  : BIOS.obj (.text:ti_sysbios_knl_Clock_setTimeout__E)
                  0101c7dc    00000004     --HOLE-- [fill = 0]
                  0101c7e0    00000004                  : BIOS.obj (.text:ti_sysbios_knl_Task_startup__E)
                  0101c7e4    00000004     --HOLE-- [fill = 0]
                  0101c7e8    00000002                  : BIOS.obj (.text:ti_sysbios_BIOS_linkedWithIncorrectBootLibrary__E)
                  0101c7ea    00000006     --HOLE-- [fill = 0]
                  0101c7f0    00000002                  : BIOS.obj (.text:ti_sysbios_gates_GateHwi_Instance_init__E)
                  0101c7f2    00000006     --HOLE-- [fill = 0]
                  0101c7f8    00000002                  : BIOS.obj (.text:ti_sysbios_knl_Clock_logTick__E)
                  0101c7fa    00000006     --HOLE-- [fill = 0]
                  0101c800    00000002                  : BIOS.obj (.text:xdc_runtime_SysCallback_defaultAbort)
                  0101c802    00000006     --HOLE-- [fill = 0]
                  0101c808    00000002                  : BIOS.obj (.text:xdc_runtime_SysCallback_defaultExit)
                  0101c80a    00000006     --HOLE-- [fill = 0]
                  0101c810    00000002                  : BIOS.obj (.text:xdc_runtime_System_abortSpin__E)
                  0101c812    00000006     --HOLE-- [fill = 0]
                  0101c818    00000002                  : BIOS.obj (.text:xdc_runtime_System_exitSpin__E)

.const     0    0101c81c    00003185     
                  0101c81c    00002044     str.obj (.const:.string)
                  0101e860    0000048c     netapp_cmd.obj (.const:$P$T1$2)
                  0101ecec    00000101     rtsv7M4_T_le_eabi.lib : ctype.c.obj (.const:.string:_ctypes_)
[...]
2000a720  recv_s_optionDetailsStr                                         
2000a724  recv_u_optionDetailsStr                                         
2000a728  recv_p_optionDetailsStr                                         
2000a72c  recv_nb_optionDetailsStr                                        
2000a730  recv_D_optionDetailsStr                                         
2000a734  recv_6_optionDetailsStr                                         
2000a738  creteFilterDetailsStr                                           
2000a73c  createFilter_f_optionDetailsStr                                 
2000a740  createFilter_v_optionDetailsStr                                 
2000a744  createFilter_e_optionDetailsStr                                 
2000a748  createFilter_a_optionDetailsStr                                 
2000a74c  createFilter_m_optionDetailsStr                                 
2000a750  createFilter_o_optionDetailsStr                                 
2000a754  createFilter_i_optionDetailsStr                                 
2000a758  enableFilterDetailsStr                                          
2000a75c  disableFilterDetailsStr                                         
2000a760  deleteFilterDetailsStr                                          
2000a764  enableWoWLANDetailsStr                                          
2000a768  enableWoWLAN_v_optionDetailsStr                                 
2000a76c  enableWoWLAN_u_optionDetailsStr                                 
2000a770  enableWoWLAN_i_optionDetailsStr                                 
2000a774  enableWoWLAN_Note_optionDetailsStr                              
2000a778  mDNSAdvertiseDetailsStr                                         
2000a77c  mDNSAdvertise_n_optionDetailsStr                                
2000a780  mDNSAdvertise_so_optionDetailsStr                               
2000a784  mDNSAdvertise_st_optionDetailsStr                               
2000a788  mDNSAdvertise_ttl_optionDetailsStr                              
2000a78c  mDNSAdvertise_t_optionDetailsStr                                
2000a790  mDNSAdvertise_p_optionDetailsStr                                
2000a794  mDNSdQueryDetailsStr                                            
2000a798  mDNSdQuery_n_optionDetailsStr                                   
2000a79c  mDNSdQuery_st_optionDetailsStr                                  
2000a7a0  mDNSdQuery_so_optionDetailsStr                                  
2000a7a4  mDNSdQuery_o_optionDetailsStr                                   
2000a7a8  TxtaskDetailsStr                                                
2000a7ac  Txtask_tx_optionDetailsStr                                      
2000a7b0  Txtask_tx1_optionDetailsStr                                     
2000a7b4  Txtask_tx2_optionDetailsStr                                     
2000a7b8  Txtask_tx3_optionDetailsStr                                     
2000a7bc  Txtask_t_optionDetailsStr                                       
2000a7c0  Txtask_c_optionDetailsStr                                       
2000a7c4  Txtask_m_optionDetailsStr                                       
2000a7c8  Txtask_m1_optionDetailsStr                                      
2000a7cc  Txtask_m2_optionDetailsStr                                      
2000a7d0  Txtask_m3_optionDetailsStr                                      
2000a7d4  Txtask_m4_optionDetailsStr                                      
2000a7d8  Txtask_m5_optionDetailsStr                                      
2000a7dc  Txtask_m6_optionDetailsStr                                      
2000a7e0  Txtask_m7_optionDetailsStr                                      
2000a7e4  Txtask_m8_optionDetailsStr                                      
2000a7e8  Txtask_m9_optionDetailsStr                                      
2000a7ec  Txtask_m10_optionDetailsStr                                     
2000a7f0  Txtask_m11_optionDetailsStr                                     
2000a7f4  Txtask_m12_optionDetailsStr                                     
2000a7f8  Txtask_m13_optionDetailsStr                                     
2000a7fc  Txtask_m14_optionDetailsStr                                     
2000a800  Txtask_m15_optionDetailsStr                                     
2000a804  Txtask_m16_optionDetailsStr                                     
2000a808  Txtask_m17_optionDetailsStr                                     
2000a80c  Txtask_m18_optionDetailsStr                                     
2000a810  Txtask_m19_optionDetailsStr                                     
2000a814  Txtask_m20_optionDetailsStr                                     
2000a818  Txtask_m21_optionDetailsStr                                     
2000a81c  Txtask_txp_optionDetailsStr                                     
2000a820  Txtask_txp0_optionDetailsStr                                    
2000a824  Txtask_p_optionDetailsStr                                       
2000a828  Txtask_p0_optionDetailsStr                                      
2000a82c  Txtask_p1_optionDetailsStr                                      
2000a830  Txtask_p2_optionDetailsStr                                      
2000a834  Txtask_p3_optionDetailsStr                                      
2000a838  Txtask_p4_optionDetailsStr                                      
2000a83c  Txtask_tone_optionDetailsStr                                    
2000a840  Txtask_d_optionDetailsStr                                       
2000a844  Txtask_dp_optionDetailsStr                                      
2000a848  Txtask_dp0_optionDetailsStr                                     
2000a84c  Txtask_dp1_optionDetailsStr                                     
2000a850  Txtask_dp2_optionDetailsStr                                     
2000a854  Txtask_dp3_optionDetailsStr                                     
2000a858  Txtask_cca_optionDetailsStr                                     
2000a85c  Txtask_s_optionDetailsStr                                       
2000a860  Txtask_a_optionDetailsStr                                       
2000a864  cca_th_optionDetailStr                                          
2000a868  cca_th1_optionDetailStr                                         
2000a86c  cca_th2_optionDetailStr                                         
2000a870  cca_th3_optionDetailStr                                         
2000a874  cca_th4_optionDetailStr                                         
2000a878  cca_th5_optionDetailStr                                         
2000a87c  cca_th6_optionDetailStr                                         
2000a880  RxtaskDetailsStr                                                
2000a884  Rxtask_c_optionDetailsStr                                       
2000a888  Rxtask_d_optionDetailsStr                                       
2000a88c  Rxtask_s_optionDetailsStr                                       
2000a890  p2pStartDetailsStr                                              
2000a894  p2pStopDetailsStr                                               
2000a898  CountryCodeDetailsStr                                           
2000a89c  CountryCode_g_optionDetailsStr                                  
2000a8a0  CountryCode_Note_optionDetailsStr                               
2000a8a4  PowerCC32XX_module                                              
2000aa10  gCmdList                                                        
2000ab24  parkInfo                                                        
2000ac1c  ap_start_UsageStr                                               
2000acc8  wlanConnectUsageStr                                             
2000ad5f  createFilterUsageStr                                            
2000ae74  mDNSAdvertiseUsageStr                                           
2000aefb  setPolicyUsageStr                                               
2000af7e  space_str                                                       
2000af80  ti_sysbios_knl_Swi_Module_State_0_readyQ__A                     
2000b000  ti_sysbios_knl_Task_Module_State_0_readyQ__A                    
2000b080  send_c_optionDetailsStr                                         
2000b0fa  pingUsageStr                                                    
2000b16a  recv_Note_optionDetailsStr                                      
2000b1c8  sendUsage1Str                                                   
2000b225  mDNSdQueryUsageStr                                              
2000b27c  ti_sysbios_gates_GateMutex_Object__table__V                     
2000b2d0  sendUsage2Str                                                   
2000b31e  ti_sysbios_family_arm_m3_Hwi_Module_State_0_excActive__A        
2000b320  ti_sysbios_knl_Task_Object__table__V                            
2000b36c  enableWoWLANUsageStr                                            
2000b3b4  ti_sysbios_knl_Task_Module__state__V                            
2000b3f8  DataFrames_str                                                  
2000b438  radiotoolDetailsStr                                             
2000b474  send_p_optionDetailsStr                                         
2000b4af  send_nb_optionDetailsStr                                        
2000b4e8  send_n_optionDetailsStr                                         
2000b520  send_n_r_optionDetailsStr                                       
2000b558  ti_sysbios_family_arm_m3_Hwi_Module__state__V                   
2000b58c  MangmentFrames_str                                              
2000b5bc  ti_sysbios_family_arm_m3_Timer_Object__table__V                 
2000b5ec  ti_sysbios_knl_Swi_Object__table__V                             
2000b61c  ti_sysbios_knl_Clock_Module__state__V                           
2000b648  scanUsageStr                                                    
2000b66f  SetCountryCodeUsageStr                                          
2000b694  g_LibsEvents                                                    
2000b6b8  g_UserEvents                                                    
2000b6dc  ti_sysbios_BIOS_Module__state__V                                
2000b700  send_6_optionDetailsStr                                         
2000b724  CtrlFrames_str                                                  
2000b744  gpioPinConfigs                                                  
2000b764  send_u_optionDetailsStr                                         
2000b784  xdc_runtime_Error_IgnoreBlock                                   
2000b7a4  ti_sysbios_knl_Swi_Module__state__V                             
2000b7c0  send_s_optionDetailsStr                                         
2000b7db  Template_Hdr                                                    
2000b7f5  send_D_optionDetailsStr                                         
2000b810  ti_sysbios_family_arm_m3_Hwi_Object__table__V                   
2000b828  ti_sysbios_heaps_HeapMem_Object__table__V                       
2000b840  ConnectedStationsStr                                            
2000b853  helpUsageStr                                                    
2000b866  radiotool_PromptStr                                             
2000b878  DataFrames                                                      
2000b898  gpioCallbackFunctions                                           
2000b8a8  gGlobalLockCntRequested                                         
2000b8a9  gGlobalLockCntReleased                                          
2000b8aa  g_SlDeviceStatus                                                
2000b8ac  g_IsGlobalLockObjInit                                           
2000b8b0  g_pCB                                                           
2000b8b4  pPingCallBackFunc                                               
2000b8b8  wlanDisconnectStr                                               
2000b8c7  FRAME_SUBTYPE_str                                               
2000b8d5  ap_start_str                                                    
2000b8e3  disableFilterStr                                                
2000b8f1  mDNSAdvertiseStr                                                
2000b8ff  ap_stop_str                                                     
2000b90c  createFilterStr                                                 
2000b919  deleteFilterStr                                                 
2000b926  enableFilterStr                                                 
2000b933  enableWoWLANStr                                                 
2000b940  ConnectedStationsUsageStr                                       
2000b94c  MgmtFrames                                                      
2000b958  SetCountryCodeStr                                               
2000b964  ap_stop_UsageStr                                                
2000b970  ti_sysbios_family_arm_m3_Timer_Module__state__V                 
2000b97c  wlanConnectStr                                                  
2000b988  wlanDisconnectUsageStr                                          
2000b994  FRAME_TYPE_str                                                  
2000b99f  usageStr                                                        
2000b9aa  mDNSQueryStr                                                    
2000b9b4  radiotool_Str                                                   
2000b9be  setPolicyStr                                                    
2000b9c8  WPAWPA2_str                                                     
2000b9d1  D_optionStr                                                     
2000b9dd  p2pStartcmdStr                                                  
2000b9e8  _lock                                                           
2000b9ec  _unlock                                                         
2000b9f0  CtrlFrames                                                      
2000b9f8  PATTERN_str                                                     
2000ba08  gMaxCmd                                                         
2000ba0c  gSpawn_thread                                                   
2000ba10  p2pStopcmdStr                                                   
2000ba18  ti_sysbios_family_arm_cc32xx_Seconds_Module__state__V           
2000ba20  ti_sysbios_family_arm_m3_Hwi_Module__root__V                    
2000ba28  ti_sysbios_gates_GateHwi_Module__root__V                        
2000ba30  ti_sysbios_gates_GateMutex_Module__root__V                      
2000ba38  ti_sysbios_heaps_HeapMem_Module__root__V                        
2000ba40  ti_sysbios_knl_Clock_Module__root__V                            
2000ba48  ti_sysbios_knl_Queue_Module__root__V                            
2000ba50  ti_sysbios_knl_Semaphore_Module__root__V                        
2000ba58  ti_sysbios_knl_Task_Module__root__V                             
2000ba60  xdc_runtime_Startup_Module__state__V                            
2000ba68  xdc_runtime_System_Module_State_0_atexitHandlers__A             
2000ba70  xdc_runtime_System_Module__state__V                             
2000ba78  BSSID_str                                                       
2000ba7e  DESTINATION_MAC_str                                             
2000ba84  SOURCE_MAC_str                                                  
2000ba8a  clearStr                                                        
2000ba90  cmdPromptStr                                                    
2000ba96  help_optionStr                                                  
2000ba9c  D_IP_str                                                        
2000baa1  OPEN_str                                                        
2000baa6  S_IP_str                                                        
2000baab  WPA2_str                                                        
2000bab0  dns_optionStr                                                   
2000bab5  ent_optionStr                                                   
2000baba  helpStr                                                         
2000babf  pingStr                                                         
2000bac4  recvStr                                                         
2000bac9  scanStr                                                         
2000bace  sendStr                                                         
2000bad3  ttl_optionStr                                                   
2000bad8  txpow_optionStr                                                 
2000badd  WEP_str                                                         
2000bae1  WPA_str                                                         
2000bae5  WPS_str                                                         
2000bae9  gw_optionStr                                                    
2000baed  ip_optionStr                                                    
2000baf1  nb_optionStr                                                    
2000baf5  V_optionStr                                                     
2000baf8  main_func_sp                                                    
2000bb00  g_intHandle                                                     
2000bb04  so_optionStr                                                    
2000bb08  st_optionStr                                                    
2000bb0c  ti_sysbios_family_arm_m3_Hwi_Module_State_0_excContext__A       
2000bb10  ti_sysbios_family_arm_m3_Hwi_Module_State_0_excStack__A         
2000bb14  ti_sysbios_gates_GateHwi_Object__table__V                       
2000bb18  ti_sysbios_knl_Task_Module_State_0_idleTask__A                  
2000bb1c  ti_sysbios_rts_ti_ReentSupport_Module__state__V                 
2000bb20  xdc_runtime_Memory_Module__state__V                             
2000bb24  a_optionStr                                                     
2000bb27  c_optionStr                                                     
2000bb2a  e_optionStr                                                     
2000bb2d  f_optionStr                                                     
2000bb30  g_optionStr                                                     
2000bb33  h_optionStr                                                     
2000bb36  i_optionStr                                                     
2000bb39  l_optionStr                                                     
2000bb3c  lineBreak                                                       
2000bb3f  m_optionStr                                                     
2000bb42  n_optionStr                                                     
2000bb45  o_optionStr                                                     
2000bb48  p_optionStr                                                     
2000bb4b  r_optionStr                                                     
2000bb4e  s_optionStr                                                     
2000bb51  t_optionStr                                                     
2000bb54  u_optionStr                                                     
2000bb57  v_optionStr                                                     
2003fc00  __stack                                                         
20040000  __STACK_END                                                     
e000e000  ti_sysbios_family_arm_m3_Hwi_nvic                               
ffffffff  __TI_pprof_out_hndl                                             
ffffffff  __TI_prof_data_size                                             
ffffffff  __TI_prof_data_start                                            
ffffffff  __binit__                                                       
ffffffff  __c_args__                                                      
ffffffff  binit                                                           
UNDEFED   SHT$$INIT_ARRAY$$Base                                           
UNDEFED   SHT$$INIT_ARRAY$$Limit                                          

[1181 symbols]
