******************************************************************************
                  TI ARM Linker Unix v18.1.2                   
******************************************************************************
>> Linked Mon Aug 20 18:34:16 2018

OUTPUT FILE NAME:   <portable.out>
ENTRY POINT SYMBOL: "_c_int00"  address: 0100e875


MEMORY CONFIGURATION

         name            origin    length      used     unused   attr    fill
----------------------  --------  ---------  --------  --------  ----  --------
  FLASH_HDR             01000000   000007ff  00000000  000007ff  R  X
  FLASH                 01000800   000ff800  000118bb  000edf45  R  X
  SRAM                  20000000   00040000  0000aa14  000355ec  RW X


SEGMENT ALLOCATION MAP

run origin  load origin   length   init length attrs members
----------  ----------- ---------- ----------- ----- -------
01000800    01000800    000118c8   000118c8    r-x
  01000800    01000800    0000003c   0000003c    r-- .resetVecs
  01000840    01000840    000104fa   000104fa    r-x .text
  01010d3c    01010d3c    00000fad   00000fad    r-- .const
  01011cf0    01011cf0    000003d8   000003d8    r-- .cinit
20000310    20000310    00008000   00000000    r--
  20000310    20000310    00008000   00000000    r-- .priheap
20008400    20008400    0000230a   00000000    rw-
  20008400    20008400    0000170a   00000000    rw- .bss
  20009b0c    20009b0c    00000bfe   00000000    rw- .data
2003fc00    2003fc00    00000400   00000000    rw-
  2003fc00    2003fc00    00000400   00000000    rw- .stack


SECTION ALLOCATION MAP

 output                                  attributes/
section   page    origin      length       input sections
--------  ----  ----------  ----------   ----------------
.bootVecs 
*          0    00000000    00000008     DSECT
                  00000000    00000008     boot.aem4 : boot.oem4 (.bootVecs)

.resetVecs 
*          0    01000800    0000003c     
                  01000800    0000003c     release_pem4.oem4 (.resetVecs)

.vecs      0    20000000    0000030c     NOLOAD SECTION
                  20000000    0000030c     release_pem4.oem4 (.vecs)

xdc.meta   0    00000000    00000118     COPY SECTION
                  00000000    00000118     release_pem4.oem4 (xdc.meta)

xdc.noload 
*          0    00000000    00000000     COPY SECTION

.text      0    01000840    000104fa     
                  01000840    00000a4a     rtsv7M4_T_le_eabi.lib : _printfi.c.obj (.text:__TI_printfi)
                  0100128a    00000002     drivers_cc32xx.aem4 : I2CCC32XX.oem4 (.text:I2CCC32XX_cancel)
                  0100128c    0000088c     simplelink.a : driver.obj (.text:_SlDrvMsgRead)
                  01001b18    0000042c     driverlib.a : prcm.obj (.text:PRCMCC3200MCUInit)
                  01001f44    0000042c     simplelink.a : sl_socket.obj (.text:_SlSocketHandleAsync_Select)
                  01002370    00000400     httpserver.obj (.text:parseUrlEncoded)
                  01002770    000003a6     httpserver.obj (.text:SimpleLinkNetAppEventHandler)
                  01002b16    00000002     drivers_cc32xx.aem4 : I2CCC32XX.oem4 (.text:I2CCC32XX_init)
                  01002b18    00000390     httpserver.obj (.text:SimpleLinkWlanEventHandler)
                  01002ea8    00000384     simplelink.a : driver.obj (.text:_SlDrvMsgWrite)
                  0100322c    000002d8                  : driver.obj (.text:_SlDrvRxHdrRead)
                  01003504    000002d4     httpserver.obj (.text:ConfigureSimpleLinkToDefaultState)
                  010037d8    000002c0     httpserver.obj (.text:httpserverThread)
                  01003a98    00000298     httpserver.obj (.text:parseHttpRequestMetadata)
                  01003d30    0000028d     httpserver.obj (.text:SimpleLinkSockEventHandler)
                  01003fbd    00000001     --HOLE-- [fill = 0]
                  01003fbe    00000002     drivers_cc32xx.aem4 : UARTCC32XX.oem4 (.text:UARTCC32XX_init)
                  01003fc0    00000278                         : UARTCC32XX.oem4 (.text:UARTCC32XX_open)
                  01004238    00000268     rtsv7M4_T_le_eabi.lib : _printfi.c.obj (.text:_pconv_a)
                  010044a0    0000022c     simplelink.a : driver.obj (.text:_SlDrvWaitForPoolObj)
                  010046cc    00000228                  : driver.obj (.text:_SlDrvReleasePoolObj)
                  010048f4    00000204                  : driver.obj (.text:_SlDrvDriverCBInit)
                  01004af8    000001f4                  : driver.obj (.text:_SlDrvMsgReadCmdCtx)
                  01004cec    000001f2                  : netapp.obj (.text:_SlNetAppEventHandler)
                  01004ede    00000002     rtsv7M4_T_le_eabi.lib : _lock.c.obj (.text:_nop)
                  01004ee0    000001e1     httpserver.obj (.text:SimpleLinkFatalErrorEventHandler)
                  010050c1    00000001     --HOLE-- [fill = 0]
                  010050c2    000001d0     drivers_cc32xx.aem4 : SPICC32XXDMA.oem4 (.text:SPICC32XXDMA_transfer)
                  01005292    00000002     rtsv7M4_T_le_eabi.lib : div0.asm.obj (.text)
                  01005294    000001cc                           : _printfi.c.obj (.text:_pconv_g)
                  01005460    000001cc     httpserver.obj (.text:lightGetCallback)
                  0100562c    000001c8     drivers_cc32xx.aem4 : GPIOCC32XX.oem4 (.text:GPIO_setConfig)
                  010057f4    000001c0     httpserver.obj (.text:tempGetCallback)
                  010059b4    000001b6     rtsv7M4_T_le_eabi.lib : fd_add_t2.asm.obj (.text)
                  01005b6a    00000006     drivers_cc32xx.aem4 : I2CCC32XX.oem4 (.text:I2CCC32XX_control)
                  01005b70    000001b0     sysbios.aem4 : BIOS.obj (.text:mq_open)
                  01005d20    00000184     simplelink.a : driver.obj (.text:_SlDrvReleaseAllActivePendingPoolObj)
                  01005ea4    00000184     main_tirtos.obj (.text:main)
                  01006028    00000180     drivers_cc32xx.aem4 : SPICC32XXDMA.oem4 (.text:configDMA)
                  010061a8    0000017c     simplelink.a : device.obj (.text:sl_Stop)
                  01006324    00000174     httpserver.obj (.text:SimpleLinkNetAppRequestEventHandler)
                  01006498    00000174     simplelink.a : driver.obj (.text:_SlDrvFindAndSetActiveObj)
                  0100660c    00000158     dpl_cc32xx.aem4 : PowerCC32XX_tirtos.oem4 (.text:PowerCC32XX_sleepPolicy)
                  01006764    00000158     drivers_cc32xx.aem4 : SPICC32XXDMA.oem4 (.text:SPICC32XXDMA_open)
                  010068bc    00000150                         : PowerCC32XX.oem4 (.text:parkPins)
                  01006a0c    0000013c     rtsv7M4_T_le_eabi.lib : _printfi.c.obj (.text:_pconv_e)
                  01006b48    00000138     simplelink.a : driver.obj (.text:_SlDrvDriverCBDeinit)
                  01006c80    00000136     rtsv7M4_T_le_eabi.lib : fd_div_t2.asm.obj (.text)
                  01006db6    00000002     release_pem4.oem4 (.text:ti_sysbios_BIOS_nullFunc__I)
                  01006db8    00000130     simplelink.a : sl_socket.obj (.text:_SlDrvGetNextTimeoutValue)
                  01006ee8    00000130     sysbios.aem4 : BIOS.obj (.text:ti_sysbios_knl_Semaphore_pend__E)
                  01007018    00000128     simplelink.a : driver.obj (.text:_SlDrvClassifyRxMsg)
                  01007140    00000124                  : driver.obj (.text:_SlDrvMsgReadSpawnCtx)
                  01007264    00000122     drivers_cc32xx.aem4 : I2CCC32XX.oem4 (.text:I2CCC32XX_hwiFxn)
                  01007386    00000002     release_pem4.oem4 (.text:xdc_runtime_Startup_reset__I)
                  01007388    00000120     drivers_cc32xx.aem4 : UARTCC32XX.oem4 (.text:UARTCC32XX_close)
                  010074a8    00000120     simplelink.a : driver.obj (.text:_SlDrvAsyncEventGenericHandler)
                  010075c8    00000120     rtsv7M4_T_le_eabi.lib : _printfi.c.obj (.text:fcvt)
                  010076e8    0000011c     simplelink.a : device.obj (.text:sl_Start)
                  01007804    00000004     dpl_cc32xx.aem4 : ClockP_tirtos.oem4 (.text:ClockP_getCpuFreq)
                  01007808    0000011c     sysbios.aem4 : BIOS.obj (.text:xdc_runtime_Startup_startMods__I)
                  01007924    00000118     drivers_cc32xx.aem4 : PowerCC32XX.oem4 (.text:Power_sleep)
                  01007a3c    00000114     simplelink.a : netapp.obj (.text:_SlNetAppHandleAsync_DnsGetHostByService)
                  01007b50    00000110     sysbios.aem4 : BIOS.obj (.text:ti_sysbios_knl_Task_postInit__I)
                  01007c60    0000010c     drivers_cc32xx.aem4 : I2CCC32XX.oem4 (.text:I2CCC32XX_open)
                  01007d6c    00000004     dpl_cc32xx.aem4 : ClockP_tirtos.oem4 (.text:ClockP_setTimeout)
                  01007d70    00000108     sysbios.aem4 : BIOS.obj (.text:timer_create)
                  01007e78    00000104     simplelink.a : device.obj (.text:_SlDeviceEventHandler)
                  01007f7c    00000104                  : driver.obj (.text:_SlDrvCmdOp)
                  01008080    00000104     sysbios.aem4 : BIOS.obj (.text:ti_sysbios_knl_Task_Instance_finalize__E)
                  01008184    00000100     simplelink.a : driver.obj (.text:_SlDrvObjGlobalLockWaitForever)
                  01008284    00000100     temperature.obj (.text:temperatureThread)
                  01008384    000000fc     rtsv7M4_T_le_eabi.lib : fd_mul_t2.asm.obj (.text)
                  01008480    000000fa                           : fs_add_t2.asm.obj (.text)
                  0100857a    00000002     --HOLE-- [fill = 0]
                  0100857c    000000f4     httpserver.obj (.text:lightPostCallback)
                  01008670    000000f2     drivers_cc32xx.aem4 : SPICC32XXDMA.oem4 (.text:SPICC32XXDMA_transferCancel)
                  01008762    00000002     --HOLE-- [fill = 0]
                  01008764    000000ef     httpserver.obj (.text:DisplayBanner)
                  01008853    00000001     --HOLE-- [fill = 0]
                  01008854    000000ee     drivers_cc32xx.aem4 : UARTCC32XX.oem4 (.text:UARTCC32XX_control)
                  01008942    00000006                         : SPICC32XXDMA.oem4 (.text:SPICC32XXDMA_control)
                  01008948    000000ec     sysbios.aem4 : BIOS.obj (.text:clock_gettime)
                  01008a34    00000004     dpl_cc32xx.aem4 : ClockP_tirtos.oem4 (.text:ClockP_start)
                  01008a38    000000ec     sysbios.aem4 : BIOS.obj (.text:pthread_create)
                  01008b24    00000004     dpl_cc32xx.aem4 : ClockP_tirtos.oem4 (.text:ClockP_stop)
                  01008b28    000000ec     sysbios.aem4 : BIOS.obj (.text:ti_sysbios_knl_Task_Instance_init__E)
                  01008c14    00000004     dpl_cc32xx.aem4 : HwiP_tirtos.oem4 (.text:HwiP_clearInterrupt)
                  01008c18    000000e8     sysbios.aem4 : BIOS.obj (.text:timer_settime)
                  01008d00    000000d8     simplelink.a : netapp.obj (.text:_SlNetAppHandleAsync_NetAppReceive)
                  01008dd8    000000d8     sysbios.aem4 : BIOS.obj (.text:ti_sysbios_knl_Mailbox_Instance_init__E)
                  01008eb0    000000d0     drivers_cc32xx.aem4 : SPICC32XXDMA.oem4 (.text:SPICC32XXDMA_close)
                  01008f80    000000d0     simplelink.a : netapp.obj (.text:_SlNetAppMDNSRegisterUnregisterService)
                  01009050    000000d0     rtsv7M4_T_le_eabi.lib : s_scalbn.c.obj (.text:scalbn)
                  01009120    000000d0     sysbios.aem4 : BIOS.obj (.text:ti_sysbios_heaps_HeapMem_alloc__E)
                  010091f0    000000cc     simplelink.a : driver.obj (.text:_SlDrvWaitForInternalAsyncEvent)
                  010092bc    000000cc     httpserver.obj (.text:httpCheckContentInDB)
                  01009388    000000cc     sysbios.aem4 : m3_Hwi_asm.obj (.text:ti_sysbios_family_arm_m3_Hwi_dispatch__I)
                  01009454    000000c8     httpserver.obj (.text:prepareGetMetadata)
                  0100951c    000000c8     drivers_cc32xx.aem4 : SPICC32XXDMA.oem4 (.text:spiHwiFxn)
                  010095e4    000000c4                         : GPIOCC32XX.oem4 (.text:GPIO_init)
                  010096a8    000000c4     simplelink.a : driver.obj (.text:_SlDrvRemoveFromList)
                  0100976c    00000004     dpl_cc32xx.aem4 : HwiP_tirtos.oem4 (.text:HwiP_disable)
                  01009770    000000c4     sysbios.aem4 : BIOS.obj (.text:ti_sysbios_knl_Task_sleep__E)
                  01009834    000000c2     drivers_cc32xx.aem4 : UARTCC32XX.oem4 (.text:UARTCC32XX_write)
                  010098f6    00000002     --HOLE-- [fill = 0]
                  010098f8    000000c0     simplelink.a : cc_pal.obj (.text:NwpPowerOff)
                  010099b8    000000bc                  : netapp.obj (.text:_SlNetAppSendResponse)
                  01009a74    00000004     dpl_cc32xx.aem4 : HwiP_tirtos.oem4 (.text:HwiP_disableInterrupt)
                  01009a78    000000bc     sysbios.aem4 : BIOS.obj (.text:xdc_runtime_Core_createObject__I)
                  01009b34    000000ba     drivers_cc32xx.aem4 : UARTCC32XX.oem4 (.text:UARTCC32XX_readPolling)
                  01009bee    000000ba                         : UARTCC32XX.oem4 (.text:readIsrTextBlocking)
                  01009ca8    000000b8     httpserver.obj (.text:initHttpserverDB)
                  01009d60    000000b8     drivers_cc32xx.aem4 : UARTCC32XX.oem4 (.text:initHw)
                  01009e18    000000b4     simplelink.a : driver.obj (.text:_SlDrvHandleFatalError)
                  01009ecc    000000b4     drivers_cc32xx.aem4 : PowerCC32XX.oem4 (.text:restoreParkedPins)
                  01009f80    000000b1     rtsv7M4_T_le_eabi.lib : _printfi.c.obj (.text:_ltostr)
                  0100a031    00000003     --HOLE-- [fill = 0]
                  0100a034    000000b0     simplelink.a : device.obj (.text:_SlDeviceHandleAsync_InitComplete)
                  0100a0e4    000000b0                  : driver.obj (.text:_SlSpawnMsgListInsert)
                  0100a194    000000ae     drivers_cc32xx.aem4 : UARTCC32XX.oem4 (.text:readIsrTextCallback)
                  0100a242    00000002     --HOLE-- [fill = 0]
                  0100a244    000000aa     uart_term.obj (.text:Report)
                  0100a2ee    000000aa     drivers_cc32xx.aem4 : UARTCC32XX.oem4 (.text:readTaskBlocking)
                  0100a398    000000a8     driverlib.a : prcm.obj (.text:PRCMPeripheralClockGet)
                  0100a440    000000a8     drivers_cc32xx.aem4 : PowerCC32XX.oem4 (.text:PowerCC32XX_configureWakeup)
                  0100a4e8    000000a8                         : UARTCC32XX.oem4 (.text:readTaskCallback)
                  0100a590    000000a4                         : I2CCC32XX.oem4 (.text:I2CCC32XX_transfer)
                  0100a634    00000004     dpl_cc32xx.aem4 : HwiP_tirtos.oem4 (.text:HwiP_enableInterrupt)
                  0100a638    000000a4     sysbios.aem4 : BIOS.obj (.text:ti_sysbios_knl_Task_setPri__E)
                  0100a6dc    000000a2     drivers_cc32xx.aem4 : UARTCC32XX.oem4 (.text:writeData)
                  0100a77e    00000002     --HOLE-- [fill = 0]
                  0100a780    000000a0     simplelink.a : sl_socket.obj (.text:_SlSocketHandleAsync_StartTLS)
                  0100a820    000000a0                  : driver.obj (.text:_SlSpawnMsgListProcess)
                  0100a8c0    000000a0     auto_init.aem4 : auto_init.oem4 (.text)
                  0100a960    0000009e     simplelink.a : cc_pal.obj (.text:spi_Read)
                  0100a9fe    0000009e                  : cc_pal.obj (.text:spi_Write)
                  0100aa9c    00000004     drivers_cc32xx.aem4 : SPICC32XXDMA.oem4 (.text:SPICC32XXDMA_init)
                  0100aaa0    0000009c     sysbios.aem4 : BIOS.obj (.text:_pthread_removeThreadKeys)
                  0100ab3c    0000009c     rtsv7M4_T_le_eabi.lib : memcpy_t2.asm.obj (.text)
                  0100abd8    00000098     simplelink.a : netutil.obj (.text:_SlNetUtilHandleAsync_Cmd)
                  0100ac70    00000098     drivers_cc32xx.aem4 : GPIOCC32XX.oem4 (.text:powerNotifyFxn)
                  0100ad08    00000098     sysbios.aem4 : BIOS.obj (.text:ti_sysbios_family_arm_m3_Hwi_Instance_init__E)
                  0100ada0    00000096     rtsv7M4_T_le_eabi.lib : ull_div_t2.asm.obj (.text)
                  0100ae36    00000002     --HOLE-- [fill = 0]
                  0100ae38    00000094     httpserver.obj (.text:httpGetHandler)
                  0100aecc    00000094     drivers_cc32xx.aem4 : SPICC32XXDMA.oem4 (.text:initHw)
                  0100af60    00000094     sysbios.aem4 : BIOS.obj (.text:ti_sysbios_knl_Task_exit__E)
                  0100aff4    00000092     rtsv7M4_T_le_eabi.lib : fs_div_t2.asm.obj (.text)
                  0100b086    00000002     --HOLE-- [fill = 0]
                  0100b088    00000090     simplelink.a : netapp.obj (.text:_SlNetAppHandleAsync_DnsGetHostByName)
                  0100b118    00000090                  : netapp.obj (.text:_SlNetAppHandleAsync_PingResponse)
                  0100b1a8    00000090     drivers_cc32xx.aem4 : PowerCC32XX.oem4 (.text:restoreNVICRegs)
                  0100b238    00000090     simplelink.a : netapp.obj (.text:sl_NetAppSend)
                  0100b2c8    00000090     sysbios.aem4 : BIOS.obj (.text:ti_sysbios_knl_Task_Module_startup__E)
                  0100b358    00000090                  : BIOS.obj (.text:ti_sysbios_knl_Task_schedule__I)
                  0100b3e8    00000090                  : BIOS.obj (.text:ti_sysbios_knl_Task_startCore__E)
                  0100b478    0000008e     drivers_cc32xx.aem4 : UARTCC32XX.oem4 (.text:readIsrBinaryBlocking)
                  0100b506    00000002     --HOLE-- [fill = 0]
                  0100b508    0000008c                         : I2CCC32XX.oem4 (.text:I2CCC32XX_close)
                  0100b594    0000008c     simplelink.a : driver.obj (.text:_SlDrvDriverIsApiAllowed)
                  0100b620    0000008c     sysbios.aem4 : BIOS.obj (.text:xdc_runtime_Memory_alloc__E)
                  0100b6ac    00000088     driverlib.a : pin.obj (.text:PinConfigSet)
                  0100b734    00000004     dpl_cc32xx.aem4 : SemaphoreP_tirtos.oem4 (.text:SemaphoreP_post)
                  0100b738    00000088     sysbios.aem4 : BIOS.obj (.text:ti_sysbios_family_arm_m3_Hwi_initNVIC__E)
                  0100b7c0    00000088                  : BIOS.obj (.text:ti_sysbios_knl_Mailbox_post__E)
                  0100b848    00000086     drivers_cc32xx.aem4 : I2CCC32XX.oem4 (.text:I2CCC32XX_primeTransfer)
                  0100b8ce    00000086     simplelink.a : driver.obj (.text:_SlDrvIsTimeoutExpired)
                  0100b954    00000086     rtsv7M4_T_le_eabi.lib : fd_cmp_t2.asm.obj (.text:__aeabi_cdcmple)
                  0100b9da    00000086                           : fd_cmp_t2.asm.obj (.text:__aeabi_cdrcmple)
                  0100ba60    00000086     sysbios.aem4 : BIOS.obj (.text:xdc_runtime_Core_constructObject__I)
                  0100bae6    00000002     --HOLE-- [fill = 0]
                  0100bae8    00000084     httpserver.obj (.text:ConfigureHttpServer)
                  0100bb6c    00000084     drivers_cc32xx.aem4 : PowerCC32XX.oem4 (.text:Power_init)
                  0100bbf0    00000084     simplelink.a : sl_socket.obj (.text:_SlSocketHandleAsync_Close)
                  0100bc74    00000084                  : sl_socket.obj (.text:_SlSocketHandleAsync_Connect)
                  0100bcf8    00000084     drivers_cc32xx.aem4 : PowerCC32XX.oem4 (.text:saveNVICRegs)
                  0100bd7c    00000084     simplelink.a : netcfg.obj (.text:sl_NetCfgSet)
                  0100be00    00000084                  : wlan.obj (.text:sl_WlanSet)
                  0100be84    00000004     release_pem4.oem4 (.text:ti_sysbios_BIOS_RtsGateProxy_enter__E)
                  0100be88    00000084     sysbios.aem4 : BIOS.obj (.text:ti_sysbios_family_arm_m3_Hwi_postInit__I)
                  0100bf0c    00000004     release_pem4.oem4 (.text:ti_sysbios_BIOS_RtsGateProxy_leave__E)
                  0100bf10    00000084     sysbios.aem4 : BIOS.obj (.text:ti_sysbios_heaps_HeapMem_free__E)
                  0100bf94    00000080     drivers_cc32xx.aem4 : PowerCC32XX.oem4 (.text:Power_setDependency)
                  0100c014    00000080     httpserver.obj (.text:SimpleLinkGeneralEventHandler)
                  0100c094    00000080     drivers_cc32xx.aem4 : UARTCC32XX.oem4 (.text:readIsrBinaryCallback)
                  0100c114    00000080     temperature.obj (.text:setupTimer)
                  0100c194    0000007c     drivers_cc32xx.aem4 : UDMACC32XX.oem4 (.text:UDMACC32XX_open)
                  0100c210    0000007c     simplelink.a : wlan.obj (.text:sl_WlanPolicySet)
                  0100c28c    0000007a     rtsv7M4_T_le_eabi.lib : fs_mul_t2.asm.obj (.text)
                  0100c306    0000007a                           : memset_t2.asm.obj (.text)
                  0100c380    00000078     drivers_cc32xx.aem4 : GPIOCC32XX.oem4 (.text:GPIO_hwiIntFxn)
                  0100c3f8    00000078     sysbios.aem4 : BIOS.obj (.text:_pthread_runStub)
                  0100c470    00000074     drivers_cc32xx.aem4 : UARTCC32XX.oem4 (.text:UARTCC32XX_hwiIntFxn)
                  0100c4e4    00000074     httpserver.obj (.text:httpPostHandler)
                  0100c558    00000074     sysbios.aem4 : BIOS.obj (.text:ti_sysbios_knl_Mailbox_pend__E)
                  0100c5cc    00000004     release_pem4.oem4 (.text:ti_sysbios_family_arm_m3_Hwi_delete)
                  0100c5d0    00000074     sysbios.aem4 : BIOS.obj (.text:xdc_runtime_Core_deleteObject__I)
                  0100c644    00000072     httpserver.obj (.text:NetAppRequestErrorResponse)
                  0100c6b6    00000002     --HOLE-- [fill = 0]
                  0100c6b8    00000070     simplelink.a : driver.obj (.text:_SlDrvCmdSend_noLock)
                  0100c728    00000070     sysbios.aem4 : BIOS.obj (.text:acquireMutexNone$45)
                  0100c798    00000070                  : BIOS.obj (.text:ti_sysbios_heaps_HeapMem_initPrimary__I)
                  0100c808    00000070                  : BIOS.obj (.text:ti_sysbios_knl_Clock_workFunc__E)
                  0100c878    00000070                  : BIOS.obj (.text:ti_sysbios_knl_Mailbox_Instance_finalize__E)
                  0100c8e8    0000006e     rtsv7M4_T_le_eabi.lib : _printfi.c.obj (.text:_mcpy)
                  0100c956    00000002     --HOLE-- [fill = 0]
                  0100c958    0000006c     simplelink.a : device.obj (.text:_SlDeviceHandleResetRequestInternally)
                  0100c9c4    0000006c                  : netapp.obj (.text:_SlNetAppSendTokenValue)
                  0100ca30    0000006c     sysbios.aem4 : BIOS.obj (.text:pthread_cancel)
                  0100ca9c    00000004     release_pem4.oem4 (.text:ti_sysbios_family_arm_m3_TaskSupport_Module__startupDone__S)
                  0100caa0    0000006c     sysbios.aem4 : BIOS.obj (.text:pthread_exit)
                  0100cb0c    00000004     release_pem4.oem4 (.text:ti_sysbios_heaps_HeapMem_Module_GateProxy_enter__E)
                  0100cb10    0000006c     sysbios.aem4 : BIOS.obj (.text:ti_sysbios_knl_Swi_restoreHwi__E)
                  0100cb7c    00000068     simplelink.a : device.obj (.text:_SlDeviceHandleAsync_Stop)
                  0100cbe4    00000068                  : sl_socket.obj (.text:_SlSocketHandleAsync_Accept)
                  0100cc4c    00000068     rtsv7M4_T_le_eabi.lib : copy_decompress_lzss.c.obj (.text:decompress:lzss:__TI_decompress_lzss)
                  0100ccb4    00000068     drivers_cc32xx.aem4 : I2CCC32XX.oem4 (.text:initHw)
                  0100cd1c    00000068     simplelink.a : cc_pal.obj (.text:spi_Open)
                  0100cd84    00000066     drivers_cc32xx.aem4 : UARTCC32XX.oem4 (.text:UARTCC32XX_writeCancel)
                  0100cdea    00000002     --HOLE-- [fill = 0]
                  0100cdec    00000064                         : GPIOCC32XX.oem4 (.text:GPIO_toggle)
                  0100ce50    00000064                         : PowerCC32XX.oem4 (.text:PowerCC32XX_setParkState)
                  0100ceb4    00000004     release_pem4.oem4 (.text:ti_sysbios_heaps_HeapMem_Module_GateProxy_leave__E)
                  0100ceb8    00000064     sysbios.aem4 : BIOS.obj (.text:ti_sysbios_family_arm_m3_Hwi_dispatchC__I)
                  0100cf1c    00000062     drivers_cc32xx.aem4 : UARTCC32XX.oem4 (.text:UARTCC32XX_writePolling)
                  0100cf7e    00000002     --HOLE-- [fill = 0]
                  0100cf80    00000060     driverlib.a : prcm.obj (.text:PRCMSysResetCauseGet)
                  0100cfe0    00000060     simplelink.a : driver.obj (.text:_SlDrvProtectAsyncRespSetting)
                  0100d040    00000060     sysbios.aem4 : BIOS.obj (.text:ti_sysbios_knl_Semaphore_post__E)
                  0100d0a0    00000060                  : BIOS.obj (.text:ti_sysbios_knl_Swi_run__I)
                  0100d100    0000005c     simplelink.a : spawn.obj (.text:_SlInternalSpawn)
                  0100d15c    0000005c     rtsv7M4_T_le_eabi.lib : s_frexp.c.obj (.text:frexp)
                  0100d1b8    0000005c     sysbios.aem4 : BIOS.obj (.text:ti_sysbios_family_arm_m3_Timer_start__E)
                  0100d214    00000004     release_pem4.oem4 (.text:ti_sysbios_knl_Clock_TimerProxy_getMaxTicks__E)
                  0100d218    0000005c     sysbios.aem4 : BIOS.obj (.text:ti_sysbios_knl_Swi_schedule__I)
                  0100d274    00000004     release_pem4.oem4 (.text:ti_sysbios_knl_Clock_TimerProxy_setPeriodMicroSecs__E)
                  0100d278    0000005c     sysbios.aem4 : BIOS.obj (.text:ti_sysbios_knl_Task_unblockI__E)
                  0100d2d4    00000004     release_pem4.oem4 (.text:ti_sysbios_knl_Clock_TimerProxy_start__E)
                  0100d2d8    0000005c     sysbios.aem4 : BIOS.obj (.text:xdc_runtime_Startup_exec__E)
                  0100d334    00000058     drivers_cc32xx.aem4 : GPIOCC32XX.oem4 (.text:GPIO_setCallback)
                  0100d38c    00000058                         : GPIOCC32XX.oem4 (.text:GPIO_write)
                  0100d3e4    00000058     driverlib.a : prcm.obj (.text:PRCMPeripheralReset)
                  0100d43c    00000058     drivers_cc32xx.aem4 : PowerCC32XX.oem4 (.text:Power_releaseDependency)
                  0100d494    00000058     simplelink.a : sl_socket.obj (.text:_SlDrvClearCtrlSocket)
                  0100d4ec    00000004     release_pem4.oem4 (.text:ti_sysbios_knl_Clock_TimerProxy_stop__E)
                  0100d4f0    00000058     sysbios.aem4 : BIOS.obj (.text:pthread_mutex_init)
                  0100d548    00000058                  : BIOS.obj (.text:ti_sysbios_family_arm_cc32xx_Seconds_getCount__I)
                  0100d5a0    00000056     rtsv7M4_T_le_eabi.lib : _printfi.c.obj (.text:_pconv_f)
                  0100d5f6    00000002     --HOLE-- [fill = 0]
                  0100d5f8    00000054     uart_term.obj (.text:InitTerm)
                  0100d64c    00000054     simplelink.a : driver.obj (.text:_SlDrvRxIrqHandler)
                  0100d6a0    00000054     rtsv7M4_T_le_eabi.lib : ltoa.c.obj (.text:ltoa)
                  0100d6f4    00000054     release_pem4.oem4 (.text:ti_sysbios_family_arm_m3_Hwi_create)
                  0100d748    00000054     sysbios.aem4 : BIOS.obj (.text:ti_sysbios_family_arm_m3_Timer_setPeriod__E)
                  0100d79c    00000054     release_pem4.oem4 (.text:ti_sysbios_knl_Mailbox_create)
                  0100d7f0    00000054     sysbios.aem4 : BIOS.obj (.text:timer_gettime)
                  0100d844    00000004     release_pem4.oem4 (.text:ti_sysbios_knl_Clock_delete)
                  0100d848    00000054     sysbios.aem4 : BIOS.obj (.text:xdc_runtime_Core_assignLabel__I)
                  0100d89c    00000052     drivers_cc32xx.aem4 : PowerCC32XX.oem4 (.text:PowerCC32XX_parkPin)
                  0100d8ee    00000052                         : PowerCC32XX_asm.oem4 (.text:PowerCC32XX_resumeLPDS)
                  0100d940    00000052     rtsv7M4_T_le_eabi.lib : _printfi.c.obj (.text:_ecpy)
                  0100d992    00000002     --HOLE-- [fill = 0]
                  0100d994    00000050     dpl_cc32xx.aem4 : ClockP_tirtos.oem4 (.text:ClockP_create)
                  0100d9e4    00000050     simplelink.a : cc_pal.obj (.text:NwpRegisterInterruptHandler)
                  0100da34    00000050                  : driver.obj (.text:_SlDrvCmdSend_noWait)
                  0100da84    00000050                  : spawn.obj (.text:_SlInternalSpawnTaskEntry)
                  0100dad4    00000050                  : eventreg.obj (.text:_SlNetAppHttpServerHdlr)
                  0100db24    00000050                  : eventreg.obj (.text:_SlNetAppRequestHdlr)
                  0100db74    00000050     httpserver.obj (.text:convertHeaderType2Text)
                  0100dbc4    00000050     httpserver.obj (.text:preparePostMetadata)
                  0100dc14    00000004     release_pem4.oem4 (.text:ti_sysbios_knl_Semaphore_delete)
                  0100dc18    00000050     sysbios.aem4 : BIOS.obj (.text:ti_sysbios_family_arm_cc32xx_Seconds_getTime__E)
                  0100dc68    00000050                  : BIOS.obj (.text:ti_sysbios_family_arm_m3_Hwi_Module_startup__E)
                  0100dcb8    00000050                  : BIOS.obj (.text:ti_sysbios_knl_Clock_Instance_init__E)
                  0100dd08    00000050     release_pem4.oem4 (.text:ti_sysbios_knl_Task_create)
                  0100dd58    0000004c     drivers_cc32xx.aem4 : GPIOCC32XX.oem4 (.text:GPIO_enableInt)
                  0100dda4    0000004c                         : I2CCC32XX.oem4 (.text:I2CCC32XX_completeTransfer)
                  0100ddf0    0000004c     simplelink.a : cc_pal.obj (.text:NwpWaitForShutDownInd)
                  0100de3c    0000004c     rtsv7M4_T_le_eabi.lib : atoi.c.obj (.text:atoi)
                  0100de88    0000004c                           : cpy_tbl.c.obj (.text:copy_in)
                  0100ded4    0000004c     drivers_cc32xx.aem4 : PowerCC32XX.oem4 (.text:restorePeriphClocks)
                  0100df20    0000004c     simplelink.a : netapp.obj (.text:sl_NetAppMDNSUnRegisterService)
                  0100df6c    0000004c                  : wlan.obj (.text:sl_WlanProfileDel)
                  0100dfb8    0000004c                  : wlan.obj (.text:sl_WlanSetMode)
                  0100e004    0000004c     sysbios.aem4 : m3_TaskSupport_asm.obj (.text:ti_sysbios_family_arm_m3_TaskSupport_buildTaskStack)
                  0100e050    0000004c                  : BIOS.obj (.text:ti_sysbios_heaps_HeapMem_getStats__E)
                  0100e09c    00000004     release_pem4.oem4 (.text:ti_sysbios_knl_Task_delete)
                  0100e0a0    0000004c     sysbios.aem4 : BIOS.obj (.text:ti_sysbios_knl_Swi_runLoop__I)
                  0100e0ec    00000004     release_pem4.oem4 (.text:xdc_runtime_System_Module_GateProxy_enter__E)
                  0100e0f0    0000004c     sysbios.aem4 : BIOS.obj (.text:ti_sysbios_knl_Task_allBlockedFunction__I)
                  0100e13c    00000048     driverlib.a : flash.obj (.text:FlashDisable)
                  0100e184    00000048                 : prcm.obj (.text:PRCMLPDSEnter)
                  0100e1cc    00000048                 : prcm.obj (.text:PRCMPeripheralClkEnable)
                  0100e214    00000048     drivers_cc32xx.aem4 : PowerCC32XX.oem4 (.text:Power_releaseConstraint)
                  0100e25c    00000048     simplelink.a : eventreg.obj (.text:_SlDeviceFatalErrorEvtHdlr)
                  0100e2a4    00000048                  : eventreg.obj (.text:_SlDeviceGeneralEvtHdlr)
                  0100e2ec    00000048                  : driver.obj (.text:_SlDrvSyncObjWaitTimeout)
                  0100e334    00000048                  : eventreg.obj (.text:_SlNetAppEvtHdlr)
                  0100e37c    00000048                  : eventreg.obj (.text:_SlNetAppRequestMemFree)
                  0100e3c4    00000048                  : eventreg.obj (.text:_SlSockEvtHdlr)
                  0100e40c    00000048                  : eventreg.obj (.text:_SlWlanEvtHdlr)
                  0100e454    00000048     rtsv7M4_T_le_eabi.lib : fd_toi_t2.asm.obj (.text)
                  0100e49c    00000004     release_pem4.oem4 (.text:xdc_runtime_System_Module_GateProxy_leave__E)
                  0100e4a0    00000048     sysbios.aem4 : BIOS.obj (.text:ti_sysbios_family_arm_m3_Hwi_disableInterrupt__E)
                  0100e4e8    00000048                  : BIOS.obj (.text:ti_sysbios_family_arm_m3_Hwi_enableInterrupt__E)
                  0100e530    00000048                  : m3_Hwi_asm_switch.obj (.text:ti_sysbios_family_arm_m3_Hwi_initStacks__E)
                  0100e578    00000048                  : BIOS.obj (.text:ti_sysbios_family_arm_m3_Timer_initDevice__I)
                  0100e5c0    00000048                  : BIOS.obj (.text:ti_sysbios_knl_Mailbox_Module_startup__E)
                  0100e608    00000048                  : BIOS.obj (.text:xdc_runtime_Core_assignParams__I)
                  0100e650    00000046     drivers_cc32xx.aem4 : RingBuf.oem4 (.text:RingBuf_put)
                  0100e696    00000002     --HOLE-- [fill = 0]
                  0100e698    00000044                         : I2C.oem4 (.text:I2C_init)
                  0100e6dc    00000044     driverlib.a : prcm.obj (.text:PRCMLPDSRestoreInfoSet)
                  0100e720    00000044     drivers_cc32xx.aem4 : PowerCC32XX_asm.oem4 (.text:PowerCC32XX_enterLPDS)
                  0100e764    00000044                         : SPI.oem4 (.text:SPI_init)
                  0100e7a8    00000044     httpserver.obj (.text:SimpleLinkHttpServerEventHandler)
                  0100e7ec    00000044     drivers_cc32xx.aem4 : UART.oem4 (.text:UART_init)
                  0100e830    00000044     simplelink.a : spawn.obj (.text:_SlInternalSpawnWaitForEvent)
                  0100e874    00000044     boot.aem4 : boot.oem4 (.text)
                  0100e8b8    00000044     simplelink.a : netapp.obj (.text:sl_NetAppStart)
                  0100e8fc    00000044                  : netapp.obj (.text:sl_NetAppStop)
                  0100e940    00000044     sysbios.aem4 : BIOS.obj (.text:ti_sysbios_family_arm_m3_Hwi_getStackInfo__E)
                  0100e984    00000004     --HOLE-- [fill = 0]
                  0100e988    00000044                  : BIOS.obj (.text:ti_sysbios_knl_Mailbox_postInit__I)
                  0100e9cc    00000004     --HOLE-- [fill = 0]
                  0100e9d0    00000044                  : BIOS.obj (.text:ti_sysbios_knl_Swi_post__E)
                  0100ea14    00000004     --HOLE-- [fill = 0]
                  0100ea18    00000044                  : BIOS.obj (.text:xdc_runtime_System_atexit__E)
                  0100ea5c    00000040     simplelink.a : sl_socket.obj (.text:CountSetBits)
                  0100ea9c    00000040     dpl_cc32xx.aem4 : HwiP_tirtos.oem4 (.text:HwiP_create)
                  0100eadc    00000040     driverlib.a : pin.obj (.text:PinModeSet)
                  0100eb1c    00000040     drivers_cc32xx.aem4 : RingBuf.oem4 (.text:RingBuf_get)
                  0100eb5c    00000040                         : UARTCC32XX.oem4 (.text:UARTCC32XX_read)
                  0100eb9c    00000040                         : UDMACC32XX.oem4 (.text:UDMACC32XX_init)
                  0100ebdc    00000040     simplelink.a : driver.obj (.text:_SlDrvGlobalObjUnLock)
                  0100ec1c    00000040                  : driver.obj (.text:_SlFindAndReleasePendingCmd)
                  0100ec5c    00000040                  : eventreg.obj (.text:_SlIsEventRegistered)
                  0100ec9c    00000040                  : driver.obj (.text:_SlSpawnMsgListGetCount)
                  0100ecdc    00000004     --HOLE-- [fill = 0]
                  0100ece0    00000040     sysbios.aem4 : BIOS.obj (.text:mq_receive)
                  0100ed20    00000040     rtsv7M4_T_le_eabi.lib : sprintf.c.obj (.text:sprintf)
                  0100ed60    00000040                           : strtok.c.obj (.text:strtok)
                  0100eda0    00000040     sysbios.aem4 : BIOS.obj (.text:ti_sysbios_heaps_HeapMem_Instance_init__E)
                  0100ede0    00000040     rtsv7M4_T_le_eabi.lib : vsnprintf.c.obj (.text:vsnprintf)
                  0100ee20    0000003e                           : _printfi.c.obj (.text:_fcpy)
                  0100ee5e    0000003e     release_pem4.oem4 (.text:realloc)
                  0100ee9c    0000003c     drivers_cc32xx.aem4 : I2C.oem4 (.text:I2C_open)
                  0100eed8    0000003c                         : PowerCC32XX.oem4 (.text:Power_setConstraint)
                  0100ef14    0000003c                         : SPI.oem4 (.text:SPI_open)
                  0100ef50    0000003c     dpl_cc32xx.aem4 : SemaphoreP_tirtos.oem4 (.text:SemaphoreP_create)
                  0100ef8c    0000003c     drivers_cc32xx.aem4 : UART.oem4 (.text:UART_open)
                  0100efc8    0000003c     simplelink.a : netapp.obj (.text:_SlNetAppCopyPingResultsToReport)
                  0100f004    0000003c     dpl_cc32xx.aem4 : PowerCC32XX_tirtos.oem4 (.text:getCountsRTC)
                  0100f040    0000003c     sysbios.aem4 : BIOS.obj (.text:pthread_mutex_unlock)
                  0100f07c    00000004     --HOLE-- [fill = 0]
                  0100f080    0000003c                  : BIOS.obj (.text:ti_sysbios_family_arm_m3_Hwi_Instance_finalize__E)
                  0100f0bc    00000004     --HOLE-- [fill = 0]
                  0100f0c0    0000003c                  : BIOS.obj (.text:ti_sysbios_family_arm_m3_Timer_setPeriodMicroSecs__E)
                  0100f0fc    0000003c     release_pem4.oem4 (.text:ti_sysbios_knl_Clock_create)
                  0100f138    0000003c     sysbios.aem4 : BIOS.obj (.text:ti_sysbios_knl_Clock_walkQueuePeriodic__E)
                  0100f174    00000004     --HOLE-- [fill = 0]
                  0100f178    0000003c                  : BIOS.obj (.text:ti_sysbios_knl_Swi_restore__E)
                  0100f1b4    00000004     --HOLE-- [fill = 0]
                  0100f1b8    0000003c                  : BIOS.obj (.text:timer_delete)
                  0100f1f4    00000004     --HOLE-- [fill = 0]
                  0100f1f8    0000003c                  : BIOS.obj (.text:xdc_runtime_System_processAtExit__E)
                  0100f234    00000038     drivers_cc32xx.aem4 : GPIOCC32XX.oem4 (.text:GPIO_read)
                  0100f26c    00000038     driverlib.a : prcm.obj (.text:PRCMLPDSEnterKeepDebugIf)
                  0100f2a4    00000004     --HOLE-- [fill = 0]
                  0100f2a8    00000038     sysbios.aem4 : BIOS.obj (.text:mq_send)
                  0100f2e0    00000038     drivers_cc32xx.aem4 : PowerCC32XX.oem4 (.text:notify)
                  0100f318    00000038     rtsv7M4_T_le_eabi.lib : fs_toi_t2.asm.obj (.text)
                  0100f350    00000038                           : i_tofs_t2.asm.obj (.text)
                  0100f388    00000038     httpserver.obj (.text:setElementType)
                  0100f3c0    00000038     sysbios.aem4 : BIOS.obj (.text:ti_sysbios_knl_Task_processVitalTaskFlag__I)
                  0100f3f8    00000038                  : BIOS.obj (.text:usleep)
                  0100f430    00000036     drivers_cc32xx.aem4 : PowerCC32XX.oem4 (.text:PowerCC32XX_restoreParkedPin)
                  0100f466    00000036                         : UARTCC32XX.oem4 (.text:UARTCC32XX_readCancel)
                  0100f49c    00000034     driverlib.a : pin.obj (.text:PinModeGet)
                  0100f4d0    00000034     drivers_cc32xx.aem4 : PowerCC32XX.oem4 (.text:PowerCC32XX_restoreParkState)
                  0100f504    00000034                         : UDMACC32XX.oem4 (.text:UDMACC32XX_close)
                  0100f538    00000034     sysbios.aem4 : BIOS.obj (.text:_pthread_delete$41)
                  0100f56c    00000004     --HOLE-- [fill = 0]
                  0100f570    00000034                  : BIOS.obj (.text:ti_sysbios_family_arm_m3_Timer_periodicStub__I)
                  0100f5a4    00000034     release_pem4.oem4 (.text:ti_sysbios_knl_Semaphore_create)
                  0100f5d8    00000032     sysbios.aem4 : BIOS.obj (.text:ti_sysbios_hal_Hwi_initStack)
                  0100f60a    00000006     driverlib.a : utils.obj (.text:UtilsDelay)
                  0100f610    00000032     sysbios.aem4 : BIOS.obj (.text:ti_sysbios_knl_Semaphore_pendTimeout__I)
                  0100f642    00000002     --HOLE-- [fill = 0]
                  0100f644    00000030     simplelink.a : driver.obj (.text:_SlDrvSyncObjWaitForever)
                  0100f674    00000030     rtsv7M4_T_le_eabi.lib : vsnprintf.c.obj (.text:_outs)
                  0100f6a4    00000004     --HOLE-- [fill = 0]
                  0100f6a8    00000030     sysbios.aem4 : BIOS.obj (.text:clockFxn$39)
                  0100f6d8    00000030                  : BIOS.obj (.text:findInList$40)
                  0100f708    00000030                  : BIOS.obj (.text:pthread_setcancelstate)
                  0100f738    00000030     release_pem4.oem4 (.text:ti_sysbios_BIOS_atExitFunc__I)
                  0100f768    00000030     release_pem4.oem4 (.text:ti_sysbios_BIOS_startFunc__I)
                  0100f798    00000030     sysbios.aem4 : BIOS.obj (.text:ti_sysbios_family_arm_m3_TaskSupport_start__E)
                  0100f7c8    00000030     release_pem4.oem4 (.text:ti_sysbios_gates_GateHwi_Object__create__S)
                  0100f7f8    00000030     release_pem4.oem4 (.text:ti_sysbios_gates_GateMutex_Object__create__S)
                  0100f828    00000030     sysbios.aem4 : BIOS.obj (.text:ti_sysbios_gates_GateMutex_enter__E)
                  0100f858    00000030     release_pem4.oem4 (.text:ti_sysbios_heaps_HeapMem_Object__create__S)
                  0100f888    00000030     release_pem4.oem4 (.text:ti_sysbios_knl_Clock_construct)
                  0100f8b8    00000030     release_pem4.oem4 (.text:ti_sysbios_knl_Semaphore_construct)
                  0100f8e8    0000002e     simplelink.a : cc_pal.obj (.text:Mutex_create_handle)
                  0100f916    0000002e     rtsv7M4_T_le_eabi.lib : i_tofd_t2.asm.obj (.text)
                  0100f944    0000002e     release_pem4.oem4 (.text:ti_sysbios_rts_gnu_MemAlloc_alloc)
                  0100f972    00000002     --HOLE-- [fill = 0]
                  0100f974    0000002c     simplelink.a : cc_pal.obj (.text:NwpPowerOn)
                  0100f9a0    0000002c     drivers_cc32xx.aem4 : PowerCC32XX.oem4 (.text:PowerCC32XX_getParkState)
                  0100f9cc    0000002c     dpl_cc32xx.aem4 : SemaphoreP_tirtos.oem4 (.text:SemaphoreP_createBinary)
                  0100f9f8    0000002c     simplelink.a : cc_pal.obj (.text:Semaphore_create_handle)
                  0100fa24    00000004     --HOLE-- [fill = 0]
                  0100fa28    0000002c     sysbios.aem4 : BIOS.obj (.text:_pthread_cleanupFxn)
                  0100fa54    0000002c     rtsv7M4_T_le_eabi.lib : strncmp.c.obj (.text:strncmp)
                  0100fa80    0000002c     release_pem4.oem4 (.text:ti_sysbios_knl_Clock_doTick__I)
                  0100faac    00000004     --HOLE-- [fill = 0]
                  0100fab0    0000002c     sysbios.aem4 : BIOS.obj (.text:ti_sysbios_knl_Clock_getTimeout__E)
                  0100fadc    0000002c     release_pem4.oem4 (.text:ti_sysbios_knl_Queue_construct)
                  0100fb08    0000002c     sysbios.aem4 : BIOS.obj (.text:ti_sysbios_knl_Task_restore__E)
                  0100fb34    00000004     --HOLE-- [fill = 0]
                  0100fb38    0000002a                  : BIOS.obj (.text:sem_init)
                  0100fb62    0000002a     rtsv7M4_T_le_eabi.lib : strspn.c.obj (.text:strspn)
                  0100fb8c    00000028     driverlib.a : prcm.obj (.text:PRCMPeripheralClkDisable)
                  0100fbb4    00000028     dpl_cc32xx.aem4 : PowerCC32XX_tirtos.oem4 (.text:PowerCC32XX_initPolicy)
                  0100fbdc    00000028     drivers_cc32xx.aem4 : PowerCC32XX.oem4 (.text:Power_registerNotify)
                  0100fc04    00000028     simplelink.a : driver.obj (.text:_SlDrvUpdateApiInProgress)
                  0100fc2c    00000028                  : flowcont.obj (.text:_SlFlowContSet)
                  0100fc54    00000004     --HOLE-- [fill = 0]
                  0100fc58    00000028     sysbios.aem4 : BIOS.obj (.text:ti_sysbios_knl_Clock_addI__E)
                  0100fc80    00000028                  : BIOS.obj (.text:ti_sysbios_knl_Swi_Module_startup__E)
                  0100fca8    00000026     drivers_cc32xx.aem4 : List.oem4 (.text:List_put)
                  0100fcce    00000026                         : List.oem4 (.text:List_remove)
                  0100fcf4    00000024     simplelink.a : driver.obj (.text:_SlDrvIsApiInProgress)
                  0100fd18    00000024                  : driver.obj (.text:_SlDrvProtectionObjLockWaitForever)
                  0100fd3c    00000024                  : driver.obj (.text:_SlDrvProtectionObjUnLock)
                  0100fd60    00000024                  : driver.obj (.text:_SlDrvStartMeasureTimeout)
                  0100fd84    00000004     --HOLE-- [fill = 0]
                  0100fd88    00000024     sysbios.aem4 : BIOS.obj (.text:pthread_attr_init)
                  0100fdac    00000024     rtsv7M4_T_le_eabi.lib : strcspn.c.obj (.text:strcspn)
                  0100fdd0    00000024     release_pem4.oem4 (.text:ti_sysbios_BIOS_registerRTSLock__I)
                  0100fdf4    00000024     release_pem4.oem4 (.text:ti_sysbios_BIOS_removeRTSLock__I)
                  0100fe18    00000024     sysbios.aem4 : BIOS.obj (.text:ti_sysbios_family_arm_m3_Timer_Module_startup__E)
                  0100fe3c    00000004     --HOLE-- [fill = 0]
                  0100fe40    00000024                  : BIOS.obj (.text:ti_sysbios_family_arm_m3_Timer_postInit__I)
                  0100fe64    00000004     --HOLE-- [fill = 0]
                  0100fe68    00000024                  : BIOS.obj (.text:ti_sysbios_family_arm_m3_Timer_startup__E)
                  0100fe8c    00000024     release_pem4.oem4 (.text:ti_sysbios_gates_GateMutex_Object__delete__S)
                  0100feb0    00000024     sysbios.aem4 : BIOS.obj (.text:ti_sysbios_knl_Clock_Module_startup__E)
                  0100fed4    00000024     release_pem4.oem4 (.text:ti_sysbios_knl_Clock_Object__delete__S)
                  0100fef8    00000024     sysbios.aem4 : BIOS.obj (.text:ti_sysbios_knl_Clock_start__E)
                  0100ff1c    00000004     --HOLE-- [fill = 0]
                  0100ff20    00000024                  : BIOS.obj (.text:ti_sysbios_knl_Semaphore_Instance_init__E)
                  0100ff44    00000024     release_pem4.oem4 (.text:ti_sysbios_knl_Semaphore_Object__delete__S)
                  0100ff68    00000024     sysbios.aem4 : BIOS.obj (.text:ti_sysbios_knl_Task_restoreHwi__E)
                  0100ff8c    00000004     --HOLE-- [fill = 0]
                  0100ff90    00000024                  : BIOS.obj (.text:xdc_runtime_Error_policyMin__E)
                  0100ffb4    00000020     drivers_cc32xx.aem4 : PowerCC32XX.oem4 (.text:Power_unregisterNotify)
                  0100ffd4    00000020                         : RingBuf.oem4 (.text:RingBuf_peek)
                  0100fff4    00000020                         : SPICC32XXDMA.oem4 (.text:getPowerMgrId)
                  01010014    00000020                         : UARTCC32XX.oem4 (.text:getPowerMgrId)
                  01010034    00000020     release_pem4.oem4 (.text:ti_sysbios_BIOS_rtsLock__I)
                  01010054    00000020     release_pem4.oem4 (.text:ti_sysbios_family_arm_m3_Hwi_Object__delete__S)
                  01010074    00000004     --HOLE-- [fill = 0]
                  01010078    00000020     sysbios.aem4 : BIOS.obj (.text:ti_sysbios_family_arm_m3_Hwi_clearInterrupt__E)
                  01010098    00000020                  : m3_Hwi_asm.obj (.text:ti_sysbios_family_arm_m3_Hwi_excHandlerAsm__I)
                  010100b8    00000020                  : BIOS.obj (.text:ti_sysbios_family_arm_m3_Hwi_excHandler__I)
                  010100d8    00000020     release_pem4.oem4 (.text:ti_sysbios_gates_GateHwi_Object__delete__S)
                  010100f8    00000020     release_pem4.oem4 (.text:ti_sysbios_heaps_HeapMem_Object__delete__S)
                  01010118    00000020     release_pem4.oem4 (.text:ti_sysbios_knl_Clock_destruct)
                  01010138    00000020     sysbios.aem4 : BIOS.obj (.text:ti_sysbios_knl_Idle_run__E)
                  01010158    00000020     release_pem4.oem4 (.text:ti_sysbios_knl_Semaphore_destruct)
                  01010178    00000020     release_pem4.oem4 (.text:ti_sysbios_knl_Task_Object__delete__S)
                  01010198    0000001e     simplelink.a : driver.obj (.text:_SlDrvObjLockWaitForever)
                  010101b6    0000001e                  : driver.obj (.text:_SlDrvObjUnLock)
                  010101d4    0000001e                  : driver.obj (.text:_SlDrvSyncObjSignal)
                  010101f2    0000001e     drivers_cc32xx.aem4 : UDMACC32XX.oem4 (.text:postNotifyFxn)
                  01010210    0000001e     sysbios.aem4 : m3_Hwi_asm_switch.obj (.text:ti_sysbios_family_xxx_Hwi_switchAndRunFunc)
                  0101022e    00000002     --HOLE-- [fill = 0]
                  01010230    0000001c     uart_term.obj (.text:Message)
                  0101024c    0000001c     driverlib.a : pin.obj (.text:PinToPadGet)
                  01010268    0000001c     simplelink.a : device.obj (.text:_SlDeviceGetStartResponseConvert)
                  01010284    0000001c                  : spawn.obj (.text:_SlInternalIsItSpawnThread)
                  010102a0    0000001c     rtsv7M4_T_le_eabi.lib : memccpy.c.obj (.text:memccpy)
                  010102bc    00000004     --HOLE-- [fill = 0]
                  010102c0    0000001c     sysbios.aem4 : BIOS.obj (.text:ti_sysbios_family_arm_m3_Timer_stop__E)
                  010102dc    00000004     --HOLE-- [fill = 0]
                  010102e0    0000001c                  : BIOS.obj (.text:ti_sysbios_gates_GateMutex_Instance_init__E)
                  010102fc    00000004     --HOLE-- [fill = 0]
                  01010300    0000001c                  : BIOS.obj (.text:ti_sysbios_knl_Clock_Instance_finalize__E)
                  0101031c    0000001c     release_pem4.oem4 (.text:ti_sysbios_knl_Queue_destruct)
                  01010338    0000001c     sysbios.aem4 : BIOS.obj (.text:ti_sysbios_knl_Queue_get__E)
                  01010354    00000004     --HOLE-- [fill = 0]
                  01010358    0000001c                  : BIOS.obj (.text:ti_sysbios_knl_Queue_put__E)
                  01010374    00000004     --HOLE-- [fill = 0]
                  01010378    0000001c                  : BIOS.obj (.text:ti_sysbios_knl_Task_enter__I)
                  01010394    00000004     --HOLE-- [fill = 0]
                  01010398    0000001c                  : BIOS.obj (.text:timerThreadFxn$51)
                  010103b4    0000001a     release_pem4.oem4 (.text:free)
                  010103ce    0000001a     sysbios.aem4 : m3_Hwi_asm.obj (.text:ti_sysbios_family_arm_m3_Hwi_pendSV__I)
                  010103e8    0000001a                  : BIOS.obj (.text:ti_sysbios_knl_Task_sleepTimeout__I)
                  01010402    00000002     --HOLE-- [fill = 0]
                  01010404    00000018     drivers_cc32xx.aem4 : PowerCC32XX.oem4 (.text:Power_idleFunc)
                  0101041c    00000018     driverlib.a : uart.obj (.text:UARTBusy)
                  01010434    00000018                 : uart.obj (.text:UARTIntEnable)
                  0101044c    00000018     drivers_cc32xx.aem4 : UART.oem4 (.text:UART_Params_init)
                  01010464    00000018     rtsv7M4_T_le_eabi.lib : args_main.c.obj (.text:_args_main)
                  0101047c    00000018                           : vsnprintf.c.obj (.text:_outc)
                  01010494    00000018                           : sprintf.c.obj (.text:_outs)
                  010104ac    00000018                           : ll_mul_t2.asm.obj (.text)
                  010104c4    00000018                           : strcmp.c.obj (.text:strcmp)
                  010104dc    00000018     release_pem4.oem4 (.text:ti_sysbios_BIOS_rtsUnlock__I)
                  010104f4    00000018     release_pem4.oem4 (.text:ti_sysbios_family_arm_m3_Hwi_Module__startupDone__F)
                  0101050c    00000018     release_pem4.oem4 (.text:ti_sysbios_family_arm_m3_Timer_Module__startupDone__F)
                  01010524    00000018     release_pem4.oem4 (.text:ti_sysbios_gates_GateHwi_Handle__label__S)
                  0101053c    00000018     release_pem4.oem4 (.text:ti_sysbios_gates_GateMutex_Handle__label__S)
                  01010554    00000004     --HOLE-- [fill = 0]
                  01010558    00000018     sysbios.aem4 : BIOS.obj (.text:ti_sysbios_gates_GateMutex_leave__E)
                  01010570    00000018     release_pem4.oem4 (.text:ti_sysbios_heaps_HeapMem_Handle__label__S)
                  01010588    00000018     sysbios.aem4 : BIOS.obj (.text:ti_sysbios_rts_ti_ReentSupport_getReent__F)
                  010105a0    00000018     release_pem4.oem4 (.text:ti_sysbios_rts_ti_ReentSupport_getTlsAddr__I)
                  010105b8    00000018     sysbios.aem4 : BIOS.obj (.text:xdc_runtime_Error_init__E)
                  010105d0    00000018                  : BIOS.obj (.text:xdc_runtime_System_exit__E)
                  010105e8    00000016     driverlib.a : prcm.obj (.text:PRCMHIBRegRead)
                  010105fe    00000016                 : prcm.obj (.text:PRCMHIBRegWrite)
                  01010614    00000016     simplelink.a : driver.obj (.text:_SlDrvMemZero)
                  0101062a    00000006     --HOLE-- [fill = 0]
                  01010630    00000016     sysbios.aem4 : BIOS.obj (.text:pthread_mutex_destroy)
                  01010646    00000016     rtsv7M4_T_le_eabi.lib : strchr.c.obj (.text:strchr)
                  0101065c    00000016     release_pem4.oem4 (.text:ti_sysbios_BIOS_exitFunc__I)
                  01010672    00000006     --HOLE-- [fill = 0]
                  01010678    00000016     sysbios.aem4 : BIOS.obj (.text:timerFxn$51)
                  0101068e    00000002     --HOLE-- [fill = 0]
                  01010690    00000014     drivers_cc32xx.aem4 : PowerCC32XX.oem4 (.text:Power_getDependencyCount)
                  010106a4    00000014                         : SPI.oem4 (.text:SPI_Params_init)
                  010106b8    00000014     sysbios.aem4 : BIOS.obj (.text:pthread_attr_setschedparam)
                  010106cc    00000014     drivers_cc32xx.aem4 : UARTCC32XX.oem4 (.text:releasePowerConstraint)
                  010106e0    00000014     rtsv7M4_T_le_eabi.lib : strcpy.c.obj (.text:strcpy)
                  010106f4    00000014                           : strlen.c.obj (.text:strlen)
                  01010708    00000014     release_pem4.oem4 (.text:ti_sysbios_family_arm_m3_Hwi_Object__get__S)
                  0101071c    00000004     --HOLE-- [fill = 0]
                  01010720    00000014     sysbios.aem4 : BIOS.obj (.text:ti_sysbios_family_arm_m3_Hwi_switchFromBootStack__E)
                  01010734    00000014     release_pem4.oem4 (.text:ti_sysbios_heaps_HeapMem_Object__get__S)
                  01010748    00000014     sysbios.aem4 : BIOS.obj (.text:ti_sysbios_knl_Clock_tickReconfig__E)
                  0101075c    00000014     release_pem4.oem4 (.text:ti_sysbios_knl_Swi_Object__get__S)
                  01010770    00000012     drivers_cc32xx.aem4 : RingBuf.oem4 (.text:RingBuf_construct)
                  01010782    00000012     dpl_cc32xx.aem4 : SemaphoreP_tirtos.oem4 (.text:SemaphoreP_pend)
                  01010794    00000004     --HOLE-- [fill = 0]
                  01010798    00000012     sysbios.aem4 : BIOS.obj (.text:ti_sysbios_hal_Hwi_Module_startup__E)
                  010107aa    00000012     rtsv7M4_T_le_eabi.lib : wcslen.c.obj (.text:wcslen)
                  010107bc    00000012     release_pem4.oem4 (.text:xdc_runtime_Startup_exec__I)
                  010107ce    00000010     dpl_cc32xx.aem4 : HwiP_tirtos.oem4 (.text:HwiP_Params_init)
                  010107de    00000002     --HOLE-- [fill = 0]
                  010107e0    00000010     drivers_cc32xx.aem4 : I2C.oem4 (.text:I2C_Params_init)
                  010107f0    00000010     simplelink.a : cc_pal.obj (.text:SemaphoreP_delete_handle)
                  01010800    00000010                  : cc_pal.obj (.text:SemaphoreP_post_handle)
                  01010810    00000010                  : driver.obj (.text:_SlDrvDispatchHttpServerEvents)
                  01010820    00000010                  : driver.obj (.text:_SlDrvDispatchNetAppRequestEvents)
                  01010830    00000010                  : driver.obj (.text:_SlDrvIsSpawnOwnGlobalLock)
                  01010840    00000010     CC3220SF_LAUNCHXL.obj (.text:dmaErrorFxn)
                  01010850    00000010     temperature.obj (.text:postSem)
                  01010860    00000010     sysbios.aem4 : BIOS.obj (.text:pthread_mutexattr_init)
                  01010870    00000010                  : BIOS.obj (.text:pthread_mutexattr_settype)
                  01010880    00000010     drivers_cc32xx.aem4 : UARTCC32XX.oem4 (.text:readBlockingTimeout)
                  01010890    00000010     sysbios.aem4 : BIOS.obj (.text:ti_sysbios_BIOS_getCpuFreq__E)
                  010108a0    00000010                  : BIOS.obj (.text:ti_sysbios_BIOS_setThreadType__E)
                  010108b0    00000010                  : BIOS.obj (.text:ti_sysbios_BIOS_start__E)
                  010108c0    00000010                  : m3_TaskSupport_asm.obj (.text:ti_sysbios_family_arm_m3_TaskSupport_glue)
                  010108d0    00000010                  : m3_TaskSupport_asm.obj (.text:ti_sysbios_family_arm_m3_TaskSupport_swap__E)
                  010108e0    00000010                  : BIOS.obj (.text:ti_sysbios_gates_GateMutex_Instance_finalize__E)
                  010108f0    00000010     release_pem4.oem4 (.text:ti_sysbios_knl_Mailbox_Object__get__S)
                  01010900    00000010     sysbios.aem4 : BIOS.obj (.text:ti_sysbios_knl_Semaphore_Instance_finalize__E)
                  01010910    00000010                  : BIOS.obj (.text:ti_sysbios_knl_Swi_disable__E)
                  01010920    00000010     release_pem4.oem4 (.text:ti_sysbios_knl_Task_Object__get__S)
                  01010930    00000010     sysbios.aem4 : BIOS.obj (.text:ti_sysbios_knl_Task_disable__E)
                  01010940    00000010                  : BIOS.obj (.text:xdc_runtime_Memory_free__E)
                  01010950    00000010                  : BIOS.obj (.text:xdc_runtime_SysCallback_abort__E)
                  01010960    00000010                  : BIOS.obj (.text:xdc_runtime_SysCallback_exit__E)
                  01010970    0000000e     simplelink.a : cc_pal.obj (.text:MutexP_delete_handle)
                  0101097e    0000000e                  : cc_pal.obj (.text:Mutex_lock)
                  0101098c    0000000e                  : cc_pal.obj (.text:Mutex_unlock)
                  0101099a    0000000e                  : driver.obj (.text:_SlDrvResetCmdExt)
                  010109a8    0000000e     rtsv7M4_T_le_eabi.lib : copy_decompress_none.c.obj (.text:decompress:none:__TI_decompress_none)
                  010109b6    0000000e     drivers_cc32xx.aem4 : SPICC32XXDMA.oem4 (.text:postNotifyFxn)
                  010109c4    00000004     --HOLE-- [fill = 0]
                  010109c8    0000000e     sysbios.aem4 : BIOS.obj (.text:pthread_attr_setdetachstate)
                  010109d6    00000002     --HOLE-- [fill = 0]
                  010109d8    0000000e                  : BIOS.obj (.text:sem_wait)
                  010109e6    0000000e     simplelink.a : cc_pal.obj (.text:spi_Close)
                  010109f4    00000004     --HOLE-- [fill = 0]
                  010109f8    0000000e     sysbios.aem4 : BIOS.obj (.text:ti_sysbios_knl_Idle_loop__E)
                  01010a06    00000002     --HOLE-- [fill = 0]
                  01010a08    0000000e                  : BIOS.obj (.text:ti_sysbios_knl_Queue_empty__E)
                  01010a16    0000000c     CC3220SF_LAUNCHXL.obj (.text:CC3220SF_LAUNCHXL_initGeneral)
                  01010a22    0000000c     dpl_cc32xx.aem4 : ClockP_tirtos.oem4 (.text:ClockP_delete)
                  01010a2e    0000000c                     : HwiP_tirtos.oem4 (.text:HwiP_delete)
                  01010a3a    00000002     --HOLE-- [fill = 0]
                  01010a3c    0000000c     simplelink.a : cc_pal.obj (.text:NwpMaskInterrupt)
                  01010a48    0000000c                  : cc_pal.obj (.text:NwpUnMaskInterrupt)
                  01010a54    0000000c     drivers_cc32xx.aem4 : PowerCC32XX.oem4 (.text:Power_getConstraintMask)
                  01010a60    0000000c     dpl_cc32xx.aem4 : SemaphoreP_tirtos.oem4 (.text:SemaphoreP_delete)
                  01010a6c    0000000c     simplelink.a : device.obj (.text:_SlDeviceResetRequestInitCompletedCB)
                  01010a78    0000000c     rtsv7M4_T_le_eabi.lib : _lock.c.obj (.text:_register_lock)
                  01010a84    0000000c                           : _lock.c.obj (.text:_register_unlock)
                  01010a90    0000000c                           : copy_zero_init.c.obj (.text:decompress:ZI:__TI_zero_init)
                  01010a9c    0000000c     drivers_cc32xx.aem4 : I2CCC32XX.oem4 (.text:postNotify)
                  01010aa8    0000000c                         : UARTCC32XX.oem4 (.text:postNotifyFxn)
                  01010ab4    00000004     --HOLE-- [fill = 0]
                  01010ab8    0000000c     sysbios.aem4 : BIOS.obj (.text:pthread_self)
                  01010ac4    0000000c     release_pem4.oem4 (.text:ti_sysbios_family_arm_m3_Hwi_Params__init__S)
                  01010ad0    0000000c     sysbios.aem4 : BIOS.obj (.text:ti_sysbios_family_arm_m3_Hwi_disableFxn__E)
                  01010adc    00000004     --HOLE-- [fill = 0]
                  01010ae0    0000000c                  : BIOS.obj (.text:ti_sysbios_family_arm_m3_TaskSupport_getStackAlignment__E)
                  01010aec    00000004     --HOLE-- [fill = 0]
                  01010af0    0000000c                  : BIOS.obj (.text:ti_sysbios_gates_GateHwi_enter__E)
                  01010afc    0000000c     release_pem4.oem4 (.text:ti_sysbios_knl_Clock_Params__init__S)
                  01010b08    0000000c     sysbios.aem4 : BIOS.obj (.text:ti_sysbios_knl_Clock_getTicks__E)
                  01010b14    00000004     --HOLE-- [fill = 0]
                  01010b18    0000000c                  : BIOS.obj (.text:ti_sysbios_knl_Clock_setTicks__E)
                  01010b24    00000004     --HOLE-- [fill = 0]
                  01010b28    0000000c                  : BIOS.obj (.text:ti_sysbios_knl_Clock_tickStart__E)
                  01010b34    00000004     --HOLE-- [fill = 0]
                  01010b38    0000000c                  : BIOS.obj (.text:ti_sysbios_knl_Clock_tickStop__E)
                  01010b44    0000000c     release_pem4.oem4 (.text:ti_sysbios_knl_Queue_Object__get__S)
                  01010b50    0000000c     release_pem4.oem4 (.text:ti_sysbios_knl_Semaphore_Params__init__S)
                  01010b5c    0000000c     release_pem4.oem4 (.text:ti_sysbios_knl_Task_Params__init__S)
                  01010b68    0000000c     sysbios.aem4 : BIOS.obj (.text:ti_sysbios_knl_Task_self__E)
                  01010b74    00000004     --HOLE-- [fill = 0]
                  01010b78    0000000c                  : BIOS.obj (.text:ti_sysbios_rts_ti_ReentSupport_taskRegHook__I)
                  01010b84    0000000c     driverlib.a : udma.obj (.text:uDMAErrorStatusClear)
                  01010b90    0000000c                 : udma.obj (.text:uDMAErrorStatusGet)
                  01010b9c    00000004     --HOLE-- [fill = 0]
                  01010ba0    0000000c     sysbios.aem4 : BIOS.obj (.text:xdc_runtime_Startup_rtsDone__E)
                  01010bac    0000000a     dpl_cc32xx.aem4 : ClockP_tirtos.oem4 (.text:ClockP_Params_init)
                  01010bb6    0000000a     drivers_cc32xx.aem4 : I2C.oem4 (.text:I2C_transfer)
                  01010bc0    0000000a                         : SPI.oem4 (.text:SPI_close)
                  01010bca    0000000a                         : SPI.oem4 (.text:SPI_transfer)
                  01010bd4    0000000a     httpserver.obj (.text:SimpleLinkNetAppRequestMemFreeEventHandler)
                  01010bde    0000000a     drivers_cc32xx.aem4 : UART.oem4 (.text:UART_control)
                  01010be8    0000000a                         : UART.oem4 (.text:UART_writePolling)
                  01010bf2    0000000a     rtsv7M4_T_le_eabi.lib : sprintf.c.obj (.text:_outc)
                  01010bfc    0000000a     temperature.obj (.text:clearAlert)
                  01010c06    00000002     --HOLE-- [fill = 0]
                  01010c08    0000000a     sysbios.aem4 : BIOS.obj (.text:sem_post)
                  01010c12    0000000a     temperature.obj (.text:sendAlert)
                  01010c1c    0000000a     simplelink.a : device.obj (.text:sl_Task)
                  01010c26    0000000a     release_pem4.oem4 (.text:xdc_runtime_IHeap_alloc)
                  01010c30    0000000a     release_pem4.oem4 (.text:xdc_runtime_IHeap_free)
                  01010c3a    00000008     drivers_cc32xx.aem4 : I2CCC32XX.oem4 (.text:I2CCC32XX_blockingCallback)
                  01010c42    00000008     dpl_cc32xx.aem4 : SemaphoreP_tirtos.oem4 (.text:SemaphoreP_Params_init)
                  01010c4a    00000008     simplelink.a : cc_pal.obj (.text:TimerGetCurrentTimestamp)
                  01010c52    00000008     drivers_cc32xx.aem4 : SPICC32XXDMA.oem4 (.text:blockingTransferCallback)
                  01010c5a    00000008     rtsv7M4_T_le_eabi.lib : s_copysign.c.obj (.text:copysign)
                  01010c62    00000006     --HOLE-- [fill = 0]
                  01010c68    00000008     sysbios.aem4 : BIOS.obj (.text:pthread_attr_setstacksize)
                  01010c70    00000008                  : BIOS.obj (.text:pthread_mutex_lock)
                  01010c78    00000008     drivers_cc32xx.aem4 : UARTCC32XX.oem4 (.text:readSemCallback)
                  01010c80    00000008     sysbios.aem4 : BIOS.obj (.text:ti_sysbios_family_arm_m3_Hwi_doSwiRestore__I)
                  01010c88    00000008                  : BIOS.obj (.text:ti_sysbios_family_arm_m3_Hwi_startup__E)
                  01010c90    00000008     drivers_cc32xx.aem4 : UARTCC32XX.oem4 (.text:writeSemCallback)
                  01010c98    00000006     sysbios.aem4 : BIOS.obj (.text:ti_sysbios_family_arm_m3_Hwi_doTaskRestore__I)
                  01010c9e    00000002     --HOLE-- [fill = 0]
                  01010ca0    00000006                  : BIOS.obj (.text:ti_sysbios_family_arm_m3_Hwi_restoreFxn__E)
                  01010ca6    00000002     --HOLE-- [fill = 0]
                  01010ca8    00000006                  : BIOS.obj (.text:ti_sysbios_gates_GateHwi_leave__E)
                  01010cae    00000002     --HOLE-- [fill = 0]
                  01010cb0    00000006                  : BIOS.obj (.text:ti_sysbios_heaps_HeapMem_isBlocking__E)
                  01010cb6    00000002     --HOLE-- [fill = 0]
                  01010cb8    00000006                  : BIOS.obj (.text:ti_sysbios_knl_Clock_stop__E)
                  01010cbe    00000002     --HOLE-- [fill = 0]
                  01010cc0    00000006                  : BIOS.obj (.text:ti_sysbios_knl_Queue_Instance_init__E)
                  01010cc6    00000002     --HOLE-- [fill = 0]
                  01010cc8    00000006                  : BIOS.obj (.text:ti_sysbios_knl_Swi_startup__E)
                  01010cce    00000002     --HOLE-- [fill = 0]
                  01010cd0    00000006                  : BIOS.obj (.text:xdc_runtime_System_Module_startup__E)
                  01010cd6    00000002     --HOLE-- [fill = 0]
                  01010cd8    00000004                  : BIOS.obj (.text:__aeabi_errno_addr)
                  01010cdc    00000004     --HOLE-- [fill = 0]
                  01010ce0    00000004                  : BIOS.obj (.text:ti_sysbios_family_arm_m3_Timer_getMaxTicks__E)
                  01010ce4    00000004     --HOLE-- [fill = 0]
                  01010ce8    00000004                  : BIOS.obj (.text:ti_sysbios_gates_GateHwi_query__E)
                  01010cec    00000004     --HOLE-- [fill = 0]
                  01010cf0    00000004                  : BIOS.obj (.text:ti_sysbios_gates_GateMutex_query__E)
                  01010cf4    00000004     --HOLE-- [fill = 0]
                  01010cf8    00000004                  : BIOS.obj (.text:ti_sysbios_knl_Clock_setTimeout__E)
                  01010cfc    00000004     --HOLE-- [fill = 0]
                  01010d00    00000004                  : BIOS.obj (.text:ti_sysbios_knl_Task_startup__E)
                  01010d04    00000004     --HOLE-- [fill = 0]
                  01010d08    00000002                  : BIOS.obj (.text:ti_sysbios_BIOS_linkedWithIncorrectBootLibrary__E)
                  01010d0a    00000006     --HOLE-- [fill = 0]
                  01010d10    00000002                  : BIOS.obj (.text:ti_sysbios_gates_GateHwi_Instance_init__E)
                  01010d12    00000006     --HOLE-- [fill = 0]
                  01010d18    00000002                  : BIOS.obj (.text:ti_sysbios_knl_Clock_logTick__E)
                  01010d1a    00000006     --HOLE-- [fill = 0]
                  01010d20    00000002                  : BIOS.obj (.text:xdc_runtime_SysCallback_defaultAbort)
                  01010d22    00000006     --HOLE-- [fill = 0]
                  01010d28    00000002                  : BIOS.obj (.text:xdc_runtime_SysCallback_defaultExit)
                  01010d2a    00000006     --HOLE-- [fill = 0]
                  01010d30    00000002                  : BIOS.obj (.text:xdc_runtime_System_abortSpin__E)
                  01010d32    00000006     --HOLE-- [fill = 0]
                  01010d38    00000002                  : BIOS.obj (.text:xdc_runtime_System_exitSpin__E)

.const     0    01010d3c    00000fad     
                  01010d3c    00000352     httpserver.obj (.const:.string)
                  0101108e    00000101     rtsv7M4_T_le_eabi.lib : ctype.c.obj (.const:.string:_ctypes_)
                  0101118f    00000001     release_pem4.oem4 (.const:ti_sysbios_knl_Clock_tickMode__C)
                  01011190    00000100     driverlib.a : pin.obj (.const:g_ulPinToPadMap)
                  01011290    000000a8                 : prcm.obj (.const:PRCM_PeriphRegsList)
                  01011338    00000078     CC3220SF_LAUNCHXL.obj (.const:spiCC3220SDMAHWAttrs)
                  010113b0    00000070     simplelink.a : driver.obj (.const:OpcodeTranslateTable)
                  01011420    00000058                  : driver.obj (.const:_SlActionLookupTable)
                  01011478    00000048     release_pem4.oem4 (.const:.string)
                  010114c0    00000048     CC3220SF_LAUNCHXL.obj (.const:uartCC3220SHWAttrs)
                  01011508    00000040     CC3220SF_LAUNCHXL.obj (.const:PowerCC32XX_config)
                  01011548    0000003c     release_pem4.oem4 (.const:ti_sysbios_knl_Task_Object__PARAMS__C)
                  01011584    00000034     release_pem4.oem4 (.const:ti_sysbios_knl_Mailbox_Object__PARAMS__C)
                  010115b8    00000030     release_pem4.oem4 (.const:ti_sysbios_family_arm_m3_Hwi_Object__PARAMS__C)
                  010115e8    00000028     httpserver.obj (.const:.string:pageNotFound)
                  01011610    00000028     drivers_cc32xx.aem4 : UARTCC32XX.oem4 (.const:UARTCC32XX_fxnTable)
                  01011638    00000028     release_pem4.oem4 (.const:ti_sysbios_heaps_HeapMem_Module__FXNS__C)
                  01011660    00000024     drivers_cc32xx.aem4 : UART.oem4 (.const:UART_defaultParams)
                  01011684    00000024     release_pem4.oem4 (.const:ti_sysbios_gates_GateHwi_Module__FXNS__C)
                  010116a8    00000024     release_pem4.oem4 (.const:ti_sysbios_gates_GateMutex_Module__FXNS__C)
                  010116cc    00000024     release_pem4.oem4 (.const:ti_sysbios_heaps_HeapMem_Object__PARAMS__C)
                  010116f0    00000024     release_pem4.oem4 (.const:ti_sysbios_knl_Clock_Object__PARAMS__C)
                  01011714    00000024     release_pem4.oem4 (.const:ti_sysbios_knl_Semaphore_Object__PARAMS__C)
                  01011738    00000022     httpserver.obj (.const:.string:$P$T0$1)
                  0101175a    00000021     drivers_cc32xx.aem4 : GPIOCC32XX.oem4 (.const:.string:pinTable)
                  0101177b    00000001     release_pem4.oem4 (.const:ti_sysbios_knl_Clock_tickSource__C)
                  0101177c    00000020     simplelink.a : driver.obj (.const:RxMsgClassLUT)
                  0101179c    00000020     drivers_cc32xx.aem4 : SPI.oem4 (.const:SPI_defaultParams)
                  010117bc    00000020     simplelink.a : device.obj (.const:StartResponseLUT)
                  010117dc    00000020     drivers_cc32xx.aem4 : UARTCC32XX.oem4 (.const:staticFxnTable)
                  010117fc    00000020     release_pem4.oem4 (.const:ti_sysbios_family_arm_m3_Hwi_Object__DESC__C)
                  0101181c    00000020     release_pem4.oem4 (.const:ti_sysbios_gates_GateHwi_Object__DESC__C)
                  0101183c    00000020     release_pem4.oem4 (.const:ti_sysbios_gates_GateMutex_Object__DESC__C)
                  0101185c    00000020     release_pem4.oem4 (.const:ti_sysbios_heaps_HeapMem_Object__DESC__C)
                  0101187c    00000020     release_pem4.oem4 (.const:ti_sysbios_knl_Clock_Object__DESC__C)
                  0101189c    00000020     release_pem4.oem4 (.const:ti_sysbios_knl_Mailbox_Object__DESC__C)
                  010118bc    00000020     release_pem4.oem4 (.const:ti_sysbios_knl_Queue_Object__DESC__C)
                  010118dc    00000020     release_pem4.oem4 (.const:ti_sysbios_knl_Semaphore_Object__DESC__C)
                  010118fc    00000020     release_pem4.oem4 (.const:ti_sysbios_knl_Task_Object__DESC__C)
                  0101191c    00000020     release_pem4.oem4 (.const:xdc_runtime_Startup_sfxnTab__A)
                  0101193c    00000018     drivers_cc32xx.aem4 : I2CCC32XX.oem4 (.const:I2CCC32XX_fxnTable)
                  01011954    00000018                         : SPICC32XXDMA.oem4 (.const:SPICC32XXDMA_fxnTable)
                  0101196c    00000018     CC3220SF_LAUNCHXL.obj (.const:SPI_config)
                  01011984    00000018     CC3220SF_LAUNCHXL.obj (.const:UART_config)
                  0101199c    00000018     release_pem4.oem4 (.const:ti_sysbios_gates_GateHwi_Object__PARAMS__C)
                  010119b4    00000018     release_pem4.oem4 (.const:ti_sysbios_gates_GateMutex_Object__PARAMS__C)
                  010119cc    00000018     release_pem4.oem4 (.const:ti_sysbios_knl_Queue_Object__PARAMS__C)
                  010119e4    00000018     release_pem4.oem4 (.const:ti_sysbios_knl_Task_hooks__A)
                  010119fc    00000014     simplelink.a : cc_pal.obj (.const:$P$T0$1)
                  01011a10    00000014                  : device.obj (.const:$P$T0$1)
                  01011a24    00000014                  : driver.obj (.const:$P$T0$1)
                  01011a38    00000014                  : cc_pal.obj (.const:$P$T1$2)
                  01011a4c    00000014                  : driver.obj (.const:$P$T2$3)
                  01011a60    00000014     CC3220SF_LAUNCHXL.obj (.const:GPIOCC32XX_config)
                  01011a74    00000014     drivers_cc32xx.aem4 : GPIOCC32XX.oem4 (.const:gpioBaseAddresses)
                  01011a88    00000014                         : UARTCC32XX.oem4 (.const:parityType)
                  01011a9c    00000014                         : GPIOCC32XX.oem4 (.const:powerResources)
                  01011ab0    00000010                         : I2C.oem4 (.const:I2C_defaultParams)
                  01011ac0    00000010                         : UARTCC32XX.oem4 (.const:dataLength)
                  01011ad0    00000010     CC3220SF_LAUNCHXL.obj (.const:i2cCC3220SHWAttrs)
                  01011ae0    00000010     release_pem4.oem4 (.const:xdc_runtime_Startup_sfxnRts__A)
                  01011af0    0000000d     CC3220SF_LAUNCHXL.obj (.const)
                  01011afd    00000001     release_pem4.oem4 (.const:xdc_runtime_Error_policy__C)
                  01011afe    00000002     release_pem4.oem4 (.const:ti_sysbios_family_arm_m3_Hwi_Module__id__C)
                  01011b00    0000000c     CC3220SF_LAUNCHXL.obj (.const:I2C_config)
                  01011b0c    0000000c     drivers_cc32xx.aem4 : SPICC32XXDMA.oem4 (.const:dmaNullConfig)
                  01011b18    0000000c                         : SPICC32XXDMA.oem4 (.const:dmaRxConfig)
                  01011b24    0000000c                         : SPICC32XXDMA.oem4 (.const:dmaTxConfig)
                  01011b30    0000000c     CC3220SF_LAUNCHXL.obj (.const:udmaCC3220SHWAttrs)
                  01011b3c    0000000c     release_pem4.oem4 (.const:xdc_runtime_Startup_firstFxns__A)
                  01011b48    00000008     CC3220SF_LAUNCHXL.obj (.const:UDMACC32XX_config)
                  01011b50    00000008     drivers_cc32xx.aem4 : I2CCC32XX.oem4 (.const:bitRate)
                  01011b58    00000008     simplelink.a : driver.obj (.const:g_H2NCnysPattern)
                  01011b60    00000008                  : driver.obj (.const:g_H2NSyncPattern)
                  01011b68    00000008     drivers_cc32xx.aem4 : SPICC32XXDMA.oem4 (.const:mode)
                  01011b70    00000008                         : GPIOCC32XX.oem4 (.const:outPinTypes)
                  01011b78    00000008     release_pem4.oem4 (.const)
                  01011b80    00000008     drivers_cc32xx.aem4 : UARTCC32XX.oem4 (.const:stopBits)
                  01011b88    00000008     release_pem4.oem4 (.const:ti_sysbios_knl_Idle_funcList__A)
                  01011b90    00000008     release_pem4.oem4 (.const:ti_sysbios_knl_Idle_funcList__C)
                  01011b98    00000008     release_pem4.oem4 (.const:ti_sysbios_knl_Task_hooks__C)
                  01011ba0    00000008     release_pem4.oem4 (.const:xdc_runtime_Startup_firstFxns__C)
                  01011ba8    00000008     release_pem4.oem4 (.const:xdc_runtime_Startup_lastFxns__C)
                  01011bb0    00000006     drivers_cc32xx.aem4 : GPIOCC32XX.oem4 (.const:.string:interruptType)
                  01011bb6    00000006                         : GPIOCC32XX.oem4 (.const:inPinTypes)
                  01011bbc    00000006                         : GPIOCC32XX.oem4 (.const:outPinStrengths)
                  01011bc2    00000004                         : GPIOCC32XX.oem4 (.const:.string:portInterruptIds)
                  01011bc6    00000004     simplelink.a : netapp.obj (.const:_SlNetAppSendCmdCtrl)
                  01011bca    00000004                  : netapp.obj (.const:_SlNetAppSendResponseCmdCtrl)
                  01011bce    00000004                  : netapp.obj (.const:_SlNetAppSendTokenValueCmdCtrl)
[...]
01010c89  ti_sysbios_family_arm_m3_Hwi_startup__E                         
01010c89  ti_sysbios_hal_Hwi_HwiProxy_startup__E                          
01010c89  ti_sysbios_hal_Hwi_startup__E                                   
01010c99  ti_sysbios_family_arm_m3_Hwi_doTaskRestore__I                   
01010ca1  HwiP_restore                                                    
01010ca1  ti_sysbios_family_arm_m3_Hwi_restoreFxn__E                      
01010ca1  ti_sysbios_hal_Hwi_HwiProxy_restore__E                          
01010ca9  ti_sysbios_gates_GateHwi_leave__E                               
01010cb1  ti_sysbios_heaps_HeapMem_isBlocking__E                          
01010cb9  ti_sysbios_knl_Clock_stop__E                                    
01010cc1  ti_sysbios_knl_Queue_Instance_init__E                           
01010cc9  ti_sysbios_knl_Swi_startup__E                                   
01010cd1  xdc_runtime_System_Module_startup__E                            
01010cd9  __aeabi_errno_addr                                              
01010ce1  ti_sysbios_family_arm_m3_Timer_getMaxTicks__E                   
01010ce9  ti_sysbios_gates_GateHwi_query__E                               
01010ce9  xdc_runtime_Main_Module_GateProxy_query__E                      
01010ce9  xdc_runtime_System_Module_GateProxy_query__E                    
01010cf1  ti_sysbios_BIOS_RtsGateProxy_query__E                           
01010cf1  ti_sysbios_gates_GateMutex_query__E                             
01010cf1  ti_sysbios_heaps_HeapMem_Module_GateProxy_query__E              
01010cf9  ti_sysbios_knl_Clock_setTimeout__E                              
01010d01  ti_sysbios_knl_Task_startup__E                                  
01010d09  ti_sysbios_BIOS_linkedWithIncorrectBootLibrary__E               
01010d11  ti_sysbios_gates_GateHwi_Instance_init__E                       
01010d19  ti_sysbios_knl_Clock_logTick__E                                 
01010d21  xdc_runtime_SysCallback_defaultAbort                            
01010d29  xdc_runtime_SysCallback_defaultExit                             
01010d31  xdc_runtime_System_abortSpin__E                                 
01010d39  xdc_runtime_System_exitSpin__E                                  
0101108e  _ctypes_                                                        
0101118f  ti_sysbios_knl_Clock_tickMode__C                                
01011338  spiCC3220SDMAHWAttrs                                            
010113b0  OpcodeTranslateTable                                            
01011420  _SlActionLookupTable                                            
010114c0  uartCC3220SHWAttrs                                              
01011508  PowerCC32XX_config                                              
01011548  ti_sysbios_knl_Task_Object__PARAMS__C                           
01011584  ti_sysbios_knl_Mailbox_Object__PARAMS__C                        
010115b8  ti_sysbios_family_arm_m3_Hwi_Object__PARAMS__C                  
010115e8  pageNotFound                                                    
01011610  UARTCC32XX_fxnTable                                             
01011638  ti_sysbios_heaps_HeapMem_Module__FXNS__C                        
01011660  UART_defaultParams                                              
01011684  ti_sysbios_gates_GateHwi_Module__FXNS__C                        
010116a8  ti_sysbios_gates_GateMutex_Module__FXNS__C                      
010116cc  ti_sysbios_heaps_HeapMem_Object__PARAMS__C                      
010116f0  ti_sysbios_knl_Clock_Object__PARAMS__C                          
01011714  ti_sysbios_knl_Semaphore_Object__PARAMS__C                      
0101177b  ti_sysbios_knl_Clock_tickSource__C                              
0101179c  SPI_defaultParams                                               
010117fc  ti_sysbios_family_arm_m3_Hwi_Object__DESC__C                    
0101181c  ti_sysbios_gates_GateHwi_Object__DESC__C                        
0101183c  ti_sysbios_gates_GateMutex_Object__DESC__C                      
0101185c  ti_sysbios_heaps_HeapMem_Object__DESC__C                        
0101187c  ti_sysbios_knl_Clock_Object__DESC__C                            
0101189c  ti_sysbios_knl_Mailbox_Object__DESC__C                          
010118bc  ti_sysbios_knl_Queue_Object__DESC__C                            
010118dc  ti_sysbios_knl_Semaphore_Object__DESC__C                        
010118fc  ti_sysbios_knl_Task_Object__DESC__C                             
0101191c  xdc_runtime_Startup_sfxnTab__A                                  
0101193c  I2CCC32XX_fxnTable                                              
01011954  SPICC32XXDMA_fxnTable                                           
0101196c  SPI_config                                                      
01011984  UART_config                                                     
0101199c  ti_sysbios_gates_GateHwi_Object__PARAMS__C                      
010119b4  ti_sysbios_gates_GateMutex_Object__PARAMS__C                    
010119cc  ti_sysbios_knl_Queue_Object__PARAMS__C                          
010119e4  ti_sysbios_knl_Task_hooks__A                                    
01011a60  GPIOCC32XX_config                                               
01011ab0  I2C_defaultParams                                               
01011ad0  i2cCC3220SHWAttrs                                               
01011ae0  xdc_runtime_Startup_sfxnRts__A                                  
01011af0  ADC_count                                                       
01011af1  Capture_count                                                   
01011af2  CryptoCC32XX_count                                              
01011af3  Display_count                                                   
01011af4  I2C_count                                                       
01011af5  I2S_count                                                       
01011af6  PWM_count                                                       
01011af7  SDFatFS_count                                                   
01011af8  SD_count                                                        
01011af9  SPI_count                                                       
01011afa  Timer_count                                                     
01011afb  UART_count                                                      
01011afc  Watchdog_count                                                  
01011afd  xdc_runtime_Error_policy__C                                     
01011afe  ti_sysbios_family_arm_m3_Hwi_Module__id__C                      
01011b00  I2C_config                                                      
01011b30  udmaCC3220SHWAttrs                                              
01011b3c  xdc_runtime_Startup_firstFxns__A                                
01011b48  UDMACC32XX_config                                               
01011b70  outPinTypes                                                     
01011b78  heap0                                                           
01011b7c  tiposix_mqGate                                                  
01011b88  ti_sysbios_knl_Idle_funcList__A                                 
01011b90  ti_sysbios_knl_Idle_funcList__C                                 
01011b98  ti_sysbios_knl_Task_hooks__C                                    
01011ba0  xdc_runtime_Startup_firstFxns__C                                
01011ba8  xdc_runtime_Startup_lastFxns__C                                 
01011bb6  inPinTypes                                                      
01011bbc  outPinStrengths                                                 
01011bc6  _SlNetAppSendCmdCtrl                                            
01011bca  _SlNetAppSendResponseCmdCtrl                                    
01011bce  _SlNetAppSendTokenValueCmdCtrl                                  
01011bfe  ti_sysbios_family_arm_m3_Timer_Module__id__C                    
01011c00  ti_sysbios_family_arm_m3_Hwi_E_alreadyDefined__C                
01011c04  ti_sysbios_family_arm_m3_Hwi_NUM_INTERRUPTS__C                  
01011c08  ti_sysbios_family_arm_m3_Hwi_Object__count__C                   
01011c0c  ti_sysbios_family_arm_m3_Hwi_ccr__C                             
01011c10  ti_sysbios_family_arm_m3_Hwi_excHandlerFunc__C                  
01011c14  ti_sysbios_family_arm_m3_Hwi_nullIsrFunc__C                     
01011c18  ti_sysbios_family_arm_m3_Hwi_priGroup__C                        
01011c1c  ti_sysbios_family_arm_m3_Hwi_swiDisable__C                      
01011c20  ti_sysbios_family_arm_m3_Hwi_swiRestoreHwi__C                   
01011c24  ti_sysbios_family_arm_m3_TaskSupport_stackAlignment__C          
01011c28  ti_sysbios_family_arm_m3_Timer_E_cannotSupport__C               
01011c2c  ti_sysbios_family_arm_m3_Timer_startupNeeded__C                 
01011c30  ti_sysbios_gates_GateMutex_Instance_State_sem__O                
01011c34  ti_sysbios_heaps_HeapMem_E_memory__C                            
01011c38  ti_sysbios_heaps_HeapMem_Module__gateObj__C                     
01011c3c  ti_sysbios_heaps_HeapMem_Object__count__C                       
01011c40  ti_sysbios_heaps_HeapMem_primaryHeapBaseAddr__C                 
01011c44  ti_sysbios_heaps_HeapMem_primaryHeapEndAddr__C                  
01011c48  ti_sysbios_heaps_HeapMem_reqAlign__C                            
01011c4c  ti_sysbios_knl_Clock_Module_State_clockQ__O                     
01011c50  ti_sysbios_knl_Clock_tickPeriod__C                              
01011c54  ti_sysbios_knl_Mailbox_Instance_State_dataQue__O                
01011c58  ti_sysbios_knl_Mailbox_Instance_State_dataSem__O                
01011c5c  ti_sysbios_knl_Mailbox_Instance_State_freeQue__O                
01011c60  ti_sysbios_knl_Mailbox_Instance_State_freeSem__O                
01011c64  ti_sysbios_knl_Mailbox_Object__count__C                         
01011c68  ti_sysbios_knl_Mailbox_maxTypeAlign__C                          
01011c6c  ti_sysbios_knl_Semaphore_Instance_State_pendQ__O                
01011c70  ti_sysbios_knl_Swi_Object__count__C                             
01011c74  ti_sysbios_knl_Task_Module_State_inactiveQ__O                   
01011c78  ti_sysbios_knl_Task_Object__count__C                            
01011c7c  ti_sysbios_knl_Task_Object__heap__C                             
01011c80  ti_sysbios_knl_Task_allBlockedFunc__C                           
01011c84  ti_sysbios_knl_Task_defaultStackHeap__C                         
01011c88  ti_sysbios_knl_Task_defaultStackSize__C                         
01011c8c  ti_sysbios_knl_Task_numConstructedTasks__C                      
01011c90  xdc_runtime_Error_E_memory__C                                   
01011c94  xdc_runtime_Error_policyFxn__C                                  
01011c98  xdc_runtime_IGateProvider_Interface__BASE__C                    
01011c9c  xdc_runtime_IHeap_Interface__BASE__C                            
01011ca0  xdc_runtime_IModule_Interface__BASE__C                          
01011ca4  xdc_runtime_Memory_defaultHeapInstance__C                       
01011ca8  xdc_runtime_Startup_execImpl__C                                 
01011cac  xdc_runtime_Startup_maxPasses__C                                
01011cb0  xdc_runtime_Startup_sfxnRts__C                                  
01011cb4  xdc_runtime_Startup_sfxnTab__C                                  
01011cb8  xdc_runtime_SysCallback_abortFxn__C                             
01011cbc  xdc_runtime_SysCallback_exitFxn__C                              
01011cc0  xdc_runtime_System_Module__gateObj__C                           
01011cc4  xdc_runtime_System_abortFxn__C                                  
01011cc8  xdc_runtime_System_exitFxn__C                                   
01011ccc  xdc_runtime_System_maxAtexitHandlers__C                         
01011cd0  xdc_runtime_Text_charTab__C                                     
01011cd4  xdc_runtime_Text_nameEmpty__C                                   
01011cd8  xdc_runtime_Text_nameStatic__C                                  
01011cdc  xdc_runtime_Text_nameUnknown__C                                 
01011ce0  ti_sysbios_heaps_HeapMem_Module__id__C                          
01011ce2  xdc_runtime_Memory_Module__id__C                                
01011ce4  xdc_runtime_Text_charCnt__C                                     
01011ce6  xdc_runtime_Text_isLoaded__C                                    
01011ce8  xdc_runtime_Text_charTab__A                                     
01011cf0  __TI_static_base__                                              
010120a0  __TI_Handler_Table_Base                                         
010120ac  __TI_Handler_Table_Limit                                        
010120b8  __TI_CINIT_Base                                                 
010120c8  __TI_CINIT_Limit                                                
20000000  ti_sysbios_family_arm_m3_Hwi_ramVectors                         
20000310  __primary_heap_start__                                          
20008310  __primary_heap_end__                                            
20008400  gPayloadBuffer                                                  
20008954  g_CB                                                            
20008b58  spiCC3220SDMAObjects                                            
20009000  ti_sysbios_family_arm_m3_Hwi_dispatchTable                      
20009310  ti_sysbios_knl_Task_Instance_State_0_stack__A                   
20009510  PowerCC32XX_contextSave                                         
2000963c  uartCC3220SObjects                                              
20009744  gHttpGetBuffer                                                  
2000982c  gHttpPostBuffer                                                 
20009914  gMetadataBuffer                                                 
20009978  i2cCC3220SObjects                                               
200099c8  uartCC3220SRingBuffer                                           
20009a08  App_ControlBlock                                                
20009a38  GlobalLockObj                                                   
20009a64  temperatureMutex                                                
20009ab8  g_SlInternalSpawnCB                                             
20009ac8  DeviceCB                                                        
20009ad4  Msg                                                             
20009ae0  spiCC3220SDMAscratchBuf                                         
20009ae8  udmaCC3220SObject                                               
20009af4  ClockP_tickPeriod                                               
20009af8  httpserverMQueue                                                
20009afc  temperatureC                                                    
20009b00  temperatureF                                                    
20009b04  ti_sysbios_knl_Task_Instance_State_0_hookEnv__A                 
20009b09  RxIrqCnt                                                        
20009b0c  httpRequest                                                     
20009e00  PowerCC32XX_module                                              
20009f6c  g_ContentTypes                                                  
2000a068  parkInfo                                                        
2000a160  g_HeaderFields                                                  
2000a298  ti_sysbios_knl_Swi_Module_State_0_readyQ__A                     
2000a318  ti_sysbios_knl_Task_Module_State_0_readyQ__A                    
2000a398  ti_sysbios_gates_GateMutex_Object__table__V                     
2000a3ec  ti_sysbios_knl_Task_Object__table__V                            
2000a438  ti_sysbios_knl_Task_Module__state__V                            
2000a47c  ti_sysbios_family_arm_m3_Hwi_Module__state__V                   
2000a4b0  ti_sysbios_family_arm_m3_Timer_Object__table__V                 
2000a4e0  ti_sysbios_knl_Swi_Object__table__V                             
2000a510  ti_sysbios_knl_Clock_Module__state__V                           
2000a53c  g_LibsEvents                                                    
2000a560  g_UserEvents                                                    
2000a584  ti_sysbios_BIOS_Module__state__V                                
2000a5a8  gpioPinConfigs                                                  
2000a5c8  xdc_runtime_Error_IgnoreBlock                                   
2000a5e8  ti_sysbios_knl_Swi_Module__state__V                             
2000a604  ti_sysbios_family_arm_m3_Hwi_Object__table__V                   
2000a61c  ti_sysbios_heaps_HeapMem_Object__table__V                       
2000a634  gpioCallbackFunctions                                           
2000a644  gGlobalLockCntRequested                                         
2000a645  gGlobalLockCntReleased                                          
2000a646  g_SlDeviceStatus                                                
2000a648  g_IsGlobalLockObjInit                                           
2000a64c  g_pCB                                                           
2000a650  pPingCallBackFunc                                               
2000a654  ti_sysbios_family_arm_m3_Timer_Module__state__V                 
2000a66a  ti_sysbios_family_arm_m3_Hwi_Module_State_0_excActive__A        
2000a66c  _lock                                                           
2000a670  _unlock                                                         
2000a67c  ti_sysbios_family_arm_cc32xx_Seconds_Module__state__V           
2000a684  ti_sysbios_family_arm_m3_Hwi_Module__root__V                    
2000a68c  ti_sysbios_gates_GateHwi_Module__root__V                        
2000a694  ti_sysbios_gates_GateMutex_Module__root__V                      
2000a69c  ti_sysbios_heaps_HeapMem_Module__root__V                        
2000a6a4  ti_sysbios_knl_Clock_Module__root__V                            
2000a6ac  ti_sysbios_knl_Mailbox_Module__root__V                          
2000a6b4  ti_sysbios_knl_Queue_Module__root__V                            
2000a6bc  ti_sysbios_knl_Semaphore_Module__root__V                        
2000a6c4  ti_sysbios_knl_Task_Module__root__V                             
2000a6cc  xdc_runtime_Startup_Module__state__V                            
2000a6d4  xdc_runtime_System_Module_State_0_atexitHandlers__A             
2000a6dc  xdc_runtime_System_Module__state__V                             
2000a6e4  main_func_sp                                                    
2000a6ec  g_intHandle                                                     
2000a6f0  ti_sysbios_family_arm_m3_Hwi_Module_State_0_excContext__A       
2000a6f4  ti_sysbios_family_arm_m3_Hwi_Module_State_0_excStack__A         
2000a6f8  ti_sysbios_gates_GateHwi_Object__table__V                       
2000a6fc  ti_sysbios_knl_Task_Module_State_0_idleTask__A                  
2000a700  ti_sysbios_rts_ti_ReentSupport_Module__state__V                 
2000a704  xdc_runtime_Memory_Module__state__V                             
2003fc00  __stack                                                         
20040000  __STACK_END                                                     
e000e000  ti_sysbios_family_arm_m3_Hwi_nvic                               
ffffffff  __TI_pprof_out_hndl                                             
ffffffff  __TI_prof_data_size                                             
ffffffff  __TI_prof_data_start                                            
ffffffff  __binit__                                                       
ffffffff  __c_args__                                                      
ffffffff  binit                                                           
UNDEFED   SHT$$INIT_ARRAY$$Base                                           
UNDEFED   SHT$$INIT_ARRAY$$Limit                                          

[839 symbols]
